[0.449s] Invoking command in '/home/mg/linebot_ws/build/serial': CMAKE_PREFIX_PATH=${CMAKE_PREFIX_PATH}:/opt/ros/jazzy /usr/bin/cmake /home/mg/linebot_ws/src/serial -DAMENT_CMAKE_SYMLINK_INSTALL=1 -DCMAKE_INSTALL_PREFIX=/home/mg/linebot_ws/install/serial
[1.040s] -- The C compiler identification is GNU 13.3.0
[3.496s] -- The CXX compiler identification is GNU 13.3.0
[6.393s] -- Detecting C compiler ABI info
[7.831s] -- Detecting C compiler ABI info - done
[7.844s] -- Check for working C compiler: /usr/bin/cc - skipped
[7.844s] -- Detecting C compile features
[7.844s] -- Detecting C compile features - done
[8.381s] -- Detecting CXX compiler ABI info
[9.907s] -- Detecting CXX compiler ABI info - done
[9.919s] -- Check for working CXX compiler: /usr/bin/c++ - skipped
[9.920s] -- Detecting CXX compile features
[9.920s] -- Detecting CXX compile features - done
[9.928s] -- Found ament_cmake: 2.5.4 (/opt/ros/jazzy/share/ament_cmake/cmake)
[10.181s] -- Found Python3: /usr/bin/python3 (found version "3.12.3") found components: Interpreter 
[10.286s] -- Override CMake install command with custom implementation using symlinks instead of copying resources
[10.402s] -- Found ament_cmake_gtest: 2.5.4 (/opt/ros/jazzy/share/ament_cmake_gtest/cmake)
[10.426s] -- Found Boost: /usr/lib/x86_64-linux-gnu/cmake/Boost-1.83.0/BoostConfig.cmake (found version "1.83.0")  
[10.437s] -- Found gtest sources under '/opt/ros/jazzy/src/gtest_vendor': C++ tests using 'Google Test' will be built
[10.442s] -- Performing Test CMAKE_HAVE_LIBC_PTHREAD
[11.306s] -- Performing Test CMAKE_HAVE_LIBC_PTHREAD - Success
[11.307s] -- Found Threads: TRUE  
[11.468s] -- Configuring done (11.0s)
[11.504s] -- Generating done (0.0s)
[11.514s] -- Build files have been written to: /home/mg/linebot_ws/build/serial
[11.524s] Invoked command in '/home/mg/linebot_ws/build/serial' returned '0': CMAKE_PREFIX_PATH=${CMAKE_PREFIX_PATH}:/opt/ros/jazzy /usr/bin/cmake /home/mg/linebot_ws/src/serial -DAMENT_CMAKE_SYMLINK_INSTALL=1 -DCMAKE_INSTALL_PREFIX=/home/mg/linebot_ws/install/serial
[11.526s] Invoking command in '/home/mg/linebot_ws/build/serial': CMAKE_PREFIX_PATH=${CMAKE_PREFIX_PATH}:/opt/ros/jazzy /usr/bin/cmake --build /home/mg/linebot_ws/build/serial -- -j16 -l16
[11.637s] [ 21%] [32mBuilding CXX object CMakeFiles/serial.dir/src/impl/unix.cc.o[0m
[11.637s] [ 21%] [32mBuilding CXX object CMakeFiles/serial.dir/src/serial.cc.o[0m
[11.638s] [ 21%] [32mBuilding CXX object gtest/CMakeFiles/gtest.dir/src/gtest-all.cc.o[0m
[11.638s] [ 28%] [32mBuilding CXX object gtest/CMakeFiles/gtest_main.dir/src/gtest_main.cc.o[0m
[11.638s] [ 35%] [32mBuilding CXX object CMakeFiles/serial.dir/src/impl/list_ports/list_ports_linux.cc.o[0m
[12.583s] [ 42%] [32m[1mLinking CXX static library libserial.a[0m
[12.692s] [ 42%] Built target serial
[12.755s] [ 50%] [32mBuilding CXX object CMakeFiles/serial_example.dir/examples/serial_example.cc.o[0m
[13.388s] [ 57%] [32m[1mLinking CXX static library libgtest_main.a[0m
[13.449s] [ 64%] [32m[1mLinking CXX executable serial_example[0m
[13.482s] [ 64%] Built target gtest_main
[14.336s] [ 64%] Built target serial_example
[21.484s] [ 71%] [32m[1mLinking CXX static library libgtest.a[0m
[21.654s] [ 71%] Built target gtest
[21.707s] [ 78%] [32mBuilding CXX object tests/CMakeFiles/serial-test.dir/unix_serial_tests.cc.o[0m
[21.707s] [ 85%] [32mBuilding CXX object tests/CMakeFiles/serial-test-timer.dir/unit/unix_timer_tests.cc.o[0m
[22.968s] In file included from [01m[K/usr/include/boost/bind/detail/requires_cxx11.hpp:9[m[K,
[22.968s]                  from [01m[K/usr/include/boost/bind/bind.hpp:24[m[K,
[22.968s]                  from [01m[K/usr/include/boost/bind.hpp:29[m[K,
[22.968s]                  from [01m[K/home/mg/linebot_ws/src/serial/tests/unix_serial_tests.cc:23[m[K:
[22.968s] [01m[K/usr/include/boost/bind.hpp:36:1:[m[K [01;36m[Knote: [m[K‘[01m[K#pragma message: The practice of declaring the Bind placeholders (_1, _2, ...) in the global namespace is deprecated. Please use <boost/bind/bind.hpp> + using namespace boost::placeholders, or define BOOST_BIND_GLOBAL_PLACEHOLDERS to retain the current behavior.[m[K’
[22.968s]    36 | [01;36m[KBOOST_PRAGMA_MESSAGE[m[K(
[22.969s]       | [01;36m[K^~~~~~~~~~~~~~~~~~~~[m[K
[23.414s] [ 92%] [32m[1mLinking CXX executable serial-test-timer[0m
[23.581s] [100%] [32m[1mLinking CXX executable serial-test[0m
[24.528s] [100%] Built target serial-test-timer
[24.729s] [100%] Built target serial-test
