[0.441s] DEBUG:colcon:Command line arguments: ['/usr/bin/colcon', 'build', '--symlink-install']
[0.441s] DEBUG:colcon:Parsed command line arguments: Namespace(log_base=None, log_level=None, verb_name='build', build_base='build', install_base='install', merge_install=False, symlink_install=True, test_result_base=None, continue_on_error=False, executor='parallel', parallel_workers=16, event_handlers=None, ignore_user_meta=False, metas=['./colcon.meta'], base_paths=['.'], packages_ignore=None, packages_ignore_regex=None, paths=None, packages_up_to=None, packages_up_to_regex=None, packages_above=None, packages_above_and_dependencies=None, packages_above_depth=None, packages_select_by_dep=None, packages_skip_by_dep=None, packages_skip_up_to=None, packages_select_build_failed=False, packages_skip_build_finished=False, packages_select_test_failures=False, packages_skip_test_passed=False, packages_select=None, packages_skip=None, packages_select_regex=None, packages_skip_regex=None, packages_start=None, packages_end=None, allow_overriding=[], cmake_args=None, cmake_target=None, cmake_target_skip_unavailable=False, cmake_clean_cache=False, cmake_clean_first=False, cmake_force_configure=False, ament_cmake_args=None, catkin_cmake_args=None, catkin_skip_building_tests=False, mixin_files=None, mixin=None, verb_parser=<colcon_mixin.mixin.mixin_argument.MixinArgumentDecorator object at 0x797115a9d340>, verb_extension=<colcon_core.verb.build.BuildVerb object at 0x797115a9d070>, main=<bound method BuildVerb.main of <colcon_core.verb.build.BuildVerb object at 0x797115a9d070>>, mixin_verb=('build',))
[0.495s] Level 1:colcon.colcon_core.package_discovery:discover_packages(colcon_meta) check parameters
[0.495s] Level 1:colcon.colcon_core.package_discovery:discover_packages(recursive) check parameters
[0.495s] Level 1:colcon.colcon_core.package_discovery:discover_packages(ignore) check parameters
[0.495s] Level 1:colcon.colcon_core.package_discovery:discover_packages(path) check parameters
[0.495s] Level 1:colcon.colcon_core.package_discovery:discover_packages(colcon_meta) discover
[0.495s] Level 1:colcon.colcon_core.package_discovery:discover_packages(recursive) discover
[0.495s] INFO:colcon.colcon_core.package_discovery:Crawling recursively for packages in '/home/mg/linebot_ws'
[0.495s] Level 1:colcon.colcon_core.package_identification:_identify(.) by extensions ['ignore', 'ignore_ament_install']
[0.496s] Level 1:colcon.colcon_core.package_identification:_identify(.) by extension 'ignore'
[0.496s] Level 1:colcon.colcon_core.package_identification:_identify(.) by extension 'ignore_ament_install'
[0.496s] Level 1:colcon.colcon_core.package_identification:_identify(.) by extensions ['colcon_pkg']
[0.496s] Level 1:colcon.colcon_core.package_identification:_identify(.) by extension 'colcon_pkg'
[0.496s] Level 1:colcon.colcon_core.package_identification:_identify(.) by extensions ['colcon_meta']
[0.496s] Level 1:colcon.colcon_core.package_identification:_identify(.) by extension 'colcon_meta'
[0.496s] Level 1:colcon.colcon_core.package_identification:_identify(.) by extensions ['ros']
[0.496s] Level 1:colcon.colcon_core.package_identification:_identify(.) by extension 'ros'
[0.529s] Level 1:colcon.colcon_core.package_identification:_identify(.) by extensions ['cmake', 'python']
[0.529s] Level 1:colcon.colcon_core.package_identification:_identify(.) by extension 'cmake'
[0.529s] Level 1:colcon.colcon_core.package_identification:_identify(.) by extension 'python'
[0.529s] Level 1:colcon.colcon_core.package_identification:_identify(.) by extensions ['python_setup_py']
[0.529s] Level 1:colcon.colcon_core.package_identification:_identify(.) by extension 'python_setup_py'
[0.529s] Level 1:colcon.colcon_core.package_identification:_identify(build) by extensions ['ignore', 'ignore_ament_install']
[0.529s] Level 1:colcon.colcon_core.package_identification:_identify(build) by extension 'ignore'
[0.529s] Level 1:colcon.colcon_core.package_identification:_identify(build) ignored
[0.530s] Level 1:colcon.colcon_core.package_identification:_identify(conductor) by extensions ['ignore', 'ignore_ament_install']
[0.530s] Level 1:colcon.colcon_core.package_identification:_identify(conductor) by extension 'ignore'
[0.530s] Level 1:colcon.colcon_core.package_identification:_identify(conductor) by extension 'ignore_ament_install'
[0.530s] Level 1:colcon.colcon_core.package_identification:_identify(conductor) by extensions ['colcon_pkg']
[0.530s] Level 1:colcon.colcon_core.package_identification:_identify(conductor) by extension 'colcon_pkg'
[0.530s] Level 1:colcon.colcon_core.package_identification:_identify(conductor) by extensions ['colcon_meta']
[0.530s] Level 1:colcon.colcon_core.package_identification:_identify(conductor) by extension 'colcon_meta'
[0.530s] Level 1:colcon.colcon_core.package_identification:_identify(conductor) by extensions ['ros']
[0.530s] Level 1:colcon.colcon_core.package_identification:_identify(conductor) by extension 'ros'
[0.530s] Level 1:colcon.colcon_core.package_identification:_identify(conductor) by extensions ['cmake', 'python']
[0.530s] Level 1:colcon.colcon_core.package_identification:_identify(conductor) by extension 'cmake'
[0.530s] Level 1:colcon.colcon_core.package_identification:_identify(conductor) by extension 'python'
[0.530s] Level 1:colcon.colcon_core.package_identification:_identify(conductor) by extensions ['python_setup_py']
[0.530s] Level 1:colcon.colcon_core.package_identification:_identify(conductor) by extension 'python_setup_py'
[0.531s] Level 1:colcon.colcon_core.package_identification:_identify(conductor/archive) by extensions ['ignore', 'ignore_ament_install']
[0.531s] Level 1:colcon.colcon_core.package_identification:_identify(conductor/archive) by extension 'ignore'
[0.531s] Level 1:colcon.colcon_core.package_identification:_identify(conductor/archive) by extension 'ignore_ament_install'
[0.531s] Level 1:colcon.colcon_core.package_identification:_identify(conductor/archive) by extensions ['colcon_pkg']
[0.531s] Level 1:colcon.colcon_core.package_identification:_identify(conductor/archive) by extension 'colcon_pkg'
[0.531s] Level 1:colcon.colcon_core.package_identification:_identify(conductor/archive) by extensions ['colcon_meta']
[0.531s] Level 1:colcon.colcon_core.package_identification:_identify(conductor/archive) by extension 'colcon_meta'
[0.531s] Level 1:colcon.colcon_core.package_identification:_identify(conductor/archive) by extensions ['ros']
[0.531s] Level 1:colcon.colcon_core.package_identification:_identify(conductor/archive) by extension 'ros'
[0.531s] Level 1:colcon.colcon_core.package_identification:_identify(conductor/archive) by extensions ['cmake', 'python']
[0.531s] Level 1:colcon.colcon_core.package_identification:_identify(conductor/archive) by extension 'cmake'
[0.531s] Level 1:colcon.colcon_core.package_identification:_identify(conductor/archive) by extension 'python'
[0.532s] Level 1:colcon.colcon_core.package_identification:_identify(conductor/archive) by extensions ['python_setup_py']
[0.532s] Level 1:colcon.colcon_core.package_identification:_identify(conductor/archive) by extension 'python_setup_py'
[0.532s] Level 1:colcon.colcon_core.package_identification:_identify(conductor/code_styleguides) by extensions ['ignore', 'ignore_ament_install']
[0.532s] Level 1:colcon.colcon_core.package_identification:_identify(conductor/code_styleguides) by extension 'ignore'
[0.532s] Level 1:colcon.colcon_core.package_identification:_identify(conductor/code_styleguides) by extension 'ignore_ament_install'
[0.532s] Level 1:colcon.colcon_core.package_identification:_identify(conductor/code_styleguides) by extensions ['colcon_pkg']
[0.532s] Level 1:colcon.colcon_core.package_identification:_identify(conductor/code_styleguides) by extension 'colcon_pkg'
[0.532s] Level 1:colcon.colcon_core.package_identification:_identify(conductor/code_styleguides) by extensions ['colcon_meta']
[0.532s] Level 1:colcon.colcon_core.package_identification:_identify(conductor/code_styleguides) by extension 'colcon_meta'
[0.532s] Level 1:colcon.colcon_core.package_identification:_identify(conductor/code_styleguides) by extensions ['ros']
[0.532s] Level 1:colcon.colcon_core.package_identification:_identify(conductor/code_styleguides) by extension 'ros'
[0.532s] Level 1:colcon.colcon_core.package_identification:_identify(conductor/code_styleguides) by extensions ['cmake', 'python']
[0.532s] Level 1:colcon.colcon_core.package_identification:_identify(conductor/code_styleguides) by extension 'cmake'
[0.532s] Level 1:colcon.colcon_core.package_identification:_identify(conductor/code_styleguides) by extension 'python'
[0.532s] Level 1:colcon.colcon_core.package_identification:_identify(conductor/code_styleguides) by extensions ['python_setup_py']
[0.532s] Level 1:colcon.colcon_core.package_identification:_identify(conductor/code_styleguides) by extension 'python_setup_py'
[0.533s] Level 1:colcon.colcon_core.package_identification:_identify(conductor/tracks) by extensions ['ignore', 'ignore_ament_install']
[0.533s] Level 1:colcon.colcon_core.package_identification:_identify(conductor/tracks) by extension 'ignore'
[0.533s] Level 1:colcon.colcon_core.package_identification:_identify(conductor/tracks) by extension 'ignore_ament_install'
[0.533s] Level 1:colcon.colcon_core.package_identification:_identify(conductor/tracks) by extensions ['colcon_pkg']
[0.533s] Level 1:colcon.colcon_core.package_identification:_identify(conductor/tracks) by extension 'colcon_pkg'
[0.533s] Level 1:colcon.colcon_core.package_identification:_identify(conductor/tracks) by extensions ['colcon_meta']
[0.533s] Level 1:colcon.colcon_core.package_identification:_identify(conductor/tracks) by extension 'colcon_meta'
[0.533s] Level 1:colcon.colcon_core.package_identification:_identify(conductor/tracks) by extensions ['ros']
[0.533s] Level 1:colcon.colcon_core.package_identification:_identify(conductor/tracks) by extension 'ros'
[0.533s] Level 1:colcon.colcon_core.package_identification:_identify(conductor/tracks) by extensions ['cmake', 'python']
[0.533s] Level 1:colcon.colcon_core.package_identification:_identify(conductor/tracks) by extension 'cmake'
[0.533s] Level 1:colcon.colcon_core.package_identification:_identify(conductor/tracks) by extension 'python'
[0.533s] Level 1:colcon.colcon_core.package_identification:_identify(conductor/tracks) by extensions ['python_setup_py']
[0.533s] Level 1:colcon.colcon_core.package_identification:_identify(conductor/tracks) by extension 'python_setup_py'
[0.533s] Level 1:colcon.colcon_core.package_identification:_identify(conductor/tracks/port_esp32_hw_20260104) by extensions ['ignore', 'ignore_ament_install']
[0.534s] Level 1:colcon.colcon_core.package_identification:_identify(conductor/tracks/port_esp32_hw_20260104) by extension 'ignore'
[0.534s] Level 1:colcon.colcon_core.package_identification:_identify(conductor/tracks/port_esp32_hw_20260104) by extension 'ignore_ament_install'
[0.534s] Level 1:colcon.colcon_core.package_identification:_identify(conductor/tracks/port_esp32_hw_20260104) by extensions ['colcon_pkg']
[0.534s] Level 1:colcon.colcon_core.package_identification:_identify(conductor/tracks/port_esp32_hw_20260104) by extension 'colcon_pkg'
[0.534s] Level 1:colcon.colcon_core.package_identification:_identify(conductor/tracks/port_esp32_hw_20260104) by extensions ['colcon_meta']
[0.534s] Level 1:colcon.colcon_core.package_identification:_identify(conductor/tracks/port_esp32_hw_20260104) by extension 'colcon_meta'
[0.534s] Level 1:colcon.colcon_core.package_identification:_identify(conductor/tracks/port_esp32_hw_20260104) by extensions ['ros']
[0.534s] Level 1:colcon.colcon_core.package_identification:_identify(conductor/tracks/port_esp32_hw_20260104) by extension 'ros'
[0.534s] Level 1:colcon.colcon_core.package_identification:_identify(conductor/tracks/port_esp32_hw_20260104) by extensions ['cmake', 'python']
[0.534s] Level 1:colcon.colcon_core.package_identification:_identify(conductor/tracks/port_esp32_hw_20260104) by extension 'cmake'
[0.534s] Level 1:colcon.colcon_core.package_identification:_identify(conductor/tracks/port_esp32_hw_20260104) by extension 'python'
[0.534s] Level 1:colcon.colcon_core.package_identification:_identify(conductor/tracks/port_esp32_hw_20260104) by extensions ['python_setup_py']
[0.534s] Level 1:colcon.colcon_core.package_identification:_identify(conductor/tracks/port_esp32_hw_20260104) by extension 'python_setup_py'
[0.534s] Level 1:colcon.colcon_core.package_identification:_identify(esp32) by extensions ['ignore', 'ignore_ament_install']
[0.534s] Level 1:colcon.colcon_core.package_identification:_identify(esp32) by extension 'ignore'
[0.535s] Level 1:colcon.colcon_core.package_identification:_identify(esp32) by extension 'ignore_ament_install'
[0.535s] Level 1:colcon.colcon_core.package_identification:_identify(esp32) by extensions ['colcon_pkg']
[0.535s] Level 1:colcon.colcon_core.package_identification:_identify(esp32) by extension 'colcon_pkg'
[0.535s] Level 1:colcon.colcon_core.package_identification:_identify(esp32) by extensions ['colcon_meta']
[0.535s] Level 1:colcon.colcon_core.package_identification:_identify(esp32) by extension 'colcon_meta'
[0.535s] Level 1:colcon.colcon_core.package_identification:_identify(esp32) by extensions ['ros']
[0.535s] Level 1:colcon.colcon_core.package_identification:_identify(esp32) by extension 'ros'
[0.535s] Level 1:colcon.colcon_core.package_identification:_identify(esp32) by extensions ['cmake', 'python']
[0.535s] Level 1:colcon.colcon_core.package_identification:_identify(esp32) by extension 'cmake'
[0.535s] Level 1:colcon.colcon_core.package_identification:_identify(esp32) by extension 'python'
[0.535s] Level 1:colcon.colcon_core.package_identification:_identify(esp32) by extensions ['python_setup_py']
[0.535s] Level 1:colcon.colcon_core.package_identification:_identify(esp32) by extension 'python_setup_py'
[0.535s] Level 1:colcon.colcon_core.package_identification:_identify(esp32/ros_arduino_bridge) by extensions ['ignore', 'ignore_ament_install']
[0.535s] Level 1:colcon.colcon_core.package_identification:_identify(esp32/ros_arduino_bridge) by extension 'ignore'
[0.536s] Level 1:colcon.colcon_core.package_identification:_identify(esp32/ros_arduino_bridge) by extension 'ignore_ament_install'
[0.536s] Level 1:colcon.colcon_core.package_identification:_identify(esp32/ros_arduino_bridge) by extensions ['colcon_pkg']
[0.536s] Level 1:colcon.colcon_core.package_identification:_identify(esp32/ros_arduino_bridge) by extension 'colcon_pkg'
[0.536s] Level 1:colcon.colcon_core.package_identification:_identify(esp32/ros_arduino_bridge) by extensions ['colcon_meta']
[0.536s] Level 1:colcon.colcon_core.package_identification:_identify(esp32/ros_arduino_bridge) by extension 'colcon_meta'
[0.536s] Level 1:colcon.colcon_core.package_identification:_identify(esp32/ros_arduino_bridge) by extensions ['ros']
[0.536s] Level 1:colcon.colcon_core.package_identification:_identify(esp32/ros_arduino_bridge) by extension 'ros'
[0.536s] Level 1:colcon.colcon_core.package_identification:_identify(esp32/ros_arduino_bridge) by extensions ['cmake', 'python']
[0.536s] Level 1:colcon.colcon_core.package_identification:_identify(esp32/ros_arduino_bridge) by extension 'cmake'
[0.536s] Level 1:colcon.colcon_core.package_identification:_identify(esp32/ros_arduino_bridge) by extension 'python'
[0.536s] Level 1:colcon.colcon_core.package_identification:_identify(esp32/ros_arduino_bridge) by extensions ['python_setup_py']
[0.536s] Level 1:colcon.colcon_core.package_identification:_identify(esp32/ros_arduino_bridge) by extension 'python_setup_py'
[0.536s] Level 1:colcon.colcon_core.package_identification:_identify(esp32/ros_arduino_bridge/ROSArduinoBridge) by extensions ['ignore', 'ignore_ament_install']
[0.536s] Level 1:colcon.colcon_core.package_identification:_identify(esp32/ros_arduino_bridge/ROSArduinoBridge) by extension 'ignore'
[0.537s] Level 1:colcon.colcon_core.package_identification:_identify(esp32/ros_arduino_bridge/ROSArduinoBridge) by extension 'ignore_ament_install'
[0.537s] Level 1:colcon.colcon_core.package_identification:_identify(esp32/ros_arduino_bridge/ROSArduinoBridge) by extensions ['colcon_pkg']
[0.537s] Level 1:colcon.colcon_core.package_identification:_identify(esp32/ros_arduino_bridge/ROSArduinoBridge) by extension 'colcon_pkg'
[0.537s] Level 1:colcon.colcon_core.package_identification:_identify(esp32/ros_arduino_bridge/ROSArduinoBridge) by extensions ['colcon_meta']
[0.537s] Level 1:colcon.colcon_core.package_identification:_identify(esp32/ros_arduino_bridge/ROSArduinoBridge) by extension 'colcon_meta'
[0.537s] Level 1:colcon.colcon_core.package_identification:_identify(esp32/ros_arduino_bridge/ROSArduinoBridge) by extensions ['ros']
[0.537s] Level 1:colcon.colcon_core.package_identification:_identify(esp32/ros_arduino_bridge/ROSArduinoBridge) by extension 'ros'
[0.537s] Level 1:colcon.colcon_core.package_identification:_identify(esp32/ros_arduino_bridge/ROSArduinoBridge) by extensions ['cmake', 'python']
[0.537s] Level 1:colcon.colcon_core.package_identification:_identify(esp32/ros_arduino_bridge/ROSArduinoBridge) by extension 'cmake'
[0.537s] Level 1:colcon.colcon_core.package_identification:_identify(esp32/ros_arduino_bridge/ROSArduinoBridge) by extension 'python'
[0.537s] Level 1:colcon.colcon_core.package_identification:_identify(esp32/ros_arduino_bridge/ROSArduinoBridge) by extensions ['python_setup_py']
[0.537s] Level 1:colcon.colcon_core.package_identification:_identify(esp32/ros_arduino_bridge/ROSArduinoBridge) by extension 'python_setup_py'
[0.537s] Level 1:colcon.colcon_core.package_identification:_identify(install) by extensions ['ignore', 'ignore_ament_install']
[0.537s] Level 1:colcon.colcon_core.package_identification:_identify(install) by extension 'ignore'
[0.537s] Level 1:colcon.colcon_core.package_identification:_identify(install) ignored
[0.538s] Level 1:colcon.colcon_core.package_identification:_identify(log) by extensions ['ignore', 'ignore_ament_install']
[0.538s] Level 1:colcon.colcon_core.package_identification:_identify(log) by extension 'ignore'
[0.538s] Level 1:colcon.colcon_core.package_identification:_identify(log) ignored
[0.538s] Level 1:colcon.colcon_core.package_identification:_identify(src) by extensions ['ignore', 'ignore_ament_install']
[0.538s] Level 1:colcon.colcon_core.package_identification:_identify(src) by extension 'ignore'
[0.538s] Level 1:colcon.colcon_core.package_identification:_identify(src) by extension 'ignore_ament_install'
[0.538s] Level 1:colcon.colcon_core.package_identification:_identify(src) by extensions ['colcon_pkg']
[0.538s] Level 1:colcon.colcon_core.package_identification:_identify(src) by extension 'colcon_pkg'
[0.538s] Level 1:colcon.colcon_core.package_identification:_identify(src) by extensions ['colcon_meta']
[0.538s] Level 1:colcon.colcon_core.package_identification:_identify(src) by extension 'colcon_meta'
[0.538s] Level 1:colcon.colcon_core.package_identification:_identify(src) by extensions ['ros']
[0.538s] Level 1:colcon.colcon_core.package_identification:_identify(src) by extension 'ros'
[0.538s] Level 1:colcon.colcon_core.package_identification:_identify(src) by extensions ['cmake', 'python']
[0.539s] Level 1:colcon.colcon_core.package_identification:_identify(src) by extension 'cmake'
[0.539s] Level 1:colcon.colcon_core.package_identification:_identify(src) by extension 'python'
[0.539s] Level 1:colcon.colcon_core.package_identification:_identify(src) by extensions ['python_setup_py']
[0.539s] Level 1:colcon.colcon_core.package_identification:_identify(src) by extension 'python_setup_py'
[0.539s] Level 1:colcon.colcon_core.package_identification:_identify(src/camera_ros) by extensions ['ignore', 'ignore_ament_install']
[0.539s] Level 1:colcon.colcon_core.package_identification:_identify(src/camera_ros) by extension 'ignore'
[0.539s] Level 1:colcon.colcon_core.package_identification:_identify(src/camera_ros) by extension 'ignore_ament_install'
[0.539s] Level 1:colcon.colcon_core.package_identification:_identify(src/camera_ros) by extensions ['colcon_pkg']
[0.539s] Level 1:colcon.colcon_core.package_identification:_identify(src/camera_ros) by extension 'colcon_pkg'
[0.539s] Level 1:colcon.colcon_core.package_identification:_identify(src/camera_ros) by extensions ['colcon_meta']
[0.539s] Level 1:colcon.colcon_core.package_identification:_identify(src/camera_ros) by extension 'colcon_meta'
[0.539s] Level 1:colcon.colcon_core.package_identification:_identify(src/camera_ros) by extensions ['ros']
[0.540s] Level 1:colcon.colcon_core.package_identification:_identify(src/camera_ros) by extension 'ros'
[0.546s] DEBUG:colcon.colcon_core.package_identification:Package 'src/camera_ros' with type 'ros.ament_cmake' and name 'camera_ros'
[0.546s] Level 1:colcon.colcon_core.package_identification:_identify(src/diffdrive_arduino) by extensions ['ignore', 'ignore_ament_install']
[0.546s] Level 1:colcon.colcon_core.package_identification:_identify(src/diffdrive_arduino) by extension 'ignore'
[0.546s] Level 1:colcon.colcon_core.package_identification:_identify(src/diffdrive_arduino) by extension 'ignore_ament_install'
[0.546s] Level 1:colcon.colcon_core.package_identification:_identify(src/diffdrive_arduino) by extensions ['colcon_pkg']
[0.546s] Level 1:colcon.colcon_core.package_identification:_identify(src/diffdrive_arduino) by extension 'colcon_pkg'
[0.546s] Level 1:colcon.colcon_core.package_identification:_identify(src/diffdrive_arduino) by extensions ['colcon_meta']
[0.546s] Level 1:colcon.colcon_core.package_identification:_identify(src/diffdrive_arduino) by extension 'colcon_meta'
[0.546s] Level 1:colcon.colcon_core.package_identification:_identify(src/diffdrive_arduino) by extensions ['ros']
[0.546s] Level 1:colcon.colcon_core.package_identification:_identify(src/diffdrive_arduino) by extension 'ros'
[0.547s] DEBUG:colcon.colcon_core.package_identification:Package 'src/diffdrive_arduino' with type 'ros.ament_cmake' and name 'diffdrive_arduino'
[0.547s] Level 1:colcon.colcon_core.package_identification:_identify(src/linebot) by extensions ['ignore', 'ignore_ament_install']
[0.547s] Level 1:colcon.colcon_core.package_identification:_identify(src/linebot) by extension 'ignore'
[0.548s] Level 1:colcon.colcon_core.package_identification:_identify(src/linebot) by extension 'ignore_ament_install'
[0.548s] Level 1:colcon.colcon_core.package_identification:_identify(src/linebot) by extensions ['colcon_pkg']
[0.548s] Level 1:colcon.colcon_core.package_identification:_identify(src/linebot) by extension 'colcon_pkg'
[0.548s] Level 1:colcon.colcon_core.package_identification:_identify(src/linebot) by extensions ['colcon_meta']
[0.548s] Level 1:colcon.colcon_core.package_identification:_identify(src/linebot) by extension 'colcon_meta'
[0.548s] Level 1:colcon.colcon_core.package_identification:_identify(src/linebot) by extensions ['ros']
[0.548s] Level 1:colcon.colcon_core.package_identification:_identify(src/linebot) by extension 'ros'
[0.549s] DEBUG:colcon.colcon_core.package_identification:Package 'src/linebot' with type 'ros.ament_cmake' and name 'linebot'
[0.549s] Level 1:colcon.colcon_core.package_identification:_identify(src/linefollower_cv) by extensions ['ignore', 'ignore_ament_install']
[0.549s] Level 1:colcon.colcon_core.package_identification:_identify(src/linefollower_cv) by extension 'ignore'
[0.549s] Level 1:colcon.colcon_core.package_identification:_identify(src/linefollower_cv) by extension 'ignore_ament_install'
[0.549s] Level 1:colcon.colcon_core.package_identification:_identify(src/linefollower_cv) by extensions ['colcon_pkg']
[0.549s] Level 1:colcon.colcon_core.package_identification:_identify(src/linefollower_cv) by extension 'colcon_pkg'
[0.549s] Level 1:colcon.colcon_core.package_identification:_identify(src/linefollower_cv) by extensions ['colcon_meta']
[0.549s] Level 1:colcon.colcon_core.package_identification:_identify(src/linefollower_cv) by extension 'colcon_meta'
[0.549s] Level 1:colcon.colcon_core.package_identification:_identify(src/linefollower_cv) by extensions ['ros']
[0.549s] Level 1:colcon.colcon_core.package_identification:_identify(src/linefollower_cv) by extension 'ros'
[0.550s] DEBUG:colcon.colcon_core.package_identification:Package 'src/linefollower_cv' with type 'ros.ament_python' and name 'linefollower_cv'
[0.550s] Level 1:colcon.colcon_core.package_identification:_identify(src/serial) by extensions ['ignore', 'ignore_ament_install']
[0.550s] Level 1:colcon.colcon_core.package_identification:_identify(src/serial) by extension 'ignore'
[0.550s] Level 1:colcon.colcon_core.package_identification:_identify(src/serial) by extension 'ignore_ament_install'
[0.550s] Level 1:colcon.colcon_core.package_identification:_identify(src/serial) by extensions ['colcon_pkg']
[0.550s] Level 1:colcon.colcon_core.package_identification:_identify(src/serial) by extension 'colcon_pkg'
[0.550s] Level 1:colcon.colcon_core.package_identification:_identify(src/serial) by extensions ['colcon_meta']
[0.550s] Level 1:colcon.colcon_core.package_identification:_identify(src/serial) by extension 'colcon_meta'
[0.550s] Level 1:colcon.colcon_core.package_identification:_identify(src/serial) by extensions ['ros']
[0.550s] Level 1:colcon.colcon_core.package_identification:_identify(src/serial) by extension 'ros'
[0.551s] DEBUG:colcon.colcon_core.package_identification:Package 'src/serial' with type 'ros.ament_cmake' and name 'serial'
[0.551s] Level 1:colcon.colcon_core.package_identification:_identify(src/sllidar_ros2) by extensions ['ignore', 'ignore_ament_install']
[0.551s] Level 1:colcon.colcon_core.package_identification:_identify(src/sllidar_ros2) by extension 'ignore'
[0.551s] Level 1:colcon.colcon_core.package_identification:_identify(src/sllidar_ros2) by extension 'ignore_ament_install'
[0.551s] Level 1:colcon.colcon_core.package_identification:_identify(src/sllidar_ros2) by extensions ['colcon_pkg']
[0.551s] Level 1:colcon.colcon_core.package_identification:_identify(src/sllidar_ros2) by extension 'colcon_pkg'
[0.551s] Level 1:colcon.colcon_core.package_identification:_identify(src/sllidar_ros2) by extensions ['colcon_meta']
[0.551s] Level 1:colcon.colcon_core.package_identification:_identify(src/sllidar_ros2) by extension 'colcon_meta'
[0.551s] Level 1:colcon.colcon_core.package_identification:_identify(src/sllidar_ros2) by extensions ['ros']
[0.552s] Level 1:colcon.colcon_core.package_identification:_identify(src/sllidar_ros2) by extension 'ros'
[0.552s] DEBUG:colcon.colcon_core.package_identification:Package 'src/sllidar_ros2' with type 'ros.ament_cmake' and name 'sllidar_ros2'
[0.552s] Level 1:colcon.colcon_core.package_identification:_identify(src/twist_stamper) by extensions ['ignore', 'ignore_ament_install']
[0.552s] Level 1:colcon.colcon_core.package_identification:_identify(src/twist_stamper) by extension 'ignore'
[0.552s] Level 1:colcon.colcon_core.package_identification:_identify(src/twist_stamper) by extension 'ignore_ament_install'
[0.552s] Level 1:colcon.colcon_core.package_identification:_identify(src/twist_stamper) by extensions ['colcon_pkg']
[0.553s] Level 1:colcon.colcon_core.package_identification:_identify(src/twist_stamper) by extension 'colcon_pkg'
[0.553s] Level 1:colcon.colcon_core.package_identification:_identify(src/twist_stamper) by extensions ['colcon_meta']
[0.553s] Level 1:colcon.colcon_core.package_identification:_identify(src/twist_stamper) by extension 'colcon_meta'
[0.553s] Level 1:colcon.colcon_core.package_identification:_identify(src/twist_stamper) by extensions ['ros']
[0.553s] Level 1:colcon.colcon_core.package_identification:_identify(src/twist_stamper) by extension 'ros'
[0.553s] DEBUG:colcon.colcon_core.package_identification:Package 'src/twist_stamper' with type 'ros.ament_python' and name 'twist_stamper'
[0.553s] Level 1:colcon.colcon_core.package_discovery:discover_packages(recursive) using defaults
[0.553s] Level 1:colcon.colcon_core.package_discovery:discover_packages(ignore) discover
[0.553s] Level 1:colcon.colcon_core.package_discovery:discover_packages(ignore) using defaults
[0.553s] Level 1:colcon.colcon_core.package_discovery:discover_packages(path) discover
[0.554s] Level 1:colcon.colcon_core.package_discovery:discover_packages(path) using defaults
[0.578s] Level 1:colcon.colcon_core.package_discovery:discover_packages(prefix_path) check parameters
[0.578s] Level 1:colcon.colcon_core.package_discovery:discover_packages(prefix_path) discover
[0.583s] DEBUG:colcon.colcon_installed_package_information.package_discovery:Found 434 installed packages in /opt/ros/jazzy
[0.584s] Level 1:colcon.colcon_core.package_discovery:discover_packages(prefix_path) using defaults
[0.665s] Level 5:colcon.colcon_core.verb:set package 'camera_ros' build argument 'cmake_args' from command line to 'None'
[0.665s] Level 5:colcon.colcon_core.verb:set package 'camera_ros' build argument 'cmake_target' from command line to 'None'
[0.665s] Level 5:colcon.colcon_core.verb:set package 'camera_ros' build argument 'cmake_target_skip_unavailable' from command line to 'False'
[0.665s] Level 5:colcon.colcon_core.verb:set package 'camera_ros' build argument 'cmake_clean_cache' from command line to 'False'
[0.665s] Level 5:colcon.colcon_core.verb:set package 'camera_ros' build argument 'cmake_clean_first' from command line to 'False'
[0.665s] Level 5:colcon.colcon_core.verb:set package 'camera_ros' build argument 'cmake_force_configure' from command line to 'False'
[0.665s] Level 5:colcon.colcon_core.verb:set package 'camera_ros' build argument 'ament_cmake_args' from command line to 'None'
[0.665s] Level 5:colcon.colcon_core.verb:set package 'camera_ros' build argument 'catkin_cmake_args' from command line to 'None'
[0.665s] Level 5:colcon.colcon_core.verb:set package 'camera_ros' build argument 'catkin_skip_building_tests' from command line to 'False'
[0.666s] DEBUG:colcon.colcon_core.verb:Building package 'camera_ros' with the following arguments: {'ament_cmake_args': None, 'build_base': '/home/mg/linebot_ws/build/camera_ros', 'catkin_cmake_args': None, 'catkin_skip_building_tests': False, 'cmake_args': None, 'cmake_clean_cache': False, 'cmake_clean_first': False, 'cmake_force_configure': False, 'cmake_target': None, 'cmake_target_skip_unavailable': False, 'install_base': '/home/mg/linebot_ws/install/camera_ros', 'merge_install': False, 'path': '/home/mg/linebot_ws/src/camera_ros', 'symlink_install': True, 'test_result_base': None}
[0.666s] Level 5:colcon.colcon_core.verb:set package 'diffdrive_arduino' build argument 'cmake_args' from command line to 'None'
[0.666s] Level 5:colcon.colcon_core.verb:set package 'diffdrive_arduino' build argument 'cmake_target' from command line to 'None'
[0.666s] Level 5:colcon.colcon_core.verb:set package 'diffdrive_arduino' build argument 'cmake_target_skip_unavailable' from command line to 'False'
[0.666s] Level 5:colcon.colcon_core.verb:set package 'diffdrive_arduino' build argument 'cmake_clean_cache' from command line to 'False'
[0.666s] Level 5:colcon.colcon_core.verb:set package 'diffdrive_arduino' build argument 'cmake_clean_first' from command line to 'False'
[0.666s] Level 5:colcon.colcon_core.verb:set package 'diffdrive_arduino' build argument 'cmake_force_configure' from command line to 'False'
[0.666s] Level 5:colcon.colcon_core.verb:set package 'diffdrive_arduino' build argument 'ament_cmake_args' from command line to 'None'
[0.666s] Level 5:colcon.colcon_core.verb:set package 'diffdrive_arduino' build argument 'catkin_cmake_args' from command line to 'None'
[0.666s] Level 5:colcon.colcon_core.verb:set package 'diffdrive_arduino' build argument 'catkin_skip_building_tests' from command line to 'False'
[0.666s] DEBUG:colcon.colcon_core.verb:Building package 'diffdrive_arduino' with the following arguments: {'ament_cmake_args': None, 'build_base': '/home/mg/linebot_ws/build/diffdrive_arduino', 'catkin_cmake_args': None, 'catkin_skip_building_tests': False, 'cmake_args': None, 'cmake_clean_cache': False, 'cmake_clean_first': False, 'cmake_force_configure': False, 'cmake_target': None, 'cmake_target_skip_unavailable': False, 'install_base': '/home/mg/linebot_ws/install/diffdrive_arduino', 'merge_install': False, 'path': '/home/mg/linebot_ws/src/diffdrive_arduino', 'symlink_install': True, 'test_result_base': None}
[0.666s] Level 5:colcon.colcon_core.verb:set package 'linebot' build argument 'cmake_args' from command line to 'None'
[0.666s] Level 5:colcon.colcon_core.verb:set package 'linebot' build argument 'cmake_target' from command line to 'None'
[0.667s] Level 5:colcon.colcon_core.verb:set package 'linebot' build argument 'cmake_target_skip_unavailable' from command line to 'False'
[0.667s] Level 5:colcon.colcon_core.verb:set package 'linebot' build argument 'cmake_clean_cache' from command line to 'False'
[0.667s] Level 5:colcon.colcon_core.verb:set package 'linebot' build argument 'cmake_clean_first' from command line to 'False'
[0.667s] Level 5:colcon.colcon_core.verb:set package 'linebot' build argument 'cmake_force_configure' from command line to 'False'
[0.667s] Level 5:colcon.colcon_core.verb:set package 'linebot' build argument 'ament_cmake_args' from command line to 'None'
[0.667s] Level 5:colcon.colcon_core.verb:set package 'linebot' build argument 'catkin_cmake_args' from command line to 'None'
[0.667s] Level 5:colcon.colcon_core.verb:set package 'linebot' build argument 'catkin_skip_building_tests' from command line to 'False'
[0.667s] DEBUG:colcon.colcon_core.verb:Building package 'linebot' with the following arguments: {'ament_cmake_args': None, 'build_base': '/home/mg/linebot_ws/build/linebot', 'catkin_cmake_args': None, 'catkin_skip_building_tests': False, 'cmake_args': None, 'cmake_clean_cache': False, 'cmake_clean_first': False, 'cmake_force_configure': False, 'cmake_target': None, 'cmake_target_skip_unavailable': False, 'install_base': '/home/mg/linebot_ws/install/linebot', 'merge_install': False, 'path': '/home/mg/linebot_ws/src/linebot', 'symlink_install': True, 'test_result_base': None}
[0.667s] Level 5:colcon.colcon_core.verb:set package 'linefollower_cv' build argument 'cmake_args' from command line to 'None'
[0.667s] Level 5:colcon.colcon_core.verb:set package 'linefollower_cv' build argument 'cmake_target' from command line to 'None'
[0.667s] Level 5:colcon.colcon_core.verb:set package 'linefollower_cv' build argument 'cmake_target_skip_unavailable' from command line to 'False'
[0.667s] Level 5:colcon.colcon_core.verb:set package 'linefollower_cv' build argument 'cmake_clean_cache' from command line to 'False'
[0.667s] Level 5:colcon.colcon_core.verb:set package 'linefollower_cv' build argument 'cmake_clean_first' from command line to 'False'
[0.667s] Level 5:colcon.colcon_core.verb:set package 'linefollower_cv' build argument 'cmake_force_configure' from command line to 'False'
[0.667s] Level 5:colcon.colcon_core.verb:set package 'linefollower_cv' build argument 'ament_cmake_args' from command line to 'None'
[0.667s] Level 5:colcon.colcon_core.verb:set package 'linefollower_cv' build argument 'catkin_cmake_args' from command line to 'None'
[0.667s] Level 5:colcon.colcon_core.verb:set package 'linefollower_cv' build argument 'catkin_skip_building_tests' from command line to 'False'
[0.667s] DEBUG:colcon.colcon_core.verb:Building package 'linefollower_cv' with the following arguments: {'ament_cmake_args': None, 'build_base': '/home/mg/linebot_ws/build/linefollower_cv', 'catkin_cmake_args': None, 'catkin_skip_building_tests': False, 'cmake_args': None, 'cmake_clean_cache': False, 'cmake_clean_first': False, 'cmake_force_configure': False, 'cmake_target': None, 'cmake_target_skip_unavailable': False, 'install_base': '/home/mg/linebot_ws/install/linefollower_cv', 'merge_install': False, 'path': '/home/mg/linebot_ws/src/linefollower_cv', 'symlink_install': True, 'test_result_base': None}
[0.668s] Level 5:colcon.colcon_core.verb:set package 'serial' build argument 'cmake_args' from command line to 'None'
[0.668s] Level 5:colcon.colcon_core.verb:set package 'serial' build argument 'cmake_target' from command line to 'None'
[0.668s] Level 5:colcon.colcon_core.verb:set package 'serial' build argument 'cmake_target_skip_unavailable' from command line to 'False'
[0.668s] Level 5:colcon.colcon_core.verb:set package 'serial' build argument 'cmake_clean_cache' from command line to 'False'
[0.668s] Level 5:colcon.colcon_core.verb:set package 'serial' build argument 'cmake_clean_first' from command line to 'False'
[0.668s] Level 5:colcon.colcon_core.verb:set package 'serial' build argument 'cmake_force_configure' from command line to 'False'
[0.668s] Level 5:colcon.colcon_core.verb:set package 'serial' build argument 'ament_cmake_args' from command line to 'None'
[0.668s] Level 5:colcon.colcon_core.verb:set package 'serial' build argument 'catkin_cmake_args' from command line to 'None'
[0.668s] Level 5:colcon.colcon_core.verb:set package 'serial' build argument 'catkin_skip_building_tests' from command line to 'False'
[0.668s] DEBUG:colcon.colcon_core.verb:Building package 'serial' with the following arguments: {'ament_cmake_args': None, 'build_base': '/home/mg/linebot_ws/build/serial', 'catkin_cmake_args': None, 'catkin_skip_building_tests': False, 'cmake_args': None, 'cmake_clean_cache': False, 'cmake_clean_first': False, 'cmake_force_configure': False, 'cmake_target': None, 'cmake_target_skip_unavailable': False, 'install_base': '/home/mg/linebot_ws/install/serial', 'merge_install': False, 'path': '/home/mg/linebot_ws/src/serial', 'symlink_install': True, 'test_result_base': None}
[0.668s] Level 5:colcon.colcon_core.verb:set package 'sllidar_ros2' build argument 'cmake_args' from command line to 'None'
[0.668s] Level 5:colcon.colcon_core.verb:set package 'sllidar_ros2' build argument 'cmake_target' from command line to 'None'
[0.668s] Level 5:colcon.colcon_core.verb:set package 'sllidar_ros2' build argument 'cmake_target_skip_unavailable' from command line to 'False'
[0.668s] Level 5:colcon.colcon_core.verb:set package 'sllidar_ros2' build argument 'cmake_clean_cache' from command line to 'False'
[0.668s] Level 5:colcon.colcon_core.verb:set package 'sllidar_ros2' build argument 'cmake_clean_first' from command line to 'False'
[0.668s] Level 5:colcon.colcon_core.verb:set package 'sllidar_ros2' build argument 'cmake_force_configure' from command line to 'False'
[0.668s] Level 5:colcon.colcon_core.verb:set package 'sllidar_ros2' build argument 'ament_cmake_args' from command line to 'None'
[0.668s] Level 5:colcon.colcon_core.verb:set package 'sllidar_ros2' build argument 'catkin_cmake_args' from command line to 'None'
[0.668s] Level 5:colcon.colcon_core.verb:set package 'sllidar_ros2' build argument 'catkin_skip_building_tests' from command line to 'False'
[0.668s] DEBUG:colcon.colcon_core.verb:Building package 'sllidar_ros2' with the following arguments: {'ament_cmake_args': None, 'build_base': '/home/mg/linebot_ws/build/sllidar_ros2', 'catkin_cmake_args': None, 'catkin_skip_building_tests': False, 'cmake_args': None, 'cmake_clean_cache': False, 'cmake_clean_first': False, 'cmake_force_configure': False, 'cmake_target': None, 'cmake_target_skip_unavailable': False, 'install_base': '/home/mg/linebot_ws/install/sllidar_ros2', 'merge_install': False, 'path': '/home/mg/linebot_ws/src/sllidar_ros2', 'symlink_install': True, 'test_result_base': None}
[0.669s] Level 5:colcon.colcon_core.verb:set package 'twist_stamper' build argument 'cmake_args' from command line to 'None'
[0.669s] Level 5:colcon.colcon_core.verb:set package 'twist_stamper' build argument 'cmake_target' from command line to 'None'
[0.669s] Level 5:colcon.colcon_core.verb:set package 'twist_stamper' build argument 'cmake_target_skip_unavailable' from command line to 'False'
[0.669s] Level 5:colcon.colcon_core.verb:set package 'twist_stamper' build argument 'cmake_clean_cache' from command line to 'False'
[0.669s] Level 5:colcon.colcon_core.verb:set package 'twist_stamper' build argument 'cmake_clean_first' from command line to 'False'
[0.669s] Level 5:colcon.colcon_core.verb:set package 'twist_stamper' build argument 'cmake_force_configure' from command line to 'False'
[0.669s] Level 5:colcon.colcon_core.verb:set package 'twist_stamper' build argument 'ament_cmake_args' from command line to 'None'
[0.669s] Level 5:colcon.colcon_core.verb:set package 'twist_stamper' build argument 'catkin_cmake_args' from command line to 'None'
[0.669s] Level 5:colcon.colcon_core.verb:set package 'twist_stamper' build argument 'catkin_skip_building_tests' from command line to 'False'
[0.669s] DEBUG:colcon.colcon_core.verb:Building package 'twist_stamper' with the following arguments: {'ament_cmake_args': None, 'build_base': '/home/mg/linebot_ws/build/twist_stamper', 'catkin_cmake_args': None, 'catkin_skip_building_tests': False, 'cmake_args': None, 'cmake_clean_cache': False, 'cmake_clean_first': False, 'cmake_force_configure': False, 'cmake_target': None, 'cmake_target_skip_unavailable': False, 'install_base': '/home/mg/linebot_ws/install/twist_stamper', 'merge_install': False, 'path': '/home/mg/linebot_ws/src/twist_stamper', 'symlink_install': True, 'test_result_base': None}
[0.669s] INFO:colcon.colcon_core.executor:Executing jobs using 'parallel' executor
[0.670s] DEBUG:colcon.colcon_parallel_executor.executor.parallel:run_until_complete
[0.671s] INFO:colcon.colcon_ros.task.ament_cmake.build:Building ROS package in '/home/mg/linebot_ws/src/camera_ros' with build type 'ament_cmake'
[0.671s] INFO:colcon.colcon_cmake.task.cmake.build:Building CMake package in '/home/mg/linebot_ws/src/camera_ros'
[0.674s] INFO:colcon.colcon_core.plugin_system:Skipping extension 'colcon_core.shell.bat': Not used on non-Windows systems
[0.674s] INFO:colcon.colcon_core.shell:Skip shell extension 'powershell' for command environment: Not usable outside of PowerShell
[0.674s] DEBUG:colcon.colcon_core.shell:Skip shell extension 'dsv' for command environment
[0.679s] INFO:colcon.colcon_ros.task.ament_cmake.build:Building ROS package in '/home/mg/linebot_ws/src/diffdrive_arduino' with build type 'ament_cmake'
[0.679s] INFO:colcon.colcon_cmake.task.cmake.build:Building CMake package in '/home/mg/linebot_ws/src/diffdrive_arduino'
[0.680s] INFO:colcon.colcon_core.shell:Skip shell extension 'powershell' for command environment: Not usable outside of PowerShell
[0.680s] DEBUG:colcon.colcon_core.shell:Skip shell extension 'dsv' for command environment
[0.685s] INFO:colcon.colcon_ros.task.ament_cmake.build:Building ROS package in '/home/mg/linebot_ws/src/linebot' with build type 'ament_cmake'
[0.686s] INFO:colcon.colcon_cmake.task.cmake.build:Building CMake package in '/home/mg/linebot_ws/src/linebot'
[0.686s] INFO:colcon.colcon_core.shell:Skip shell extension 'powershell' for command environment: Not usable outside of PowerShell
[0.686s] DEBUG:colcon.colcon_core.shell:Skip shell extension 'dsv' for command environment
[0.692s] INFO:colcon.colcon_ros.task.ament_python.build:Building ROS package in '/home/mg/linebot_ws/src/linefollower_cv' with build type 'ament_python'
[0.693s] Level 1:colcon.colcon_core.shell:create_environment_hook('linefollower_cv', 'ament_prefix_path')
[0.693s] INFO:colcon.colcon_core.shell:Creating environment hook '/home/mg/linebot_ws/install/linefollower_cv/share/linefollower_cv/hook/ament_prefix_path.ps1'
[0.694s] INFO:colcon.colcon_core.shell:Creating environment descriptor '/home/mg/linebot_ws/install/linefollower_cv/share/linefollower_cv/hook/ament_prefix_path.dsv'
[0.695s] INFO:colcon.colcon_core.shell:Creating environment hook '/home/mg/linebot_ws/install/linefollower_cv/share/linefollower_cv/hook/ament_prefix_path.sh'
[0.697s] INFO:colcon.colcon_core.shell:Skip shell extension 'powershell' for command environment: Not usable outside of PowerShell
[0.697s] DEBUG:colcon.colcon_core.shell:Skip shell extension 'dsv' for command environment
[0.702s] INFO:colcon.colcon_ros.task.ament_cmake.build:Building ROS package in '/home/mg/linebot_ws/src/serial' with build type 'ament_cmake'
[0.703s] INFO:colcon.colcon_cmake.task.cmake.build:Building CMake package in '/home/mg/linebot_ws/src/serial'
[0.703s] INFO:colcon.colcon_core.shell:Skip shell extension 'powershell' for command environment: Not usable outside of PowerShell
[0.703s] DEBUG:colcon.colcon_core.shell:Skip shell extension 'dsv' for command environment
[0.708s] INFO:colcon.colcon_ros.task.ament_cmake.build:Building ROS package in '/home/mg/linebot_ws/src/sllidar_ros2' with build type 'ament_cmake'
[0.708s] INFO:colcon.colcon_cmake.task.cmake.build:Building CMake package in '/home/mg/linebot_ws/src/sllidar_ros2'
[0.709s] INFO:colcon.colcon_core.shell:Skip shell extension 'powershell' for command environment: Not usable outside of PowerShell
[0.709s] DEBUG:colcon.colcon_core.shell:Skip shell extension 'dsv' for command environment
[0.714s] INFO:colcon.colcon_ros.task.ament_python.build:Building ROS package in '/home/mg/linebot_ws/src/twist_stamper' with build type 'ament_python'
[0.715s] Level 1:colcon.colcon_core.shell:create_environment_hook('twist_stamper', 'ament_prefix_path')
[0.716s] INFO:colcon.colcon_core.shell:Creating environment hook '/home/mg/linebot_ws/install/twist_stamper/share/twist_stamper/hook/ament_prefix_path.ps1'
[0.717s] INFO:colcon.colcon_core.shell:Creating environment descriptor '/home/mg/linebot_ws/install/twist_stamper/share/twist_stamper/hook/ament_prefix_path.dsv'
[0.718s] INFO:colcon.colcon_core.shell:Creating environment hook '/home/mg/linebot_ws/install/twist_stamper/share/twist_stamper/hook/ament_prefix_path.sh'
[0.719s] INFO:colcon.colcon_core.shell:Skip shell extension 'powershell' for command environment: Not usable outside of PowerShell
[0.719s] DEBUG:colcon.colcon_core.shell:Skip shell extension 'dsv' for command environment
[0.731s] DEBUG:colcon.colcon_core.event_handler.log_command:Invoking command in '/home/mg/linebot_ws/build/camera_ros': CMAKE_PREFIX_PATH=${CMAKE_PREFIX_PATH}:/opt/ros/jazzy /usr/bin/cmake /home/mg/linebot_ws/src/camera_ros -DAMENT_CMAKE_SYMLINK_INSTALL=1 -DCMAKE_INSTALL_PREFIX=/home/mg/linebot_ws/install/camera_ros
[0.739s] DEBUG:colcon.colcon_core.event_handler.log_command:Invoking command in '/home/mg/linebot_ws/build/diffdrive_arduino': CMAKE_PREFIX_PATH=${CMAKE_PREFIX_PATH}:/opt/ros/jazzy /usr/bin/cmake --build /home/mg/linebot_ws/build/diffdrive_arduino -- -j16 -l16
[0.742s] DEBUG:colcon.colcon_core.event_handler.log_command:Invoking command in '/home/mg/linebot_ws/build/linebot': CMAKE_PREFIX_PATH=${CMAKE_PREFIX_PATH}:/opt/ros/jazzy /usr/bin/cmake --build /home/mg/linebot_ws/build/linebot -- -j16 -l16
[1.049s] INFO:colcon.colcon_core.task.python.build:Building Python package in '/home/mg/linebot_ws/src/linefollower_cv'
[1.050s] INFO:colcon.colcon_core.shell:Skip shell extension 'powershell' for command environment: Not usable outside of PowerShell
[1.050s] DEBUG:colcon.colcon_core.shell:Skip shell extension 'dsv' for command environment
[1.059s] DEBUG:colcon.colcon_core.event_handler.log_command:Invoking command in '/home/mg/linebot_ws/build/serial': CMAKE_PREFIX_PATH=${CMAKE_PREFIX_PATH}:/opt/ros/jazzy /usr/bin/cmake --build /home/mg/linebot_ws/build/serial -- -j16 -l16
[1.064s] DEBUG:colcon.colcon_core.event_handler.log_command:Invoking command in '/home/mg/linebot_ws/build/sllidar_ros2': CMAKE_PREFIX_PATH=${CMAKE_PREFIX_PATH}:/opt/ros/jazzy /usr/bin/cmake --build /home/mg/linebot_ws/build/sllidar_ros2 -- -j16 -l16
[1.087s] DEBUG:colcon.colcon_core.event_handler.log_command:Invoked command in '/home/mg/linebot_ws/build/diffdrive_arduino' returned '0': CMAKE_PREFIX_PATH=${CMAKE_PREFIX_PATH}:/opt/ros/jazzy /usr/bin/cmake --build /home/mg/linebot_ws/build/diffdrive_arduino -- -j16 -l16
[1.109s] DEBUG:colcon.colcon_core.event_handler.log_command:Invoking command in '/home/mg/linebot_ws/build/diffdrive_arduino': CMAKE_PREFIX_PATH=${CMAKE_PREFIX_PATH}:/opt/ros/jazzy /usr/bin/cmake --install /home/mg/linebot_ws/build/diffdrive_arduino
[1.110s] DEBUG:colcon.colcon_core.event_handler.log_command:Invoked command in '/home/mg/linebot_ws/build/linebot' returned '0': CMAKE_PREFIX_PATH=${CMAKE_PREFIX_PATH}:/opt/ros/jazzy /usr/bin/cmake --build /home/mg/linebot_ws/build/linebot -- -j16 -l16
[1.111s] DEBUG:colcon.colcon_core.event_handler.log_command:Invoking command in '/home/mg/linebot_ws/build/linebot': CMAKE_PREFIX_PATH=${CMAKE_PREFIX_PATH}:/opt/ros/jazzy /usr/bin/cmake --install /home/mg/linebot_ws/build/linebot
[1.442s] INFO:colcon.colcon_core.task.python.build:Building Python package in '/home/mg/linebot_ws/src/twist_stamper'
[1.443s] INFO:colcon.colcon_core.shell:Skip shell extension 'powershell' for command environment: Not usable outside of PowerShell
[1.443s] DEBUG:colcon.colcon_core.shell:Skip shell extension 'dsv' for command environment
[1.471s] Level 1:colcon.colcon_core.environment:create_environment_scripts_only(diffdrive_arduino)
[1.476s] DEBUG:colcon.colcon_core.event_handler.log_command:Invoked command in '/home/mg/linebot_ws/build/diffdrive_arduino' returned '0': CMAKE_PREFIX_PATH=${CMAKE_PREFIX_PATH}:/opt/ros/jazzy /usr/bin/cmake --install /home/mg/linebot_ws/build/diffdrive_arduino
[1.479s] Level 1:colcon.colcon_core.environment:checking '/home/mg/linebot_ws/install/diffdrive_arduino' for CMake module files
[1.480s] Level 1:colcon.colcon_core.environment:checking '/home/mg/linebot_ws/install/diffdrive_arduino' for CMake config files
[1.480s] Level 1:colcon.colcon_core.shell:create_environment_hook('diffdrive_arduino', 'cmake_prefix_path')
[1.481s] INFO:colcon.colcon_core.shell:Creating environment hook '/home/mg/linebot_ws/install/diffdrive_arduino/share/diffdrive_arduino/hook/cmake_prefix_path.ps1'
[1.481s] INFO:colcon.colcon_core.shell:Creating environment descriptor '/home/mg/linebot_ws/install/diffdrive_arduino/share/diffdrive_arduino/hook/cmake_prefix_path.dsv'
[1.482s] INFO:colcon.colcon_core.shell:Creating environment hook '/home/mg/linebot_ws/install/diffdrive_arduino/share/diffdrive_arduino/hook/cmake_prefix_path.sh'
[1.483s] Level 1:colcon.colcon_core.environment:checking '/home/mg/linebot_ws/install/diffdrive_arduino/lib'
[1.483s] Level 1:colcon.colcon_core.shell:create_environment_hook('diffdrive_arduino', 'ld_library_path_lib')
[1.483s] INFO:colcon.colcon_core.shell:Creating environment hook '/home/mg/linebot_ws/install/diffdrive_arduino/share/diffdrive_arduino/hook/ld_library_path_lib.ps1'
[1.484s] INFO:colcon.colcon_core.shell:Creating environment descriptor '/home/mg/linebot_ws/install/diffdrive_arduino/share/diffdrive_arduino/hook/ld_library_path_lib.dsv'
[1.484s] INFO:colcon.colcon_core.shell:Creating environment hook '/home/mg/linebot_ws/install/diffdrive_arduino/share/diffdrive_arduino/hook/ld_library_path_lib.sh'
[1.485s] Level 1:colcon.colcon_core.environment:checking '/home/mg/linebot_ws/install/diffdrive_arduino/bin'
[1.485s] Level 1:colcon.colcon_core.environment:checking '/home/mg/linebot_ws/install/diffdrive_arduino/lib/pkgconfig/diffdrive_arduino.pc'
[1.485s] Level 1:colcon.colcon_core.environment:checking '/home/mg/linebot_ws/install/diffdrive_arduino/lib/python3.12/site-packages'
[1.486s] Level 1:colcon.colcon_core.environment:checking '/home/mg/linebot_ws/install/diffdrive_arduino/bin'
[1.486s] INFO:colcon.colcon_core.shell:Creating package script '/home/mg/linebot_ws/install/diffdrive_arduino/share/diffdrive_arduino/package.ps1'
[1.487s] INFO:colcon.colcon_core.shell:Creating package descriptor '/home/mg/linebot_ws/install/diffdrive_arduino/share/diffdrive_arduino/package.dsv'
[1.488s] INFO:colcon.colcon_core.shell:Creating package script '/home/mg/linebot_ws/install/diffdrive_arduino/share/diffdrive_arduino/package.sh'
[1.488s] INFO:colcon.colcon_core.shell:Creating package script '/home/mg/linebot_ws/install/diffdrive_arduino/share/diffdrive_arduino/package.bash'
[1.489s] INFO:colcon.colcon_core.shell:Creating package script '/home/mg/linebot_ws/install/diffdrive_arduino/share/diffdrive_arduino/package.zsh'
[1.490s] Level 1:colcon.colcon_core.environment:create_file_with_runtime_dependencies(/home/mg/linebot_ws/install/diffdrive_arduino/share/colcon-core/packages/diffdrive_arduino)
[1.491s] Level 1:colcon.colcon_core.environment:create_environment_scripts_only(diffdrive_arduino)
[1.491s] Level 1:colcon.colcon_core.environment:checking '/home/mg/linebot_ws/install/diffdrive_arduino' for CMake module files
[1.492s] Level 1:colcon.colcon_core.environment:checking '/home/mg/linebot_ws/install/diffdrive_arduino' for CMake config files
[1.492s] Level 1:colcon.colcon_core.shell:create_environment_hook('diffdrive_arduino', 'cmake_prefix_path')
[1.493s] INFO:colcon.colcon_core.shell:Creating environment hook '/home/mg/linebot_ws/install/diffdrive_arduino/share/diffdrive_arduino/hook/cmake_prefix_path.ps1'
[1.493s] INFO:colcon.colcon_core.shell:Creating environment descriptor '/home/mg/linebot_ws/install/diffdrive_arduino/share/diffdrive_arduino/hook/cmake_prefix_path.dsv'
[1.494s] INFO:colcon.colcon_core.shell:Creating environment hook '/home/mg/linebot_ws/install/diffdrive_arduino/share/diffdrive_arduino/hook/cmake_prefix_path.sh'
[1.495s] Level 1:colcon.colcon_core.environment:checking '/home/mg/linebot_ws/install/diffdrive_arduino/lib'
[1.495s] Level 1:colcon.colcon_core.shell:create_environment_hook('diffdrive_arduino', 'ld_library_path_lib')
[1.495s] INFO:colcon.colcon_core.shell:Creating environment hook '/home/mg/linebot_ws/install/diffdrive_arduino/share/diffdrive_arduino/hook/ld_library_path_lib.ps1'
[1.495s] INFO:colcon.colcon_core.shell:Creating environment descriptor '/home/mg/linebot_ws/install/diffdrive_arduino/share/diffdrive_arduino/hook/ld_library_path_lib.dsv'
[1.496s] INFO:colcon.colcon_core.shell:Creating environment hook '/home/mg/linebot_ws/install/diffdrive_arduino/share/diffdrive_arduino/hook/ld_library_path_lib.sh'
[1.496s] Level 1:colcon.colcon_core.environment:checking '/home/mg/linebot_ws/install/diffdrive_arduino/bin'
[1.496s] Level 1:colcon.colcon_core.environment:checking '/home/mg/linebot_ws/install/diffdrive_arduino/lib/pkgconfig/diffdrive_arduino.pc'
[1.497s] Level 1:colcon.colcon_core.environment:checking '/home/mg/linebot_ws/install/diffdrive_arduino/lib/python3.12/site-packages'
[1.497s] Level 1:colcon.colcon_core.environment:checking '/home/mg/linebot_ws/install/diffdrive_arduino/bin'
[1.497s] INFO:colcon.colcon_core.shell:Creating package script '/home/mg/linebot_ws/install/diffdrive_arduino/share/diffdrive_arduino/package.ps1'
[1.498s] INFO:colcon.colcon_core.shell:Creating package descriptor '/home/mg/linebot_ws/install/diffdrive_arduino/share/diffdrive_arduino/package.dsv'
[1.499s] INFO:colcon.colcon_core.shell:Creating package script '/home/mg/linebot_ws/install/diffdrive_arduino/share/diffdrive_arduino/package.sh'
[1.499s] INFO:colcon.colcon_core.shell:Creating package script '/home/mg/linebot_ws/install/diffdrive_arduino/share/diffdrive_arduino/package.bash'
[1.500s] INFO:colcon.colcon_core.shell:Creating package script '/home/mg/linebot_ws/install/diffdrive_arduino/share/diffdrive_arduino/package.zsh'
[1.500s] Level 1:colcon.colcon_core.environment:create_file_with_runtime_dependencies(/home/mg/linebot_ws/install/diffdrive_arduino/share/colcon-core/packages/diffdrive_arduino)
[1.501s] Level 1:colcon.colcon_core.environment:create_environment_scripts_only(linebot)
[1.501s] Level 1:colcon.colcon_core.environment:checking '/home/mg/linebot_ws/install/linebot' for CMake module files
[1.503s] DEBUG:colcon.colcon_core.event_handler.log_command:Invoked command in '/home/mg/linebot_ws/build/linebot' returned '0': CMAKE_PREFIX_PATH=${CMAKE_PREFIX_PATH}:/opt/ros/jazzy /usr/bin/cmake --install /home/mg/linebot_ws/build/linebot
[1.504s] Level 1:colcon.colcon_core.environment:checking '/home/mg/linebot_ws/install/linebot' for CMake config files
[1.505s] Level 1:colcon.colcon_core.shell:create_environment_hook('linebot', 'cmake_prefix_path')
[1.505s] INFO:colcon.colcon_core.shell:Creating environment hook '/home/mg/linebot_ws/install/linebot/share/linebot/hook/cmake_prefix_path.ps1'
[1.506s] INFO:colcon.colcon_core.shell:Creating environment descriptor '/home/mg/linebot_ws/install/linebot/share/linebot/hook/cmake_prefix_path.dsv'
[1.506s] INFO:colcon.colcon_core.shell:Creating environment hook '/home/mg/linebot_ws/install/linebot/share/linebot/hook/cmake_prefix_path.sh'
[1.507s] Level 1:colcon.colcon_core.environment:checking '/home/mg/linebot_ws/install/linebot/lib'
[1.507s] Level 1:colcon.colcon_core.environment:checking '/home/mg/linebot_ws/install/linebot/bin'
[1.508s] Level 1:colcon.colcon_core.environment:checking '/home/mg/linebot_ws/install/linebot/lib/pkgconfig/linebot.pc'
[1.508s] Level 1:colcon.colcon_core.environment:checking '/home/mg/linebot_ws/install/linebot/lib/python3.12/site-packages'
[1.509s] Level 1:colcon.colcon_core.environment:checking '/home/mg/linebot_ws/install/linebot/bin'
[1.509s] INFO:colcon.colcon_core.shell:Creating package script '/home/mg/linebot_ws/install/linebot/share/linebot/package.ps1'
[1.510s] INFO:colcon.colcon_core.shell:Creating package descriptor '/home/mg/linebot_ws/install/linebot/share/linebot/package.dsv'
[1.512s] INFO:colcon.colcon_core.shell:Creating package script '/home/mg/linebot_ws/install/linebot/share/linebot/package.sh'
[1.512s] INFO:colcon.colcon_core.shell:Creating package script '/home/mg/linebot_ws/install/linebot/share/linebot/package.bash'
[1.513s] INFO:colcon.colcon_core.shell:Creating package script '/home/mg/linebot_ws/install/linebot/share/linebot/package.zsh'
[1.514s] Level 1:colcon.colcon_core.environment:create_file_with_runtime_dependencies(/home/mg/linebot_ws/install/linebot/share/colcon-core/packages/linebot)
[1.515s] Level 1:colcon.colcon_core.environment:create_environment_scripts_only(linebot)
[1.515s] Level 1:colcon.colcon_core.environment:checking '/home/mg/linebot_ws/install/linebot' for CMake module files
[1.517s] Level 1:colcon.colcon_core.environment:checking '/home/mg/linebot_ws/install/linebot' for CMake config files
[1.518s] Level 1:colcon.colcon_core.shell:create_environment_hook('linebot', 'cmake_prefix_path')
[1.519s] INFO:colcon.colcon_core.shell:Creating environment hook '/home/mg/linebot_ws/install/linebot/share/linebot/hook/cmake_prefix_path.ps1'
[1.520s] INFO:colcon.colcon_core.shell:Creating environment descriptor '/home/mg/linebot_ws/install/linebot/share/linebot/hook/cmake_prefix_path.dsv'
[1.520s] INFO:colcon.colcon_core.shell:Creating environment hook '/home/mg/linebot_ws/install/linebot/share/linebot/hook/cmake_prefix_path.sh'
[1.521s] Level 1:colcon.colcon_core.environment:checking '/home/mg/linebot_ws/install/linebot/lib'
[1.522s] Level 1:colcon.colcon_core.environment:checking '/home/mg/linebot_ws/install/linebot/bin'
[1.522s] Level 1:colcon.colcon_core.environment:checking '/home/mg/linebot_ws/install/linebot/lib/pkgconfig/linebot.pc'
[1.522s] Level 1:colcon.colcon_core.environment:checking '/home/mg/linebot_ws/install/linebot/lib/python3.12/site-packages'
[1.523s] Level 1:colcon.colcon_core.environment:checking '/home/mg/linebot_ws/install/linebot/bin'
[1.523s] INFO:colcon.colcon_core.shell:Creating package script '/home/mg/linebot_ws/install/linebot/share/linebot/package.ps1'
[1.524s] INFO:colcon.colcon_core.shell:Creating package descriptor '/home/mg/linebot_ws/install/linebot/share/linebot/package.dsv'
[1.525s] INFO:colcon.colcon_core.shell:Creating package script '/home/mg/linebot_ws/install/linebot/share/linebot/package.sh'
[1.526s] INFO:colcon.colcon_core.shell:Creating package script '/home/mg/linebot_ws/install/linebot/share/linebot/package.bash'
[1.526s] INFO:colcon.colcon_core.shell:Creating package script '/home/mg/linebot_ws/install/linebot/share/linebot/package.zsh'
[1.527s] Level 1:colcon.colcon_core.environment:create_file_with_runtime_dependencies(/home/mg/linebot_ws/install/linebot/share/colcon-core/packages/linebot)
[1.530s] DEBUG:colcon.colcon_core.event_handler.log_command:Invoked command in '/home/mg/linebot_ws/build/serial' returned '0': CMAKE_PREFIX_PATH=${CMAKE_PREFIX_PATH}:/opt/ros/jazzy /usr/bin/cmake --build /home/mg/linebot_ws/build/serial -- -j16 -l16
[1.531s] DEBUG:colcon.colcon_core.event_handler.log_command:Invoking command in '/home/mg/linebot_ws/build/serial': CMAKE_PREFIX_PATH=${CMAKE_PREFIX_PATH}:/opt/ros/jazzy /usr/bin/cmake --install /home/mg/linebot_ws/build/serial
[1.532s] DEBUG:colcon.colcon_core.event_handler.log_command:Invoked command in '/home/mg/linebot_ws/build/sllidar_ros2' returned '0': CMAKE_PREFIX_PATH=${CMAKE_PREFIX_PATH}:/opt/ros/jazzy /usr/bin/cmake --build /home/mg/linebot_ws/build/sllidar_ros2 -- -j16 -l16
[1.533s] DEBUG:colcon.colcon_core.event_handler.log_command:Invoking command in '/home/mg/linebot_ws/build/sllidar_ros2': CMAKE_PREFIX_PATH=${CMAKE_PREFIX_PATH}:/opt/ros/jazzy /usr/bin/cmake --install /home/mg/linebot_ws/build/sllidar_ros2
[1.588s] Level 1:colcon.colcon_core.environment:create_environment_scripts_only(serial)
[1.588s] Level 1:colcon.colcon_core.environment:checking '/home/mg/linebot_ws/install/serial' for CMake module files
[1.589s] DEBUG:colcon.colcon_core.event_handler.log_command:Invoked command in '/home/mg/linebot_ws/build/serial' returned '0': CMAKE_PREFIX_PATH=${CMAKE_PREFIX_PATH}:/opt/ros/jazzy /usr/bin/cmake --install /home/mg/linebot_ws/build/serial
[1.590s] Level 1:colcon.colcon_core.environment:checking '/home/mg/linebot_ws/install/serial' for CMake config files
[1.591s] Level 1:colcon.colcon_core.shell:create_environment_hook('serial', 'cmake_prefix_path')
[1.592s] INFO:colcon.colcon_core.shell:Creating environment hook '/home/mg/linebot_ws/install/serial/share/serial/hook/cmake_prefix_path.ps1'
[1.592s] INFO:colcon.colcon_core.shell:Creating environment descriptor '/home/mg/linebot_ws/install/serial/share/serial/hook/cmake_prefix_path.dsv'
[1.593s] INFO:colcon.colcon_core.shell:Creating environment hook '/home/mg/linebot_ws/install/serial/share/serial/hook/cmake_prefix_path.sh'
[1.594s] Level 1:colcon.colcon_core.environment:checking '/home/mg/linebot_ws/install/serial/lib'
[1.595s] Level 1:colcon.colcon_core.environment:checking '/home/mg/linebot_ws/install/serial/bin'
[1.595s] Level 1:colcon.colcon_core.environment:checking '/home/mg/linebot_ws/install/serial/lib/pkgconfig/serial.pc'
[1.596s] Level 1:colcon.colcon_core.environment:checking '/home/mg/linebot_ws/install/serial/lib/python3.12/site-packages'
[1.596s] Level 1:colcon.colcon_core.environment:checking '/home/mg/linebot_ws/install/serial/bin'
[1.597s] INFO:colcon.colcon_core.shell:Creating package script '/home/mg/linebot_ws/install/serial/share/serial/package.ps1'
[1.599s] INFO:colcon.colcon_core.shell:Creating package descriptor '/home/mg/linebot_ws/install/serial/share/serial/package.dsv'
[1.600s] INFO:colcon.colcon_core.shell:Creating package script '/home/mg/linebot_ws/install/serial/share/serial/package.sh'
[1.601s] INFO:colcon.colcon_core.shell:Creating package script '/home/mg/linebot_ws/install/serial/share/serial/package.bash'
[1.601s] INFO:colcon.colcon_core.shell:Creating package script '/home/mg/linebot_ws/install/serial/share/serial/package.zsh'
[1.602s] Level 1:colcon.colcon_core.environment:create_file_with_runtime_dependencies(/home/mg/linebot_ws/install/serial/share/colcon-core/packages/serial)
[1.602s] Level 1:colcon.colcon_core.environment:create_environment_scripts_only(serial)
[1.603s] Level 1:colcon.colcon_core.environment:checking '/home/mg/linebot_ws/install/serial' for CMake module files
[1.603s] Level 1:colcon.colcon_core.environment:checking '/home/mg/linebot_ws/install/serial' for CMake config files
[1.604s] Level 1:colcon.colcon_core.shell:create_environment_hook('serial', 'cmake_prefix_path')
[1.605s] INFO:colcon.colcon_core.shell:Creating environment hook '/home/mg/linebot_ws/install/serial/share/serial/hook/cmake_prefix_path.ps1'
[1.606s] INFO:colcon.colcon_core.shell:Creating environment descriptor '/home/mg/linebot_ws/install/serial/share/serial/hook/cmake_prefix_path.dsv'
[1.606s] INFO:colcon.colcon_core.shell:Creating environment hook '/home/mg/linebot_ws/install/serial/share/serial/hook/cmake_prefix_path.sh'
[1.607s] Level 1:colcon.colcon_core.environment:checking '/home/mg/linebot_ws/install/serial/lib'
[1.608s] Level 1:colcon.colcon_core.environment:checking '/home/mg/linebot_ws/install/serial/bin'
[1.608s] Level 1:colcon.colcon_core.environment:checking '/home/mg/linebot_ws/install/serial/lib/pkgconfig/serial.pc'
[1.608s] Level 1:colcon.colcon_core.environment:checking '/home/mg/linebot_ws/install/serial/lib/python3.12/site-packages'
[1.608s] Level 1:colcon.colcon_core.environment:checking '/home/mg/linebot_ws/install/serial/bin'
[1.609s] INFO:colcon.colcon_core.shell:Creating package script '/home/mg/linebot_ws/install/serial/share/serial/package.ps1'
[1.610s] INFO:colcon.colcon_core.shell:Creating package descriptor '/home/mg/linebot_ws/install/serial/share/serial/package.dsv'
[1.610s] INFO:colcon.colcon_core.shell:Creating package script '/home/mg/linebot_ws/install/serial/share/serial/package.sh'
[1.611s] INFO:colcon.colcon_core.shell:Creating package script '/home/mg/linebot_ws/install/serial/share/serial/package.bash'
[1.612s] INFO:colcon.colcon_core.shell:Creating package script '/home/mg/linebot_ws/install/serial/share/serial/package.zsh'
[1.612s] Level 1:colcon.colcon_core.environment:create_file_with_runtime_dependencies(/home/mg/linebot_ws/install/serial/share/colcon-core/packages/serial)
[1.614s] Level 1:colcon.colcon_core.environment:create_environment_scripts_only(sllidar_ros2)
[1.615s] Level 1:colcon.colcon_core.environment:checking '/home/mg/linebot_ws/install/sllidar_ros2' for CMake module files
[1.616s] DEBUG:colcon.colcon_core.event_handler.log_command:Invoked command in '/home/mg/linebot_ws/build/sllidar_ros2' returned '0': CMAKE_PREFIX_PATH=${CMAKE_PREFIX_PATH}:/opt/ros/jazzy /usr/bin/cmake --install /home/mg/linebot_ws/build/sllidar_ros2
[1.617s] Level 1:colcon.colcon_core.environment:checking '/home/mg/linebot_ws/install/sllidar_ros2' for CMake config files
[1.617s] Level 1:colcon.colcon_core.shell:create_environment_hook('sllidar_ros2', 'cmake_prefix_path')
[1.618s] INFO:colcon.colcon_core.shell:Creating environment hook '/home/mg/linebot_ws/install/sllidar_ros2/share/sllidar_ros2/hook/cmake_prefix_path.ps1'
[1.618s] INFO:colcon.colcon_core.shell:Creating environment descriptor '/home/mg/linebot_ws/install/sllidar_ros2/share/sllidar_ros2/hook/cmake_prefix_path.dsv'
[1.619s] INFO:colcon.colcon_core.shell:Creating environment hook '/home/mg/linebot_ws/install/sllidar_ros2/share/sllidar_ros2/hook/cmake_prefix_path.sh'
[1.620s] Level 1:colcon.colcon_core.environment:checking '/home/mg/linebot_ws/install/sllidar_ros2/lib'
[1.620s] Level 1:colcon.colcon_core.environment:checking '/home/mg/linebot_ws/install/sllidar_ros2/bin'
[1.620s] Level 1:colcon.colcon_core.environment:checking '/home/mg/linebot_ws/install/sllidar_ros2/lib/pkgconfig/sllidar_ros2.pc'
[1.620s] Level 1:colcon.colcon_core.environment:checking '/home/mg/linebot_ws/install/sllidar_ros2/lib/python3.12/site-packages'
[1.621s] Level 1:colcon.colcon_core.environment:checking '/home/mg/linebot_ws/install/sllidar_ros2/bin'
[1.621s] INFO:colcon.colcon_core.shell:Creating package script '/home/mg/linebot_ws/install/sllidar_ros2/share/sllidar_ros2/package.ps1'
[1.622s] INFO:colcon.colcon_core.shell:Creating package descriptor '/home/mg/linebot_ws/install/sllidar_ros2/share/sllidar_ros2/package.dsv'
[1.622s] INFO:colcon.colcon_core.shell:Creating package script '/home/mg/linebot_ws/install/sllidar_ros2/share/sllidar_ros2/package.sh'
[1.623s] INFO:colcon.colcon_core.shell:Creating package script '/home/mg/linebot_ws/install/sllidar_ros2/share/sllidar_ros2/package.bash'
[1.624s] INFO:colcon.colcon_core.shell:Creating package script '/home/mg/linebot_ws/install/sllidar_ros2/share/sllidar_ros2/package.zsh'
[1.624s] Level 1:colcon.colcon_core.environment:create_file_with_runtime_dependencies(/home/mg/linebot_ws/install/sllidar_ros2/share/colcon-core/packages/sllidar_ros2)
[1.625s] Level 1:colcon.colcon_core.environment:create_environment_scripts_only(sllidar_ros2)
[1.625s] Level 1:colcon.colcon_core.environment:checking '/home/mg/linebot_ws/install/sllidar_ros2' for CMake module files
[1.626s] Level 1:colcon.colcon_core.environment:checking '/home/mg/linebot_ws/install/sllidar_ros2' for CMake config files
[1.626s] Level 1:colcon.colcon_core.shell:create_environment_hook('sllidar_ros2', 'cmake_prefix_path')
[1.627s] INFO:colcon.colcon_core.shell:Creating environment hook '/home/mg/linebot_ws/install/sllidar_ros2/share/sllidar_ros2/hook/cmake_prefix_path.ps1'
[1.627s] INFO:colcon.colcon_core.shell:Creating environment descriptor '/home/mg/linebot_ws/install/sllidar_ros2/share/sllidar_ros2/hook/cmake_prefix_path.dsv'
[1.628s] INFO:colcon.colcon_core.shell:Creating environment hook '/home/mg/linebot_ws/install/sllidar_ros2/share/sllidar_ros2/hook/cmake_prefix_path.sh'
[1.629s] Level 1:colcon.colcon_core.environment:checking '/home/mg/linebot_ws/install/sllidar_ros2/lib'
[1.629s] Level 1:colcon.colcon_core.environment:checking '/home/mg/linebot_ws/install/sllidar_ros2/bin'
[1.629s] Level 1:colcon.colcon_core.environment:checking '/home/mg/linebot_ws/install/sllidar_ros2/lib/pkgconfig/sllidar_ros2.pc'
[1.629s] Level 1:colcon.colcon_core.environment:checking '/home/mg/linebot_ws/install/sllidar_ros2/lib/python3.12/site-packages'
[1.630s] Level 1:colcon.colcon_core.environment:checking '/home/mg/linebot_ws/install/sllidar_ros2/bin'
[1.630s] INFO:colcon.colcon_core.shell:Creating package script '/home/mg/linebot_ws/install/sllidar_ros2/share/sllidar_ros2/package.ps1'
[1.631s] INFO:colcon.colcon_core.shell:Creating package descriptor '/home/mg/linebot_ws/install/sllidar_ros2/share/sllidar_ros2/package.dsv'
[1.631s] INFO:colcon.colcon_core.shell:Creating package script '/home/mg/linebot_ws/install/sllidar_ros2/share/sllidar_ros2/package.sh'
[1.632s] INFO:colcon.colcon_core.shell:Creating package script '/home/mg/linebot_ws/install/sllidar_ros2/share/sllidar_ros2/package.bash'
[1.633s] INFO:colcon.colcon_core.shell:Creating package script '/home/mg/linebot_ws/install/sllidar_ros2/share/sllidar_ros2/package.zsh'
[1.633s] Level 1:colcon.colcon_core.environment:create_file_with_runtime_dependencies(/home/mg/linebot_ws/install/sllidar_ros2/share/colcon-core/packages/sllidar_ros2)
[2.416s] DEBUG:colcon.colcon_core.event_handler.log_command:Invoking command in '/home/mg/linebot_ws/build/linefollower_cv': PYTHONPATH=/home/mg/linebot_ws/build/linefollower_cv/prefix_override:/usr/lib/python3/dist-packages/colcon_core/task/python/colcon_distutils_commands:/home/mg/linebot_ws/install/linefollower_cv/lib/python3.12/site-packages:${PYTHONPATH} /usr/bin/python3 -W ignore:setup.py install is deprecated -W ignore:easy_install command is deprecated setup.py develop --editable --build-directory /home/mg/linebot_ws/build/linefollower_cv/build --no-deps symlink_data
[2.492s] DEBUG:colcon.colcon_core.event_handler.log_command:Invoking command in '/home/mg/linebot_ws/build/twist_stamper': PYTHONPATH=/home/mg/linebot_ws/build/twist_stamper/prefix_override:/usr/lib/python3/dist-packages/colcon_core/task/python/colcon_distutils_commands:/home/mg/linebot_ws/install/twist_stamper/lib/python3.12/site-packages:${PYTHONPATH} /usr/bin/python3 -W ignore:setup.py install is deprecated -W ignore:easy_install command is deprecated setup.py develop --editable --build-directory /home/mg/linebot_ws/build/twist_stamper/build --no-deps symlink_data
[3.410s] Level 1:colcon.colcon_core.shell:create_environment_hook('linefollower_cv', 'pythonpath_develop')
[3.411s] INFO:colcon.colcon_core.shell:Creating environment hook '/home/mg/linebot_ws/build/linefollower_cv/share/linefollower_cv/hook/pythonpath_develop.ps1'
[3.411s] DEBUG:colcon.colcon_core.event_handler.log_command:Invoked command in '/home/mg/linebot_ws/build/linefollower_cv' returned '0': PYTHONPATH=/home/mg/linebot_ws/build/linefollower_cv/prefix_override:/usr/lib/python3/dist-packages/colcon_core/task/python/colcon_distutils_commands:/home/mg/linebot_ws/install/linefollower_cv/lib/python3.12/site-packages:${PYTHONPATH} /usr/bin/python3 -W ignore:setup.py install is deprecated -W ignore:easy_install command is deprecated setup.py develop --editable --build-directory /home/mg/linebot_ws/build/linefollower_cv/build --no-deps symlink_data
[3.412s] INFO:colcon.colcon_core.shell:Creating environment descriptor '/home/mg/linebot_ws/build/linefollower_cv/share/linefollower_cv/hook/pythonpath_develop.dsv'
[3.413s] INFO:colcon.colcon_core.shell:Creating environment hook '/home/mg/linebot_ws/build/linefollower_cv/share/linefollower_cv/hook/pythonpath_develop.sh'
[3.414s] Level 1:colcon.colcon_core.environment:checking '/home/mg/linebot_ws/install/linefollower_cv' for CMake module files
[3.414s] Level 1:colcon.colcon_core.environment:checking '/home/mg/linebot_ws/install/linefollower_cv' for CMake config files
[3.415s] Level 1:colcon.colcon_core.environment:checking '/home/mg/linebot_ws/install/linefollower_cv/lib'
[3.415s] Level 1:colcon.colcon_core.environment:checking '/home/mg/linebot_ws/install/linefollower_cv/bin'
[3.416s] Level 1:colcon.colcon_core.environment:checking '/home/mg/linebot_ws/install/linefollower_cv/lib/pkgconfig/linefollower_cv.pc'
[3.416s] Level 1:colcon.colcon_core.environment:checking '/home/mg/linebot_ws/install/linefollower_cv/lib/python3.12/site-packages'
[3.416s] Level 1:colcon.colcon_core.shell:create_environment_hook('linefollower_cv', 'pythonpath')
[3.416s] INFO:colcon.colcon_core.shell:Creating environment hook '/home/mg/linebot_ws/install/linefollower_cv/share/linefollower_cv/hook/pythonpath.ps1'
[3.417s] INFO:colcon.colcon_core.shell:Creating environment descriptor '/home/mg/linebot_ws/install/linefollower_cv/share/linefollower_cv/hook/pythonpath.dsv'
[3.417s] INFO:colcon.colcon_core.shell:Creating environment hook '/home/mg/linebot_ws/install/linefollower_cv/share/linefollower_cv/hook/pythonpath.sh'
[3.418s] Level 1:colcon.colcon_core.environment:checking '/home/mg/linebot_ws/install/linefollower_cv/bin'
[3.418s] Level 1:colcon.colcon_core.environment:create_environment_scripts_only(linefollower_cv)
[3.419s] INFO:colcon.colcon_core.shell:Creating package script '/home/mg/linebot_ws/install/linefollower_cv/share/linefollower_cv/package.ps1'
[3.420s] INFO:colcon.colcon_core.shell:Creating package descriptor '/home/mg/linebot_ws/install/linefollower_cv/share/linefollower_cv/package.dsv'
[3.420s] INFO:colcon.colcon_core.shell:Creating package script '/home/mg/linebot_ws/install/linefollower_cv/share/linefollower_cv/package.sh'
[3.421s] INFO:colcon.colcon_core.shell:Creating package script '/home/mg/linebot_ws/install/linefollower_cv/share/linefollower_cv/package.bash'
[3.421s] INFO:colcon.colcon_core.shell:Creating package script '/home/mg/linebot_ws/install/linefollower_cv/share/linefollower_cv/package.zsh'
[3.422s] Level 1:colcon.colcon_core.environment:create_file_with_runtime_dependencies(/home/mg/linebot_ws/install/linefollower_cv/share/colcon-core/packages/linefollower_cv)
[3.483s] Level 1:colcon.colcon_core.shell:create_environment_hook('twist_stamper', 'pythonpath_develop')
[3.484s] INFO:colcon.colcon_core.shell:Creating environment hook '/home/mg/linebot_ws/build/twist_stamper/share/twist_stamper/hook/pythonpath_develop.ps1'
[3.485s] DEBUG:colcon.colcon_core.event_handler.log_command:Invoked command in '/home/mg/linebot_ws/build/twist_stamper' returned '0': PYTHONPATH=/home/mg/linebot_ws/build/twist_stamper/prefix_override:/usr/lib/python3/dist-packages/colcon_core/task/python/colcon_distutils_commands:/home/mg/linebot_ws/install/twist_stamper/lib/python3.12/site-packages:${PYTHONPATH} /usr/bin/python3 -W ignore:setup.py install is deprecated -W ignore:easy_install command is deprecated setup.py develop --editable --build-directory /home/mg/linebot_ws/build/twist_stamper/build --no-deps symlink_data
[3.485s] INFO:colcon.colcon_core.shell:Creating environment descriptor '/home/mg/linebot_ws/build/twist_stamper/share/twist_stamper/hook/pythonpath_develop.dsv'
[3.485s] INFO:colcon.colcon_core.shell:Creating environment hook '/home/mg/linebot_ws/build/twist_stamper/share/twist_stamper/hook/pythonpath_develop.sh'
[3.486s] Level 1:colcon.colcon_core.environment:checking '/home/mg/linebot_ws/install/twist_stamper' for CMake module files
[3.487s] Level 1:colcon.colcon_core.environment:checking '/home/mg/linebot_ws/install/twist_stamper' for CMake config files
[3.488s] Level 1:colcon.colcon_core.environment:checking '/home/mg/linebot_ws/install/twist_stamper/lib'
[3.488s] Level 1:colcon.colcon_core.environment:checking '/home/mg/linebot_ws/install/twist_stamper/bin'
[3.488s] Level 1:colcon.colcon_core.environment:checking '/home/mg/linebot_ws/install/twist_stamper/lib/pkgconfig/twist_stamper.pc'
[3.488s] Level 1:colcon.colcon_core.environment:checking '/home/mg/linebot_ws/install/twist_stamper/lib/python3.12/site-packages'
[3.488s] Level 1:colcon.colcon_core.shell:create_environment_hook('twist_stamper', 'pythonpath')
[3.488s] INFO:colcon.colcon_core.shell:Creating environment hook '/home/mg/linebot_ws/install/twist_stamper/share/twist_stamper/hook/pythonpath.ps1'
[3.489s] INFO:colcon.colcon_core.shell:Creating environment descriptor '/home/mg/linebot_ws/install/twist_stamper/share/twist_stamper/hook/pythonpath.dsv'
[3.490s] INFO:colcon.colcon_core.shell:Creating environment hook '/home/mg/linebot_ws/install/twist_stamper/share/twist_stamper/hook/pythonpath.sh'
[3.490s] Level 1:colcon.colcon_core.environment:checking '/home/mg/linebot_ws/install/twist_stamper/bin'
[3.490s] Level 1:colcon.colcon_core.environment:create_environment_scripts_only(twist_stamper)
[3.491s] INFO:colcon.colcon_core.shell:Creating package script '/home/mg/linebot_ws/install/twist_stamper/share/twist_stamper/package.ps1'
[3.492s] INFO:colcon.colcon_core.shell:Creating package descriptor '/home/mg/linebot_ws/install/twist_stamper/share/twist_stamper/package.dsv'
[3.492s] INFO:colcon.colcon_core.shell:Creating package script '/home/mg/linebot_ws/install/twist_stamper/share/twist_stamper/package.sh'
[3.493s] INFO:colcon.colcon_core.shell:Creating package script '/home/mg/linebot_ws/install/twist_stamper/share/twist_stamper/package.bash'
[3.493s] INFO:colcon.colcon_core.shell:Creating package script '/home/mg/linebot_ws/install/twist_stamper/share/twist_stamper/package.zsh'
[3.494s] Level 1:colcon.colcon_core.environment:create_file_with_runtime_dependencies(/home/mg/linebot_ws/install/twist_stamper/share/colcon-core/packages/twist_stamper)
[7.622s] DEBUG:colcon.colcon_core.event_handler.log_command:Invoked command in '/home/mg/linebot_ws/build/camera_ros' returned '0': CMAKE_PREFIX_PATH=${CMAKE_PREFIX_PATH}:/opt/ros/jazzy /usr/bin/cmake /home/mg/linebot_ws/src/camera_ros -DAMENT_CMAKE_SYMLINK_INSTALL=1 -DCMAKE_INSTALL_PREFIX=/home/mg/linebot_ws/install/camera_ros
[7.623s] DEBUG:colcon.colcon_core.event_handler.log_command:Invoking command in '/home/mg/linebot_ws/build/camera_ros': CMAKE_PREFIX_PATH=${CMAKE_PREFIX_PATH}:/opt/ros/jazzy /usr/bin/cmake --build /home/mg/linebot_ws/build/camera_ros -- -j16 -l16
[28.401s] DEBUG:colcon.colcon_core.event_handler.log_command:Invoked command in '/home/mg/linebot_ws/build/camera_ros' returned '0': CMAKE_PREFIX_PATH=${CMAKE_PREFIX_PATH}:/opt/ros/jazzy /usr/bin/cmake --build /home/mg/linebot_ws/build/camera_ros -- -j16 -l16
[28.403s] DEBUG:colcon.colcon_core.event_handler.log_command:Invoking command in '/home/mg/linebot_ws/build/camera_ros': CMAKE_PREFIX_PATH=${CMAKE_PREFIX_PATH}:/opt/ros/jazzy /usr/bin/cmake --install /home/mg/linebot_ws/build/camera_ros
[28.884s] Level 1:colcon.colcon_core.environment:create_environment_scripts_only(camera_ros)
[28.885s] Level 1:colcon.colcon_core.environment:checking '/home/mg/linebot_ws/install/camera_ros' for CMake module files
[28.885s] DEBUG:colcon.colcon_core.event_handler.log_command:Invoked command in '/home/mg/linebot_ws/build/camera_ros' returned '0': CMAKE_PREFIX_PATH=${CMAKE_PREFIX_PATH}:/opt/ros/jazzy /usr/bin/cmake --install /home/mg/linebot_ws/build/camera_ros
[28.886s] Level 1:colcon.colcon_core.environment:checking '/home/mg/linebot_ws/install/camera_ros' for CMake config files
[28.887s] Level 1:colcon.colcon_core.shell:create_environment_hook('camera_ros', 'cmake_prefix_path')
[28.887s] INFO:colcon.colcon_core.shell:Creating environment hook '/home/mg/linebot_ws/install/camera_ros/share/camera_ros/hook/cmake_prefix_path.ps1'
[28.888s] INFO:colcon.colcon_core.shell:Creating environment descriptor '/home/mg/linebot_ws/install/camera_ros/share/camera_ros/hook/cmake_prefix_path.dsv'
[28.889s] INFO:colcon.colcon_core.shell:Creating environment hook '/home/mg/linebot_ws/install/camera_ros/share/camera_ros/hook/cmake_prefix_path.sh'
[28.889s] Level 1:colcon.colcon_core.environment:checking '/home/mg/linebot_ws/install/camera_ros/lib'
[28.890s] Level 1:colcon.colcon_core.shell:create_environment_hook('camera_ros', 'ld_library_path_lib')
[28.890s] INFO:colcon.colcon_core.shell:Creating environment hook '/home/mg/linebot_ws/install/camera_ros/share/camera_ros/hook/ld_library_path_lib.ps1'
[28.890s] INFO:colcon.colcon_core.shell:Creating environment descriptor '/home/mg/linebot_ws/install/camera_ros/share/camera_ros/hook/ld_library_path_lib.dsv'
[28.891s] INFO:colcon.colcon_core.shell:Creating environment hook '/home/mg/linebot_ws/install/camera_ros/share/camera_ros/hook/ld_library_path_lib.sh'
[28.891s] Level 1:colcon.colcon_core.environment:checking '/home/mg/linebot_ws/install/camera_ros/bin'
[28.891s] Level 1:colcon.colcon_core.environment:checking '/home/mg/linebot_ws/install/camera_ros/lib/pkgconfig/camera_ros.pc'
[28.892s] Level 1:colcon.colcon_core.environment:checking '/home/mg/linebot_ws/install/camera_ros/lib/python3.12/site-packages'
[28.892s] Level 1:colcon.colcon_core.environment:checking '/home/mg/linebot_ws/install/camera_ros/bin'
[28.892s] INFO:colcon.colcon_core.shell:Creating package script '/home/mg/linebot_ws/install/camera_ros/share/camera_ros/package.ps1'
[28.893s] INFO:colcon.colcon_core.shell:Creating package descriptor '/home/mg/linebot_ws/install/camera_ros/share/camera_ros/package.dsv'
[28.893s] INFO:colcon.colcon_core.shell:Creating package script '/home/mg/linebot_ws/install/camera_ros/share/camera_ros/package.sh'
[28.894s] INFO:colcon.colcon_core.shell:Creating package script '/home/mg/linebot_ws/install/camera_ros/share/camera_ros/package.bash'
[28.894s] INFO:colcon.colcon_core.shell:Creating package script '/home/mg/linebot_ws/install/camera_ros/share/camera_ros/package.zsh'
[28.895s] Level 1:colcon.colcon_core.environment:create_file_with_runtime_dependencies(/home/mg/linebot_ws/install/camera_ros/share/colcon-core/packages/camera_ros)
[28.896s] Level 1:colcon.colcon_core.environment:create_environment_scripts_only(camera_ros)
[28.896s] Level 1:colcon.colcon_core.environment:checking '/home/mg/linebot_ws/install/camera_ros' for CMake module files
[28.896s] Level 1:colcon.colcon_core.environment:checking '/home/mg/linebot_ws/install/camera_ros' for CMake config files
[28.897s] Level 1:colcon.colcon_core.shell:create_environment_hook('camera_ros', 'cmake_prefix_path')
[28.897s] INFO:colcon.colcon_core.shell:Creating environment hook '/home/mg/linebot_ws/install/camera_ros/share/camera_ros/hook/cmake_prefix_path.ps1'
[28.898s] INFO:colcon.colcon_core.shell:Creating environment descriptor '/home/mg/linebot_ws/install/camera_ros/share/camera_ros/hook/cmake_prefix_path.dsv'
[28.898s] INFO:colcon.colcon_core.shell:Creating environment hook '/home/mg/linebot_ws/install/camera_ros/share/camera_ros/hook/cmake_prefix_path.sh'
[28.899s] Level 1:colcon.colcon_core.environment:checking '/home/mg/linebot_ws/install/camera_ros/lib'
[28.899s] Level 1:colcon.colcon_core.shell:create_environment_hook('camera_ros', 'ld_library_path_lib')
[28.899s] INFO:colcon.colcon_core.shell:Creating environment hook '/home/mg/linebot_ws/install/camera_ros/share/camera_ros/hook/ld_library_path_lib.ps1'
[28.900s] INFO:colcon.colcon_core.shell:Creating environment descriptor '/home/mg/linebot_ws/install/camera_ros/share/camera_ros/hook/ld_library_path_lib.dsv'
[28.900s] INFO:colcon.colcon_core.shell:Creating environment hook '/home/mg/linebot_ws/install/camera_ros/share/camera_ros/hook/ld_library_path_lib.sh'
[28.901s] Level 1:colcon.colcon_core.environment:checking '/home/mg/linebot_ws/install/camera_ros/bin'
[28.901s] Level 1:colcon.colcon_core.environment:checking '/home/mg/linebot_ws/install/camera_ros/lib/pkgconfig/camera_ros.pc'
[28.901s] Level 1:colcon.colcon_core.environment:checking '/home/mg/linebot_ws/install/camera_ros/lib/python3.12/site-packages'
[28.902s] Level 1:colcon.colcon_core.environment:checking '/home/mg/linebot_ws/install/camera_ros/bin'
[28.902s] INFO:colcon.colcon_core.shell:Creating package script '/home/mg/linebot_ws/install/camera_ros/share/camera_ros/package.ps1'
[28.903s] INFO:colcon.colcon_core.shell:Creating package descriptor '/home/mg/linebot_ws/install/camera_ros/share/camera_ros/package.dsv'
[28.903s] INFO:colcon.colcon_core.shell:Creating package script '/home/mg/linebot_ws/install/camera_ros/share/camera_ros/package.sh'
[28.904s] INFO:colcon.colcon_core.shell:Creating package script '/home/mg/linebot_ws/install/camera_ros/share/camera_ros/package.bash'
[28.904s] INFO:colcon.colcon_core.shell:Creating package script '/home/mg/linebot_ws/install/camera_ros/share/camera_ros/package.zsh'
[28.905s] Level 1:colcon.colcon_core.environment:create_file_with_runtime_dependencies(/home/mg/linebot_ws/install/camera_ros/share/colcon-core/packages/camera_ros)
[28.905s] DEBUG:colcon.colcon_parallel_executor.executor.parallel:closing loop
[28.906s] DEBUG:colcon.colcon_parallel_executor.executor.parallel:loop closed
[28.906s] DEBUG:colcon.colcon_parallel_executor.executor.parallel:run_until_complete finished with '0'
[28.906s] DEBUG:colcon.colcon_core.event_reactor:joining thread
[28.915s] INFO:colcon.colcon_core.plugin_system:Skipping extension 'colcon_notification.desktop_notification.terminal_notifier': Not used on non-Darwin systems
[28.916s] INFO:colcon.colcon_core.plugin_system:Skipping extension 'colcon_notification.desktop_notification.win32': Not used on non-Windows systems
[28.916s] INFO:colcon.colcon_notification.desktop_notification:Sending desktop notification using 'notify2'
[28.917s] DEBUG:colcon.colcon_notification.desktop_notification.notify2:Failed to initialize notify2: org.freedesktop.DBus.Error.ServiceUnknown: The name org.freedesktop.Notifications was not provided by any .service files
[28.917s] DEBUG:colcon.colcon_core.event_reactor:joined thread
[28.918s] INFO:colcon.colcon_core.shell:Creating prefix script '/home/mg/linebot_ws/install/local_setup.ps1'
[28.919s] INFO:colcon.colcon_core.shell:Creating prefix util module '/home/mg/linebot_ws/install/_local_setup_util_ps1.py'
[28.920s] INFO:colcon.colcon_core.shell:Creating prefix chain script '/home/mg/linebot_ws/install/setup.ps1'
[28.921s] INFO:colcon.colcon_core.shell:Creating prefix script '/home/mg/linebot_ws/install/local_setup.sh'
[28.922s] INFO:colcon.colcon_core.shell:Creating prefix util module '/home/mg/linebot_ws/install/_local_setup_util_sh.py'
[28.923s] INFO:colcon.colcon_core.shell:Creating prefix chain script '/home/mg/linebot_ws/install/setup.sh'
[28.924s] INFO:colcon.colcon_core.shell:Creating prefix script '/home/mg/linebot_ws/install/local_setup.bash'
[28.925s] INFO:colcon.colcon_core.shell:Creating prefix chain script '/home/mg/linebot_ws/install/setup.bash'
[28.926s] INFO:colcon.colcon_core.shell:Creating prefix script '/home/mg/linebot_ws/install/local_setup.zsh'
[28.926s] INFO:colcon.colcon_core.shell:Creating prefix chain script '/home/mg/linebot_ws/install/setup.zsh'
