ros@ros-desktop:~/new_ws$ ros2 launch linebot robot.launch.py mode:=camera
[INFO] [launch]: All log files can be found below /home/ros/.ros/log/2026-01-05-02-53-27-032982-ros-desktop-8865
[INFO] [launch]: Default logging verbosity is set to INFO
[INFO] [robot_state_publisher-1]: process started with pid [8869]
[INFO] [twist_mux-2]: process started with pid [8870]
[INFO] [twist_stamper-3]: process started with pid [8871]
[INFO] [republish-4]: process started with pid [8872]
[INFO] [republish-5]: process started with pid [8873]
[INFO] [republish-6]: process started with pid [8874]
[INFO] [republish-7]: process started with pid [8875]
[INFO] [camera_node-8]: process started with pid [8876]
[INFO] [linefollower_cv_node-9]: process started with pid [8877]
[INFO] [ros2_control_node-10]: process started with pid [8890]
[INFO] [spawner-11]: process started with pid [8891]
[INFO] [spawner-12]: process started with pid [8894]
[twist_mux-2] [INFO] [1767569007.775013429] [twist_mux]: Topic handler 'topics.joystick' subscribed to topic 'joy_vel': timeout = 0.500000s , priority = 100.
[republish-5] [INFO] [1767569007.790283811] [image_transport_republish_compressedDepth_image_raw]: The 'in_transport' parameter is set to: raw
[republish-5] [INFO] [1767569007.790549437] [image_transport_republish_compressedDepth_image_raw]: The 'out_transport' parameter is set to: 
[twist_mux-2] [INFO] [1767569007.841168900] [twist_mux]: Topic handler 'topics.navigation' subscribed to topic 'nav_vel': timeout = 0.500000s , priority = 10.
[republish-6] [INFO] [1767569007.877488337] [image_transport_republish_theora_image_raw]: The 'in_transport' parameter is set to: raw
[republish-6] [INFO] [1767569007.877707038] [image_transport_republish_theora_image_raw]: The 'out_transport' parameter is set to: 
[ros2_control_node-10] [INFO] [1767569008.014315119] [controller_manager]: Using Steady (Monotonic) clock for triggering controller manager cycles.
[republish-4] [INFO] [1767569008.014976201] [image_transport_republish_compressed_image_raw]: The 'in_transport' parameter is set to: raw
[republish-4] [INFO] [1767569008.015151532] [image_transport_republish_compressed_image_raw]: The 'out_transport' parameter is set to: 
[republish-7] [INFO] [1767569008.036105551] [image_transport_republish_zstd_image_raw]: The 'in_transport' parameter is set to: raw
[republish-7] [INFO] [1767569008.036389788] [image_transport_republish_zstd_image_raw]: The 'out_transport' parameter is set to: 
[ros2_control_node-10] [INFO] [1767569008.119541504] [controller_manager]: Subscribing to '/robot_description' topic for robot description.
[ros2_control_node-10] [INFO] [1767569008.176513298] [controller_manager]: update rate is 30 Hz
[ros2_control_node-10] [INFO] [1767569008.176587000] [controller_manager]: Overruns handling is : enabled
[ros2_control_node-10] [INFO] [1767569008.176603519] [controller_manager]: Spawning controller_manager RT thread with scheduler priority: 50
[ros2_control_node-10] [WARN] [1767569008.177168714] [controller_manager]: Could not enable FIFO RT scheduling policy: with error number <1>(Operation not permitted). See [https://control.ros.org/master/doc/ros2_control/controller_manager/doc/userdoc.html] for details on how to enable realtime scheduling.
[robot_state_publisher-1] [INFO] [1767569008.242839044] [robot_state_publisher]: Robot initialized
[ros2_control_node-10] [INFO] [1767569008.244971808] [controller_manager]: Received robot description from topic.
[ros2_control_node-10] [INFO] [1767569008.258739583] [controller_manager]: Loading hardware 'RobotSystem' 
[ros2_control_node-10] [INFO] [1767569008.269713400] [controller_manager]: Loaded hardware 'RobotSystem' from plugin 'diffdrive_arduino/DiffDriveArduinoHardware'
[ros2_control_node-10] [INFO] [1767569008.270395946] [controller_manager]: Initialize hardware 'RobotSystem' 
[ros2_control_node-10] [INFO] [1767569008.368448938] [DiffDriveArduinoHardware]: PID values not supplied, using defaults.
[ros2_control_node-10] [INFO] [1767569008.368539993] [controller_manager]: Successful initialization of hardware 'RobotSystem'
[ros2_control_node-10] [INFO] [1767569008.369248112] [resource_manager]: 'configure' hardware 'RobotSystem' 
[ros2_control_node-10] [INFO] [1767569008.369286241] [DiffDriveArduinoHardware]: Configuring ...please wait...
[ros2_control_node-10] [ERROR] [1767569008.369505682] [controller_manager]: Exception of type : N9LibSerial10OpenFailedE occurred while configuring hardware 'RobotSystem': Bad file descriptor
[ros2_control_node-10] terminate called after throwing an instance of 'std::runtime_error'
[ros2_control_node-10]   what():  Failed to set the initial state of the component : RobotSystem to active
[ros2_control_node-10] Stack trace (most recent call last) in thread 8992:
[ros2_control_node-10] #16   Object "/usr/lib/aarch64-linux-gnu/ld-linux-aarch64.so.1", at 0xffffffffffffffff, in 
[ros2_control_node-10] #15   Source "../sysdeps/unix/sysv/linux/aarch64/clone3.S", line 76, in thread_start [0xffffa760bb0b]
[ros2_control_node-10] #14   Source "./nptl/pthread_create.c", line 447, in start_thread [0xffffa75a595b]
[camera_node-8] [1:03:34.355903813] [8876]  INFO Camera camera_manager.cpp:326 libcamera v0.5.1+100-e53bdf1f
[camera_node-8] [1:03:34.390730217] [9010]  INFO RPI pisp.cpp:720 libpisp version v1.2.1 981977ff21f3 13-05-2025 (00:12:16)
[camera_node-8] [1:03:34.433667573] [9010]  INFO RPI pisp.cpp:1179 Registered camera /base/axi/pcie@120000/rp1/i2c@88000/ov5647@36 to CFE device /dev/media0 and ISP device /dev/media1 using PiSP variant BCM2712_C0
[camera_node-8] [1:03:34.434145325] [8876]  WARN V4L2 v4l2_pixelformat.cpp:346 Unsupported V4L2 pixel format RPBP
[camera_node-8] [INFO] [1767569008.948440019] [camera]: 
[camera_node-8] >> stream formats:
[camera_node-8]    - R8 (32x32 - 2592x1944)
[camera_node-8]    - R16 (32x32 - 2592x1944)
[camera_node-8]    - MONO_PISP_COMP1 (32x32 - 2592x1944)
[camera_node-8]    - NV21 (32x32 - 2592x1944)
[camera_node-8]    - SBGGR8 (32x32 - 2592x1944)
[camera_node-8]    - SBGGR16 (32x32 - 2592x1944)
[camera_node-8]    - BGGR_PISP_COMP1 (32x32 - 2592x1944)
[camera_node-8]    - XBGR8888 (32x32 - 2592x1944)
[camera_node-8]    - BGR888 (32x32 - 2592x1944)
[camera_node-8]    - RGB888 (32x32 - 2592x1944)
[camera_node-8]    - XRGB8888 (32x32 - 2592x1944)
[camera_node-8]    - SGBRG16 (32x32 - 2592x1944)
[camera_node-8]    - GBRG_PISP_COMP1 (32x32 - 2592x1944)
[camera_node-8]    - SGRBG16 (32x32 - 2592x1944)
[camera_node-8]    - GRBG_PISP_COMP1 (32x32 - 2592x1944)
[camera_node-8]    - SRGGB16 (32x32 - 2592x1944)
[camera_node-8]    - RGGB_PISP_COMP1 (32x32 - 2592x1944)
[camera_node-8]    - BGR161616 (32x32 - 2592x1944)
[camera_node-8]    - RGB161616 (32x32 - 2592x1944)
[camera_node-8]    - SRGGB8 (32x32 - 2592x1944)
[camera_node-8]    - SGRBG8 (32x32 - 2592x1944)
[camera_node-8]    - SGBRG8 (32x32 - 2592x1944)
[camera_node-8]    - YUYV (32x32 - 2592x1944)
[camera_node-8]    - UYVY (32x32 - 2592x1944)
[camera_node-8] [INFO] [1767569008.948752033] [camera]: 
[camera_node-8] >> RGB888 format sizes:
[camera_node-8]    - 160x120
[camera_node-8]    - 240x160
[camera_node-8]    - 320x240
[camera_node-8]    - 400x240
[camera_node-8]    - 480x320
[camera_node-8]    - 640x360
[camera_node-8]    - 640x480
[camera_node-8]    - 720x480
[camera_node-8]    - 768x480
[camera_node-8]    - 854x480
[camera_node-8]    - 720x576
[camera_node-8]    - 800x600
[camera_node-8]    - 960x540
[camera_node-8]    - 1024x576
[camera_node-8]    - 960x640
[camera_node-8]    - 1024x600
[camera_node-8]    - 1024x768
[camera_node-8]    - 1280x720
[camera_node-8]    - 1152x864
[camera_node-8]    - 1280x800
[camera_node-8]    - 1360x768
[camera_node-8]    - 1366x768
[camera_node-8]    - 1440x900
[camera_node-8]    - 1280x1024
[camera_node-8]    - 1536x864
[camera_node-8]    - 1280x1080
[camera_node-8]    - 1600x900
[camera_node-8]    - 1400x1050
[camera_node-8]    - 1680x1050
[camera_node-8]    - 1600x1200
[camera_node-8]    - 1920x1080
[camera_node-8]    - 2048x1080
[camera_node-8]    - 1920x1200
[camera_node-8]    - 2160x1080
[camera_node-8]    - 2048x1152
[camera_node-8]    - 2560x1080
[camera_node-8]    - 2048x1536
[camera_node-8]    - 2560x1440
[camera_node-8]    - 2560x1600
[camera_node-8] [1:03:34.437242649] [8876]  INFO Camera camera.cpp:1205 configuring streams: (0) 320x240-RGB888/sRGB
[camera_node-8] [1:03:34.437421313] [9010]  INFO RPI pisp.cpp:1483 Sensor: /base/axi/pcie@120000/rp1/i2c@88000/ov5647@36 - Selected sensor format: 640x480-SGBRG10_1X10 - Selected CFE format: 640x480-PC1g
[camera_node-8] [INFO] [1767569008.949463023] [camera]: camera "/base/axi/pcie@120000/rp1/i2c@88000/ov5647@36" configured with 320x240-RGB888/sRGB stream
[camera_node-8] [INFO] [1767569008.949782758] [camera]: using default calibration URL
[camera_node-8] [INFO] [1767569008.949827369] [camera]: camera calibration URL: file:///home/ros/.ros/camera_info/ov5647__base_axi_pcie_120000_rp1_i2c_88000_ov5647_36_320x240.yaml
[camera_node-8] [ERROR] [1767569008.949936460] [camera_calibration_parsers]: Unable to open camera calibration file [/home/ros/.ros/camera_info/ov5647__base_axi_pcie_120000_rp1_i2c_88000_ov5647_36_320x240.yaml]
[camera_node-8] [WARN] [1767569008.950007070] [camera]: Camera calibration file /home/ros/.ros/camera_info/ov5647__base_axi_pcie_120000_rp1_i2c_88000_ov5647_36_320x240.yaml not found
[camera_node-8] [WARN] [1767569008.951332809] [camera]: FrameDurationLimits: cannot set default scalar value '33333' on span control (extend: 2), default will be ignored
[spawner-12] [INFO] [1767569009.141617975] [spawner_diff_drive_controller]: waiting for service /controller_manager/list_controllers to become available...
[linefollower_cv_node-9] [INFO] [1767569011.353132388] [linefollower_cv_node]: Enhanced Line Follower started!
[linefollower_cv_node-9] [INFO] [1767569011.354211853] [linefollower_cv_node]:   Camera: /camera/depth/image_raw/image
[linefollower_cv_node-9] [INFO] [1767569011.355349336] [linefollower_cv_node]:   Cmd vel: /joy_vel
[linefollower_cv_node-9] [INFO] [1767569011.357003459] [linefollower_cv_node]:   PID: Kp=0.015, Ki=0.0001, Kd=0.008
[linefollower_cv_node-9] [INFO] [1767569011.358810710] [linefollower_cv_node]:   Speed range: 0.15 - 0.4
[linefollower_cv_node-9] [INFO] [1767569011.359976748] [linefollower_cv_node]:   Detection rows: near=153, mid=108, far=62
[ros2_control_node-10] #13   Source "../../../../../src/libstdc++-v3/src/c++11/thread.cc", line 104, in execute_native_thread_routine [0xffffa7801adf]
[ros2_control_node-10] #12   Object "/opt/ros/jazzy/lib/librclcpp.so", at 0xffffa7af2833, in rclcpp::executors::MultiThreadedExecutor::run(unsigned long)
[ros2_control_node-10] #11   Object "/opt/ros/jazzy/lib/librclcpp.so", at 0xffffa7add927, in rclcpp::Executor::execute_any_executable(rclcpp::AnyExecutable&)
[ros2_control_node-10] #10   Object "/opt/ros/jazzy/lib/librclcpp.so", at 0xffffa7adcbab, in rclcpp::Executor::execute_subscription(std::shared_ptr<rclcpp::SubscriptionBase>)
[ros2_control_node-10] #9    Object "/opt/ros/jazzy/lib/libcontroller_manager.so", at 0xffffa7dc621b, in 
[ros2_control_node-10] #8    Object "/opt/ros/jazzy/lib/libcontroller_manager.so", at 0xffffa7d3e38b, in controller_manager::ControllerManager::robot_description_callback(std_msgs::msg::String_<std::allocator<void> > const&)
[ros2_control_node-10] #7    Object "/opt/ros/jazzy/lib/libcontroller_manager.so", at 0xffffa7d3e0cf, in controller_manager::ControllerManager::init_resource_manager(std::__cxx11::basic_string<char, std::char_traits<char>, std::allocator<char> > const&)
[ros2_control_node-10] #6    Source "../../../../src/libstdc++-v3/libsupc++/eh_throw.cc", line 98, in __cxa_throw [0xffffa77ca907]
[ros2_control_node-10] #5    Source "../../../../src/libstdc++-v3/libsupc++/eh_terminate.cc", line 58, in terminate [0xffffa77c0e03]
[ros2_control_node-10] #4    Source "../../../../src/libstdc++-v3/libsupc++/eh_terminate.cc", line 48, in __aarch64_swp8_acq_rel [0xffffa77ca56f]
[ros2_control_node-10] #3    Source "../../../../src/libstdc++-v3/libsupc++/vterminate.cc", line 95, in __verbose_terminate_handler [0xffffa77cd4d7]
[ros2_control_node-10] #2    Source "./stdlib/abort.c", line 79, in abort [0xffffa7547dff]
[ros2_control_node-10] #1    Source "../sysdeps/posix/raise.c", line 26, in raise [0xffffa755cb3b]
[ros2_control_node-10] #0    Source "./nptl/pthread_kill.c", line 44, in __pthread_kill_implementation [0xffffa75a7608]
[ros2_control_node-10] Aborted (Signal sent by tkill() 8890 1000)
[spawner-12] [WARN] [1767569019.148308965] [spawner_diff_drive_controller]: Could not contact service /controller_manager/list_controllers
[spawner-12] [INFO] [1767569019.148920456] [spawner_diff_drive_controller]: waiting for service /controller_manager/list_controllers to become available...
[spawner-11] [WARN] [1767569028.936098423] [ros2_control_controller_spawner_joint_state_broadcaster]: Attempt 1 failed. Retrying in 3 seconds...
[spawner-12] [WARN] [1767569029.159530591] [spawner_diff_drive_controller]: Could not contact service /controller_manager/list_controllers
[spawner-12] [INFO] [1767569029.160077712] [spawner_diff_drive_controller]: waiting for service /controller_manager/list_controllers to become available...
^C[WARNING] [launch]: user interrupted with ctrl-c (SIGINT)
[robot_state_publisher-1] [INFO] [1767569036.843647426] [rclcpp]: signal_handler(signum=2)
[republish-6] [INFO] [1767569036.843629315] [rclcpp]: signal_handler(signum=2)
[republish-5] [INFO] [1767569036.843767887] [rclcpp]: signal_handler(signum=2)
[camera_node-8] [INFO] [1767569036.843857034] [rclcpp]: signal_handler(signum=2)
[republish-4] [INFO] [1767569036.844086141] [rclcpp]: signal_handler(signum=2)
[twist_mux-2] [INFO] [1767569036.844904203] [rclcpp]: signal_handler(signum=2)
[republish-7] [INFO] [1767569036.846322978] [rclcpp]: signal_handler(signum=2)
[spawner-11] [INFO] [1767569036.868177650] [ros2_control_controller_spawner_joint_state_broadcaster]: KeyboardInterrupt received! Exiting....
[spawner-12] [INFO] [1767569036.873165928] [spawner_diff_drive_controller]: KeyboardInterrupt received! Exiting....
[twist_stamper-3] Started twist_stamper!
[twist_stamper-3] Received keyboard interrupt!
[twist_stamper-3] Exiting...
[linefollower_cv_node-9] Traceback (most recent call last):
[linefollower_cv_node-9]   File "/home/ros/new_ws/install/linefollower_cv/lib/linefollower_cv/linefollower_cv_node", line 33, in <module>
[linefollower_cv_node-9]     sys.exit(load_entry_point('linefollower-cv', 'console_scripts', 'linefollower_cv_node')())
[linefollower_cv_node-9]              ^^^^^^^^^^^^^^^^^^^^^^^^^^^^^^^^^^^^^^^^^^^^^^^^^^^^^^^^^^^^^^^^^^^^^^^^^^^^^^^^
[linefollower_cv_node-9]   File "/home/ros/new_ws/build/linefollower_cv/linefollower_cv/linefollower_cv_node.py", line 288, in main
[linefollower_cv_node-9]     node.destroy_node()
[linefollower_cv_node-9]   File "/home/ros/new_ws/build/linefollower_cv/linefollower_cv/linefollower_cv_node.py", line 274, in destroy_node
[linefollower_cv_node-9]     self.cmd_vel_pub.publish(self.vel_msg)
[linefollower_cv_node-9]   File "/opt/ros/jazzy/lib/python3.12/site-packages/rclpy/publisher.py", line 70, in publish
[linefollower_cv_node-9]     self.__publisher.publish(msg)
[linefollower_cv_node-9] rclpy._rclpy_pybind11.RCLError: Failed to publish: publisher's context is invalid, at ./src/rcl/publisher.c:423
[INFO] [robot_state_publisher-1]: process has finished cleanly [pid 8869]
[INFO] [twist_mux-2]: process has finished cleanly [pid 8870]
[INFO] [camera_node-8]: process has finished cleanly [pid 8876]
[INFO] [spawner-11]: process has finished cleanly [pid 8891]
[INFO] [republish-6]: process has finished cleanly [pid 8874]
[INFO] [republish-5]: process has finished cleanly [pid 8873]
[INFO] [republish-7]: process has finished cleanly [pid 8875]
[INFO] [republish-4]: process has finished cleanly [pid 8872]
[INFO] [spawner-12]: process has finished cleanly [pid 8894]
[INFO] [twist_stamper-3]: process has finished cleanly [pid 8871]
[ERROR] [linefollower_cv_node-9]: process has died [pid 8877, exit code 1, cmd '/home/ros/new_ws/install/linefollower_cv/lib/linefollower_cv/linefollower_cv_node --ros-args -r __node:=linefollower_cv_node --params-file /home/ros/new_ws/install/linefollower_cv/share/linefollower_cv/config/linefollower_cv_params.yaml --params-file /tmp/launch_params_jvq8ehyi'].
[ERROR] [ros2_control_node-10]: process has died [pid 8890, exit code -6, cmd '/opt/ros/jazzy/lib/controller_manager/ros2_control_node --ros-args --params-file /tmp/launch_params_056_8u_2 --params-file /home/ros/new_ws/install/linebot/share/linebot/config/controller.yaml'].
ros@ros-desktop:~/new_ws$ ros2 launch linebot robot.launch.py mode:=ir
[INFO] [launch]: All log files can be found below /home/ros/.ros/log/2026-01-05-02-54-17-449440-ros-desktop-9106
[INFO] [launch]: Default logging verbosity is set to INFO
[INFO] [robot_state_publisher-1]: process started with pid [9110]
[INFO] [twist_mux-2]: process started with pid [9111]
[INFO] [twist_stamper-3]: process started with pid [9112]
[INFO] [ros2_control_node-4]: process started with pid [9113]
[INFO] [spawner-5]: process started with pid [9116]
[INFO] [spawner-6]: process started with pid [9119]
[twist_mux-2] [INFO] [1767569057.894253279] [twist_mux]: Topic handler 'topics.joystick' subscribed to topic 'joy_vel': timeout = 0.500000s , priority = 100.
[twist_mux-2] [INFO] [1767569057.906874257] [twist_mux]: Topic handler 'topics.navigation' subscribed to topic 'nav_vel': timeout = 0.500000s , priority = 10.
[robot_state_publisher-1] [INFO] [1767569057.916829385] [robot_state_publisher]: Robot initialized
[ros2_control_node-4] [INFO] [1767569057.968786828] [controller_manager]: Using Steady (Monotonic) clock for triggering controller manager cycles.
[ros2_control_node-4] [INFO] [1767569057.977118018] [controller_manager]: Subscribing to '/robot_description' topic for robot description.
[ros2_control_node-4] [INFO] [1767569057.993165444] [controller_manager]: update rate is 30 Hz
[ros2_control_node-4] [INFO] [1767569057.993311979] [controller_manager]: Overruns handling is : enabled
[ros2_control_node-4] [INFO] [1767569057.993394274] [controller_manager]: Spawning controller_manager RT thread with scheduler priority: 50
[ros2_control_node-4] [WARN] [1767569057.994466277] [controller_manager]: Could not enable FIFO RT scheduling policy: with error number <1>(Operation not permitted). See [https://control.ros.org/master/doc/ros2_control/controller_manager/doc/userdoc.html] for details on how to enable realtime scheduling.
[ros2_control_node-4] [INFO] [1767569058.105088248] [controller_manager]: Received robot description from topic.
[ros2_control_node-4] [INFO] [1767569058.120023246] [controller_manager]: Loading hardware 'RobotSystem' 
[ros2_control_node-4] [INFO] [1767569058.132516984] [controller_manager]: Loaded hardware 'RobotSystem' from plugin 'diffdrive_arduino/DiffDriveArduinoHardware'
[ros2_control_node-4] [INFO] [1767569058.132665038] [controller_manager]: Initialize hardware 'RobotSystem' 
[ros2_control_node-4] [INFO] [1767569058.210810718] [DiffDriveArduinoHardware]: PID values not supplied, using defaults.
[ros2_control_node-4] [INFO] [1767569058.211170842] [controller_manager]: Successful initialization of hardware 'RobotSystem'
[ros2_control_node-4] [INFO] [1767569058.211973312] [resource_manager]: 'configure' hardware 'RobotSystem' 
[ros2_control_node-4] [INFO] [1767569058.212005904] [DiffDriveArduinoHardware]: Configuring ...please wait...
[ros2_control_node-4] [ERROR] [1767569058.212777411] [controller_manager]: Exception of type : N9LibSerial10OpenFailedE occurred while configuring hardware 'RobotSystem': Bad file descriptor
[ros2_control_node-4] terminate called after throwing an instance of 'std::runtime_error'
[ros2_control_node-4]   what():  Failed to set the initial state of the component : RobotSystem to active
[ros2_control_node-4] Stack trace (most recent call last) in thread 9162:
[ros2_control_node-4] #16   Object "/usr/lib/aarch64-linux-gnu/ld-linux-aarch64.so.1", at 0xffffffffffffffff, in 
[ros2_control_node-4] #15   Source "../sysdeps/unix/sysv/linux/aarch64/clone3.S", line 76, in thread_start [0xffffaa8bbb0b]
[ros2_control_node-4] #14   Source "./nptl/pthread_create.c", line 447, in start_thread [0xffffaa85595b]
[ros2_control_node-4] #13   Source "../../../../../src/libstdc++-v3/src/c++11/thread.cc", line 104, in execute_native_thread_routine [0xffffaaab1adf]
[ros2_control_node-4] #12   Object "/opt/ros/jazzy/lib/librclcpp.so", at 0xffffaada2833, in rclcpp::executors::MultiThreadedExecutor::run(unsigned long)
[ros2_control_node-4] #11   Object "/opt/ros/jazzy/lib/librclcpp.so", at 0xffffaad8d927, in rclcpp::Executor::execute_any_executable(rclcpp::AnyExecutable&)
[ros2_control_node-4] #10   Object "/opt/ros/jazzy/lib/librclcpp.so", at 0xffffaad8cbab, in rclcpp::Executor::execute_subscription(std::shared_ptr<rclcpp::SubscriptionBase>)
[ros2_control_node-4] #9    Object "/opt/ros/jazzy/lib/libcontroller_manager.so", at 0xffffab07621b, in 
[ros2_control_node-4] #8    Object "/opt/ros/jazzy/lib/libcontroller_manager.so", at 0xffffaafee38b, in controller_manager::ControllerManager::robot_description_callback(std_msgs::msg::String_<std::allocator<void> > const&)
[ros2_control_node-4] #7    Object "/opt/ros/jazzy/lib/libcontroller_manager.so", at 0xffffaafee0cf, in controller_manager::ControllerManager::init_resource_manager(std::__cxx11::basic_string<char, std::char_traits<char>, std::allocator<char> > const&)
[ros2_control_node-4] #6    Source "../../../../src/libstdc++-v3/libsupc++/eh_throw.cc", line 98, in __cxa_throw [0xffffaaa7a907]
[ros2_control_node-4] #5    Source "../../../../src/libstdc++-v3/libsupc++/eh_terminate.cc", line 58, in terminate [0xffffaaa70e03]
[ros2_control_node-4] #4    Source "../../../../src/libstdc++-v3/libsupc++/eh_terminate.cc", line 48, in __aarch64_swp8_acq_rel [0xffffaaa7a56f]
[ros2_control_node-4] #3    Source "../../../../src/libstdc++-v3/libsupc++/vterminate.cc", line 95, in __verbose_terminate_handler [0xffffaaa7d4d7]
[ros2_control_node-4] #2    Source "./stdlib/abort.c", line 79, in abort [0xffffaa7f7dff]
[ros2_control_node-4] #1    Source "../sysdeps/posix/raise.c", line 26, in raise [0xffffaa80cb3b]
[ros2_control_node-4] #0    Source "./nptl/pthread_kill.c", line 44, in __pthread_kill_implementation [0xffffaa857608]
[ros2_control_node-4] Aborted (Signal sent by tkill() 9113 1000)
[ERROR] [ros2_control_node-4]: process has died [pid 9113, exit code -6, cmd '/opt/ros/jazzy/lib/controller_manager/ros2_control_node --ros-args --params-file /tmp/launch_params_ca9rqemi --params-file /home/ros/new_ws/install/linebot/share/linebot/config/controller.yaml'].
[spawner-5] [INFO] [1767569058.773094361] [spawner_joint_state_broadcaster]: waiting for service /controller_manager/list_controllers to become available...
^C[WARNING] [launch]: user interrupted with ctrl-c (SIGINT)
[robot_state_publisher-1] [INFO] [1767569064.991355731] [rclcpp]: signal_handler(signum=2)
[twist_mux-2] [INFO] [1767569064.996901296] [rclcpp]: signal_handler(signum=2)
[spawner-5] [INFO] [1767569064.998285720] [spawner_joint_state_broadcaster]: KeyboardInterrupt received! Exiting....
[spawner-6] [INFO] [1767569065.020408647] [ros2_control_controller_spawner_diff_drive_controller]: KeyboardInterrupt received! Exiting....
[twist_stamper-3] Started twist_stamper!
[twist_stamper-3] Received keyboard interrupt!
[twist_stamper-3] Exiting...
[INFO] [spawner-6]: process has finished cleanly [pid 9119]
[INFO] [robot_state_publisher-1]: process has finished cleanly [pid 9110]
[INFO] [twist_mux-2]: process has finished cleanly [pid 9111]
[INFO] [twist_stamper-3]: process has finished cleanly [pid 9112]
[INFO] [spawner-5]: process has finished cleanly [pid 9116]
ros@ros-desktop:~/new_ws$ 

