[0.059s] Invoking command in '/home/mg/linebot_ws/build/diffdrive_arduino': CMAKE_PREFIX_PATH=${CMAKE_PREFIX_PATH}:/opt/ros/jazzy /usr/bin/cmake --build /home/mg/linebot_ws/build/diffdrive_arduino -- -j16 -l16
[0.405s] [100%] Built target diffdrive_arduino
[0.407s] Invoked command in '/home/mg/linebot_ws/build/diffdrive_arduino' returned '0': CMAKE_PREFIX_PATH=${CMAKE_PREFIX_PATH}:/opt/ros/jazzy /usr/bin/cmake --build /home/mg/linebot_ws/build/diffdrive_arduino -- -j16 -l16
[0.429s] Invoking command in '/home/mg/linebot_ws/build/diffdrive_arduino': CMAKE_PREFIX_PATH=${CMAKE_PREFIX_PATH}:/opt/ros/jazzy /usr/bin/cmake --install /home/mg/linebot_ws/build/diffdrive_arduino
[0.771s] -- Install configuration: ""
[0.771s] -- Execute custom install script
[0.771s] -- Up-to-date symlink: /home/mg/linebot_ws/install/diffdrive_arduino/share/diffdrive_arduino//diffdrive_arduino.xml
[0.771s] -- Up-to-date symlink: /home/mg/linebot_ws/install/diffdrive_arduino/include/diffdrive_arduino/diffdrive_arduino/arduino_comms.hpp
[0.771s] -- Up-to-date symlink: /home/mg/linebot_ws/install/diffdrive_arduino/include/diffdrive_arduino/diffdrive_arduino/diffbot_system.hpp
[0.772s] -- Up-to-date symlink: /home/mg/linebot_ws/install/diffdrive_arduino/include/diffdrive_arduino/diffdrive_arduino/visibility_control.h
[0.772s] -- Up-to-date symlink: /home/mg/linebot_ws/install/diffdrive_arduino/include/diffdrive_arduino/diffdrive_arduino/wheel.hpp
[0.772s] -- Up-to-date symlink: /home/mg/linebot_ws/install/diffdrive_arduino/share/diffdrive_arduino/launch/view_robot.launch.py
[0.772s] -- Up-to-date symlink: /home/mg/linebot_ws/install/diffdrive_arduino/share/diffdrive_arduino/ros2_control/diffbot.ros2_control.xacro
[0.773s] -- Up-to-date symlink: /home/mg/linebot_ws/install/diffdrive_arduino/share/diffdrive_arduino/urdf/diffbot.materials.xacro
[0.773s] -- Up-to-date symlink: /home/mg/linebot_ws/install/diffdrive_arduino/share/diffdrive_arduino/urdf/diffbot.urdf.xacro
[0.773s] -- Up-to-date symlink: /home/mg/linebot_ws/install/diffdrive_arduino/share/diffdrive_arduino/urdf/diffbot_description.urdf.xacro
[0.773s] -- Up-to-date symlink: /home/mg/linebot_ws/install/diffdrive_arduino/share/diffdrive_arduino/rviz/diffbot.rviz
[0.773s] -- Up-to-date symlink: /home/mg/linebot_ws/install/diffdrive_arduino/share/diffdrive_arduino/rviz/diffbot_view.rviz
[0.774s] -- Up-to-date symlink: /home/mg/linebot_ws/install/diffdrive_arduino/share/diffdrive_arduino/launch/diffbot.launch.py
[0.774s] -- Up-to-date symlink: /home/mg/linebot_ws/install/diffdrive_arduino/share/diffdrive_arduino/config/diffbot_controllers.yaml
[0.774s] -- Up-to-date symlink: /home/mg/linebot_ws/install/diffdrive_arduino/share/diffdrive_arduino/environment/library_path.sh
[0.774s] -- Up-to-date symlink: /home/mg/linebot_ws/install/diffdrive_arduino/share/diffdrive_arduino/environment/library_path.dsv
[0.774s] -- Up-to-date symlink: /home/mg/linebot_ws/install/diffdrive_arduino/share/ament_index/resource_index/package_run_dependencies/diffdrive_arduino
[0.774s] -- Up-to-date symlink: /home/mg/linebot_ws/install/diffdrive_arduino/share/ament_index/resource_index/parent_prefix_path/diffdrive_arduino
[0.775s] -- Up-to-date symlink: /home/mg/linebot_ws/install/diffdrive_arduino/share/diffdrive_arduino/environment/ament_prefix_path.sh
[0.775s] -- Up-to-date symlink: /home/mg/linebot_ws/install/diffdrive_arduino/share/diffdrive_arduino/environment/ament_prefix_path.dsv
[0.775s] -- Up-to-date symlink: /home/mg/linebot_ws/install/diffdrive_arduino/share/diffdrive_arduino/environment/path.sh
[0.775s] -- Up-to-date symlink: /home/mg/linebot_ws/install/diffdrive_arduino/share/diffdrive_arduino/environment/path.dsv
[0.776s] -- Up-to-date symlink: /home/mg/linebot_ws/install/diffdrive_arduino/share/diffdrive_arduino/local_setup.bash
[0.776s] -- Up-to-date symlink: /home/mg/linebot_ws/install/diffdrive_arduino/share/diffdrive_arduino/local_setup.sh
[0.776s] -- Up-to-date symlink: /home/mg/linebot_ws/install/diffdrive_arduino/share/diffdrive_arduino/local_setup.zsh
[0.777s] -- Up-to-date symlink: /home/mg/linebot_ws/install/diffdrive_arduino/share/diffdrive_arduino/local_setup.dsv
[0.777s] -- Symlinking: /home/mg/linebot_ws/install/diffdrive_arduino/share/diffdrive_arduino/package.dsv
[0.777s] -- Up-to-date symlink: /home/mg/linebot_ws/install/diffdrive_arduino/share/ament_index/resource_index/packages/diffdrive_arduino
[0.777s] -- Up-to-date symlink: /home/mg/linebot_ws/install/diffdrive_arduino/share/ament_index/resource_index/hardware_interface__pluginlib__plugin/diffdrive_arduino
[0.777s] -- Up-to-date symlink: /home/mg/linebot_ws/install/diffdrive_arduino/share/diffdrive_arduino/cmake/ament_cmake_export_targets-extras.cmake
[0.778s] -- Up-to-date symlink: /home/mg/linebot_ws/install/diffdrive_arduino/share/diffdrive_arduino/cmake/ament_cmake_export_dependencies-extras.cmake
[0.778s] -- Up-to-date symlink: /home/mg/linebot_ws/install/diffdrive_arduino/share/diffdrive_arduino/cmake/diffdrive_arduinoConfig.cmake
[0.778s] -- Up-to-date symlink: /home/mg/linebot_ws/install/diffdrive_arduino/share/diffdrive_arduino/cmake/diffdrive_arduinoConfig-version.cmake
[0.778s] -- Up-to-date symlink: /home/mg/linebot_ws/install/diffdrive_arduino/share/diffdrive_arduino/package.xml
[0.779s] -- Up-to-date: /home/mg/linebot_ws/install/diffdrive_arduino/lib/libdiffdrive_arduino.so
[0.779s] -- Up-to-date: /home/mg/linebot_ws/install/diffdrive_arduino/share/diffdrive_arduino/cmake/export_diffdrive_arduinoExport.cmake
[0.779s] -- Up-to-date: /home/mg/linebot_ws/install/diffdrive_arduino/share/diffdrive_arduino/cmake/export_diffdrive_arduinoExport-noconfig.cmake
[0.797s] Invoked command in '/home/mg/linebot_ws/build/diffdrive_arduino' returned '0': CMAKE_PREFIX_PATH=${CMAKE_PREFIX_PATH}:/opt/ros/jazzy /usr/bin/cmake --install /home/mg/linebot_ws/build/diffdrive_arduino
