[2.368s] Invoking command in '/home/mg/linebot_ws/build/twist_stamper': PYTHONPATH=/home/mg/linebot_ws/build/twist_stamper/prefix_override:/usr/lib/python3/dist-packages/colcon_core/task/python/colcon_distutils_commands:/home/mg/linebot_ws/install/twist_stamper/lib/python3.12/site-packages:${PYTHONPATH} /usr/bin/python3 -W ignore:setup.py install is deprecated -W ignore:easy_install command is deprecated setup.py develop --editable --build-directory /home/mg/linebot_ws/build/twist_stamper/build --no-deps symlink_data
[2.971s] running develop
[3.393s] running egg_info
[3.393s] creating twist_stamper.egg-info
[3.432s] writing twist_stamper.egg-info/PKG-INFO
[3.433s] writing dependency_links to twist_stamper.egg-info/dependency_links.txt
[3.433s] writing entry points to twist_stamper.egg-info/entry_points.txt
[3.433s] writing requirements to twist_stamper.egg-info/requires.txt
[3.434s] writing top-level names to twist_stamper.egg-info/top_level.txt
[3.434s] writing manifest file 'twist_stamper.egg-info/SOURCES.txt'
[3.528s] reading manifest file 'twist_stamper.egg-info/SOURCES.txt'
[3.529s] writing manifest file 'twist_stamper.egg-info/SOURCES.txt'
[3.569s] running build_ext
[3.569s] Creating /home/mg/linebot_ws/install/twist_stamper/lib/python3.12/site-packages/twist-stamper.egg-link (link to .)
[3.571s] Installing twist_stamper script to /home/mg/linebot_ws/install/twist_stamper/lib/twist_stamper
[3.572s] Installing twist_unstamper script to /home/mg/linebot_ws/install/twist_stamper/lib/twist_stamper
[3.572s] 
[3.572s] Installed /home/mg/linebot_ws/build/twist_stamper
[3.573s] running symlink_data
[3.573s] creating /home/mg/linebot_ws/install/twist_stamper/share/ament_index
[3.573s] creating /home/mg/linebot_ws/install/twist_stamper/share/ament_index/resource_index
[3.574s] creating /home/mg/linebot_ws/install/twist_stamper/share/ament_index/resource_index/packages
[3.575s] symbolically linking /home/mg/linebot_ws/build/twist_stamper/resource/twist_stamper -> /home/mg/linebot_ws/install/twist_stamper/share/ament_index/resource_index/packages
[3.576s] symbolically linking /home/mg/linebot_ws/build/twist_stamper/package.xml -> /home/mg/linebot_ws/install/twist_stamper/share/twist_stamper
[3.651s] Invoked command in '/home/mg/linebot_ws/build/twist_stamper' returned '0': PYTHONPATH=/home/mg/linebot_ws/build/twist_stamper/prefix_override:/usr/lib/python3/dist-packages/colcon_core/task/python/colcon_distutils_commands:/home/mg/linebot_ws/install/twist_stamper/lib/python3.12/site-packages:${PYTHONPATH} /usr/bin/python3 -W ignore:setup.py install is deprecated -W ignore:easy_install command is deprecated setup.py develop --editable --build-directory /home/mg/linebot_ws/build/twist_stamper/build --no-deps symlink_data
