[2.395s] Invoking command in '/home/mg/linebot_ws/build/linefollower_cv': PYTHONPATH=/home/mg/linebot_ws/build/linefollower_cv/prefix_override:/usr/lib/python3/dist-packages/colcon_core/task/python/colcon_distutils_commands:/home/mg/linebot_ws/install/linefollower_cv/lib/python3.12/site-packages:${PYTHONPATH} /usr/bin/python3 -W ignore:setup.py install is deprecated -W ignore:easy_install command is deprecated setup.py develop --editable --build-directory /home/mg/linebot_ws/build/linefollower_cv/build --no-deps symlink_data
[2.987s] running develop
[3.402s] running egg_info
[3.402s] creating linefollower_cv.egg-info
[3.441s] writing linefollower_cv.egg-info/PKG-INFO
[3.442s] writing dependency_links to linefollower_cv.egg-info/dependency_links.txt
[3.442s] writing entry points to linefollower_cv.egg-info/entry_points.txt
[3.442s] writing requirements to linefollower_cv.egg-info/requires.txt
[3.443s] writing top-level names to linefollower_cv.egg-info/top_level.txt
[3.443s] writing manifest file 'linefollower_cv.egg-info/SOURCES.txt'
[3.530s] reading manifest file 'linefollower_cv.egg-info/SOURCES.txt'
[3.531s] writing manifest file 'linefollower_cv.egg-info/SOURCES.txt'
[3.574s] running build_ext
[3.575s] Creating /home/mg/linebot_ws/install/linefollower_cv/lib/python3.12/site-packages/linefollower-cv.egg-link (link to .)
[3.576s] Installing linefollower_cv_node script to /home/mg/linebot_ws/install/linefollower_cv/lib/linefollower_cv
[3.578s] 
[3.578s] Installed /home/mg/linebot_ws/build/linefollower_cv
[3.578s] running symlink_data
[3.579s] creating /home/mg/linebot_ws/install/linefollower_cv/share/ament_index
[3.579s] creating /home/mg/linebot_ws/install/linefollower_cv/share/ament_index/resource_index
[3.580s] creating /home/mg/linebot_ws/install/linefollower_cv/share/ament_index/resource_index/packages
[3.580s] symbolically linking /home/mg/linebot_ws/build/linefollower_cv/resource/linefollower_cv -> /home/mg/linebot_ws/install/linefollower_cv/share/ament_index/resource_index/packages
[3.581s] symbolically linking /home/mg/linebot_ws/build/linefollower_cv/package.xml -> /home/mg/linebot_ws/install/linefollower_cv/share/linefollower_cv
[3.581s] creating /home/mg/linebot_ws/install/linefollower_cv/share/linefollower_cv/config
[3.582s] symbolically linking /home/mg/linebot_ws/build/linefollower_cv/config/linefollower_cv_params.yaml -> /home/mg/linebot_ws/install/linefollower_cv/share/linefollower_cv/config
[3.583s] creating /home/mg/linebot_ws/install/linefollower_cv/share/linefollower_cv/launch
[3.584s] symbolically linking /home/mg/linebot_ws/build/linefollower_cv/launch/linefollower_cv_launch.py -> /home/mg/linebot_ws/install/linefollower_cv/share/linefollower_cv/launch
[3.655s] Invoked command in '/home/mg/linebot_ws/build/linefollower_cv' returned '0': PYTHONPATH=/home/mg/linebot_ws/build/linefollower_cv/prefix_override:/usr/lib/python3/dist-packages/colcon_core/task/python/colcon_distutils_commands:/home/mg/linebot_ws/install/linefollower_cv/lib/python3.12/site-packages:${PYTHONPATH} /usr/bin/python3 -W ignore:setup.py install is deprecated -W ignore:easy_install command is deprecated setup.py develop --editable --build-directory /home/mg/linebot_ws/build/linefollower_cv/build --no-deps symlink_data
