[0.062s] Invoking command in '/home/mg/linebot_ws/build/camera_ros': CMAKE_PREFIX_PATH=${CMAKE_PREFIX_PATH}:/opt/ros/jazzy /usr/bin/cmake /home/mg/linebot_ws/src/camera_ros -DAMENT_CMAKE_SYMLINK_INSTALL=1 -DCMAKE_INSTALL_PREFIX=/home/mg/linebot_ws/install/camera_ros
[0.433s] -- Found ament_cmake: 2.5.4 (/opt/ros/jazzy/share/ament_cmake/cmake)
[0.434s] -- Override CMake install command with custom implementation using symlinks instead of copying resources
[0.437s] -- Found rclcpp: 28.1.13 (/opt/ros/jazzy/share/rclcpp/cmake)
[1.055s] -- Found rosidl_generator_c: 4.6.6 (/opt/ros/jazzy/share/rosidl_generator_c/cmake)
[1.067s] -- Found rosidl_generator_cpp: 4.6.6 (/opt/ros/jazzy/share/rosidl_generator_cpp/cmake)
[1.083s] -- Using all available rosidl_typesupport_c: rosidl_typesupport_fastrtps_c;rosidl_typesupport_introspection_c
[1.110s] -- Using all available rosidl_typesupport_cpp: rosidl_typesupport_fastrtps_cpp;rosidl_typesupport_introspection_cpp
[1.214s] -- Found rmw_implementation_cmake: 7.3.2 (/opt/ros/jazzy/share/rmw_implementation_cmake/cmake)
[1.216s] -- Found rmw_fastrtps_cpp: 8.4.3 (/opt/ros/jazzy/share/rmw_fastrtps_cpp/cmake)
[2.069s] -- Using RMW implementation 'rmw_fastrtps_cpp' as default
[2.661s] -- Found rclcpp_components: 28.1.13 (/opt/ros/jazzy/share/rclcpp_components/cmake)
[2.695s] -- Found sensor_msgs: 5.3.6 (/opt/ros/jazzy/share/sensor_msgs/cmake)
[6.609s] [31mCMake Error at CMakeLists.txt:23 (find_package):
[6.609s]   By not providing "Findcamera_info_manager.cmake" in CMAKE_MODULE_PATH this
[6.609s]   project has asked CMake to find a package configuration file provided by
[6.609s]   "camera_info_manager", but CMake did not find one.
[6.609s] 
[6.609s]   Could not find a package configuration file provided by
[6.609s]   "camera_info_manager" with any of the following names:
[6.609s] 
[6.610s]     camera_info_managerConfig.cmake
[6.610s]     camera_info_manager-config.cmake
[6.610s] 
[6.610s]   Add the installation prefix of "camera_info_manager" to CMAKE_PREFIX_PATH
[6.610s]   or set "camera_info_manager_DIR" to a directory containing one of the above
[6.610s]   files.  If "camera_info_manager" provides a separate development package or
[6.610s]   SDK, be sure it has been installed.
[6.610s] 
[6.610s] [0m
[6.610s] -- Configuring incomplete, errors occurred!
[6.626s] Invoked command in '/home/mg/linebot_ws/build/camera_ros' returned '1': CMAKE_PREFIX_PATH=${CMAKE_PREFIX_PATH}:/opt/ros/jazzy /usr/bin/cmake /home/mg/linebot_ws/src/camera_ros -DAMENT_CMAKE_SYMLINK_INSTALL=1 -DCMAKE_INSTALL_PREFIX=/home/mg/linebot_ws/install/camera_ros
