[0.448s] DEBUG:colcon:Command line arguments: ['/usr/bin/colcon', 'build', '--symlink-install']
[0.449s] DEBUG:colcon:Parsed command line arguments: Namespace(log_base=None, log_level=None, verb_name='build', build_base='build', install_base='install', merge_install=False, symlink_install=True, test_result_base=None, continue_on_error=False, executor='parallel', parallel_workers=16, event_handlers=None, ignore_user_meta=False, metas=['./colcon.meta'], base_paths=['.'], packages_ignore=None, packages_ignore_regex=None, paths=None, packages_up_to=None, packages_up_to_regex=None, packages_above=None, packages_above_and_dependencies=None, packages_above_depth=None, packages_select_by_dep=None, packages_skip_by_dep=None, packages_skip_up_to=None, packages_select_build_failed=False, packages_skip_build_finished=False, packages_select_test_failures=False, packages_skip_test_passed=False, packages_select=None, packages_skip=None, packages_select_regex=None, packages_skip_regex=None, packages_start=None, packages_end=None, allow_overriding=[], cmake_args=None, cmake_target=None, cmake_target_skip_unavailable=False, cmake_clean_cache=False, cmake_clean_first=False, cmake_force_configure=False, ament_cmake_args=None, catkin_cmake_args=None, catkin_skip_building_tests=False, mixin_files=None, mixin=None, verb_parser=<colcon_mixin.mixin.mixin_argument.MixinArgumentDecorator object at 0x7abb37898f20>, verb_extension=<colcon_core.verb.build.BuildVerb object at 0x7abb37898b60>, main=<bound method BuildVerb.main of <colcon_core.verb.build.BuildVerb object at 0x7abb37898b60>>, mixin_verb=('build',))
[0.502s] Level 1:colcon.colcon_core.package_discovery:discover_packages(colcon_meta) check parameters
[0.502s] Level 1:colcon.colcon_core.package_discovery:discover_packages(recursive) check parameters
[0.502s] Level 1:colcon.colcon_core.package_discovery:discover_packages(ignore) check parameters
[0.502s] Level 1:colcon.colcon_core.package_discovery:discover_packages(path) check parameters
[0.502s] Level 1:colcon.colcon_core.package_discovery:discover_packages(colcon_meta) discover
[0.502s] Level 1:colcon.colcon_core.package_discovery:discover_packages(recursive) discover
[0.502s] INFO:colcon.colcon_core.package_discovery:Crawling recursively for packages in '/home/mg/linebot_ws'
[0.502s] Level 1:colcon.colcon_core.package_identification:_identify(.) by extensions ['ignore', 'ignore_ament_install']
[0.503s] Level 1:colcon.colcon_core.package_identification:_identify(.) by extension 'ignore'
[0.503s] Level 1:colcon.colcon_core.package_identification:_identify(.) by extension 'ignore_ament_install'
[0.503s] Level 1:colcon.colcon_core.package_identification:_identify(.) by extensions ['colcon_pkg']
[0.503s] Level 1:colcon.colcon_core.package_identification:_identify(.) by extension 'colcon_pkg'
[0.503s] Level 1:colcon.colcon_core.package_identification:_identify(.) by extensions ['colcon_meta']
[0.503s] Level 1:colcon.colcon_core.package_identification:_identify(.) by extension 'colcon_meta'
[0.503s] Level 1:colcon.colcon_core.package_identification:_identify(.) by extensions ['ros']
[0.503s] Level 1:colcon.colcon_core.package_identification:_identify(.) by extension 'ros'
[0.534s] Level 1:colcon.colcon_core.package_identification:_identify(.) by extensions ['cmake', 'python']
[0.534s] Level 1:colcon.colcon_core.package_identification:_identify(.) by extension 'cmake'
[0.534s] Level 1:colcon.colcon_core.package_identification:_identify(.) by extension 'python'
[0.534s] Level 1:colcon.colcon_core.package_identification:_identify(.) by extensions ['python_setup_py']
[0.534s] Level 1:colcon.colcon_core.package_identification:_identify(.) by extension 'python_setup_py'
[0.534s] Level 1:colcon.colcon_core.package_identification:_identify(build) by extensions ['ignore', 'ignore_ament_install']
[0.535s] Level 1:colcon.colcon_core.package_identification:_identify(build) by extension 'ignore'
[0.535s] Level 1:colcon.colcon_core.package_identification:_identify(build) ignored
[0.535s] Level 1:colcon.colcon_core.package_identification:_identify(conductor) by extensions ['ignore', 'ignore_ament_install']
[0.535s] Level 1:colcon.colcon_core.package_identification:_identify(conductor) by extension 'ignore'
[0.535s] Level 1:colcon.colcon_core.package_identification:_identify(conductor) by extension 'ignore_ament_install'
[0.535s] Level 1:colcon.colcon_core.package_identification:_identify(conductor) by extensions ['colcon_pkg']
[0.535s] Level 1:colcon.colcon_core.package_identification:_identify(conductor) by extension 'colcon_pkg'
[0.535s] Level 1:colcon.colcon_core.package_identification:_identify(conductor) by extensions ['colcon_meta']
[0.535s] Level 1:colcon.colcon_core.package_identification:_identify(conductor) by extension 'colcon_meta'
[0.535s] Level 1:colcon.colcon_core.package_identification:_identify(conductor) by extensions ['ros']
[0.535s] Level 1:colcon.colcon_core.package_identification:_identify(conductor) by extension 'ros'
[0.536s] Level 1:colcon.colcon_core.package_identification:_identify(conductor) by extensions ['cmake', 'python']
[0.536s] Level 1:colcon.colcon_core.package_identification:_identify(conductor) by extension 'cmake'
[0.536s] Level 1:colcon.colcon_core.package_identification:_identify(conductor) by extension 'python'
[0.536s] Level 1:colcon.colcon_core.package_identification:_identify(conductor) by extensions ['python_setup_py']
[0.536s] Level 1:colcon.colcon_core.package_identification:_identify(conductor) by extension 'python_setup_py'
[0.536s] Level 1:colcon.colcon_core.package_identification:_identify(conductor/archive) by extensions ['ignore', 'ignore_ament_install']
[0.536s] Level 1:colcon.colcon_core.package_identification:_identify(conductor/archive) by extension 'ignore'
[0.536s] Level 1:colcon.colcon_core.package_identification:_identify(conductor/archive) by extension 'ignore_ament_install'
[0.536s] Level 1:colcon.colcon_core.package_identification:_identify(conductor/archive) by extensions ['colcon_pkg']
[0.536s] Level 1:colcon.colcon_core.package_identification:_identify(conductor/archive) by extension 'colcon_pkg'
[0.536s] Level 1:colcon.colcon_core.package_identification:_identify(conductor/archive) by extensions ['colcon_meta']
[0.536s] Level 1:colcon.colcon_core.package_identification:_identify(conductor/archive) by extension 'colcon_meta'
[0.536s] Level 1:colcon.colcon_core.package_identification:_identify(conductor/archive) by extensions ['ros']
[0.536s] Level 1:colcon.colcon_core.package_identification:_identify(conductor/archive) by extension 'ros'
[0.536s] Level 1:colcon.colcon_core.package_identification:_identify(conductor/archive) by extensions ['cmake', 'python']
[0.537s] Level 1:colcon.colcon_core.package_identification:_identify(conductor/archive) by extension 'cmake'
[0.537s] Level 1:colcon.colcon_core.package_identification:_identify(conductor/archive) by extension 'python'
[0.537s] Level 1:colcon.colcon_core.package_identification:_identify(conductor/archive) by extensions ['python_setup_py']
[0.537s] Level 1:colcon.colcon_core.package_identification:_identify(conductor/archive) by extension 'python_setup_py'
[0.537s] Level 1:colcon.colcon_core.package_identification:_identify(conductor/code_styleguides) by extensions ['ignore', 'ignore_ament_install']
[0.537s] Level 1:colcon.colcon_core.package_identification:_identify(conductor/code_styleguides) by extension 'ignore'
[0.537s] Level 1:colcon.colcon_core.package_identification:_identify(conductor/code_styleguides) by extension 'ignore_ament_install'
[0.537s] Level 1:colcon.colcon_core.package_identification:_identify(conductor/code_styleguides) by extensions ['colcon_pkg']
[0.537s] Level 1:colcon.colcon_core.package_identification:_identify(conductor/code_styleguides) by extension 'colcon_pkg'
[0.537s] Level 1:colcon.colcon_core.package_identification:_identify(conductor/code_styleguides) by extensions ['colcon_meta']
[0.537s] Level 1:colcon.colcon_core.package_identification:_identify(conductor/code_styleguides) by extension 'colcon_meta'
[0.537s] Level 1:colcon.colcon_core.package_identification:_identify(conductor/code_styleguides) by extensions ['ros']
[0.537s] Level 1:colcon.colcon_core.package_identification:_identify(conductor/code_styleguides) by extension 'ros'
[0.538s] Level 1:colcon.colcon_core.package_identification:_identify(conductor/code_styleguides) by extensions ['cmake', 'python']
[0.538s] Level 1:colcon.colcon_core.package_identification:_identify(conductor/code_styleguides) by extension 'cmake'
[0.538s] Level 1:colcon.colcon_core.package_identification:_identify(conductor/code_styleguides) by extension 'python'
[0.538s] Level 1:colcon.colcon_core.package_identification:_identify(conductor/code_styleguides) by extensions ['python_setup_py']
[0.538s] Level 1:colcon.colcon_core.package_identification:_identify(conductor/code_styleguides) by extension 'python_setup_py'
[0.538s] Level 1:colcon.colcon_core.package_identification:_identify(conductor/tracks) by extensions ['ignore', 'ignore_ament_install']
[0.538s] Level 1:colcon.colcon_core.package_identification:_identify(conductor/tracks) by extension 'ignore'
[0.538s] Level 1:colcon.colcon_core.package_identification:_identify(conductor/tracks) by extension 'ignore_ament_install'
[0.538s] Level 1:colcon.colcon_core.package_identification:_identify(conductor/tracks) by extensions ['colcon_pkg']
[0.538s] Level 1:colcon.colcon_core.package_identification:_identify(conductor/tracks) by extension 'colcon_pkg'
[0.538s] Level 1:colcon.colcon_core.package_identification:_identify(conductor/tracks) by extensions ['colcon_meta']
[0.538s] Level 1:colcon.colcon_core.package_identification:_identify(conductor/tracks) by extension 'colcon_meta'
[0.538s] Level 1:colcon.colcon_core.package_identification:_identify(conductor/tracks) by extensions ['ros']
[0.538s] Level 1:colcon.colcon_core.package_identification:_identify(conductor/tracks) by extension 'ros'
[0.538s] Level 1:colcon.colcon_core.package_identification:_identify(conductor/tracks) by extensions ['cmake', 'python']
[0.538s] Level 1:colcon.colcon_core.package_identification:_identify(conductor/tracks) by extension 'cmake'
[0.539s] Level 1:colcon.colcon_core.package_identification:_identify(conductor/tracks) by extension 'python'
[0.539s] Level 1:colcon.colcon_core.package_identification:_identify(conductor/tracks) by extensions ['python_setup_py']
[0.539s] Level 1:colcon.colcon_core.package_identification:_identify(conductor/tracks) by extension 'python_setup_py'
[0.539s] Level 1:colcon.colcon_core.package_identification:_identify(conductor/tracks/port_esp32_hw_20260104) by extensions ['ignore', 'ignore_ament_install']
[0.539s] Level 1:colcon.colcon_core.package_identification:_identify(conductor/tracks/port_esp32_hw_20260104) by extension 'ignore'
[0.539s] Level 1:colcon.colcon_core.package_identification:_identify(conductor/tracks/port_esp32_hw_20260104) by extension 'ignore_ament_install'
[0.539s] Level 1:colcon.colcon_core.package_identification:_identify(conductor/tracks/port_esp32_hw_20260104) by extensions ['colcon_pkg']
[0.539s] Level 1:colcon.colcon_core.package_identification:_identify(conductor/tracks/port_esp32_hw_20260104) by extension 'colcon_pkg'
[0.539s] Level 1:colcon.colcon_core.package_identification:_identify(conductor/tracks/port_esp32_hw_20260104) by extensions ['colcon_meta']
[0.539s] Level 1:colcon.colcon_core.package_identification:_identify(conductor/tracks/port_esp32_hw_20260104) by extension 'colcon_meta'
[0.539s] Level 1:colcon.colcon_core.package_identification:_identify(conductor/tracks/port_esp32_hw_20260104) by extensions ['ros']
[0.539s] Level 1:colcon.colcon_core.package_identification:_identify(conductor/tracks/port_esp32_hw_20260104) by extension 'ros'
[0.539s] Level 1:colcon.colcon_core.package_identification:_identify(conductor/tracks/port_esp32_hw_20260104) by extensions ['cmake', 'python']
[0.539s] Level 1:colcon.colcon_core.package_identification:_identify(conductor/tracks/port_esp32_hw_20260104) by extension 'cmake'
[0.539s] Level 1:colcon.colcon_core.package_identification:_identify(conductor/tracks/port_esp32_hw_20260104) by extension 'python'
[0.540s] Level 1:colcon.colcon_core.package_identification:_identify(conductor/tracks/port_esp32_hw_20260104) by extensions ['python_setup_py']
[0.540s] Level 1:colcon.colcon_core.package_identification:_identify(conductor/tracks/port_esp32_hw_20260104) by extension 'python_setup_py'
[0.540s] Level 1:colcon.colcon_core.package_identification:_identify(esp32) by extensions ['ignore', 'ignore_ament_install']
[0.540s] Level 1:colcon.colcon_core.package_identification:_identify(esp32) by extension 'ignore'
[0.540s] Level 1:colcon.colcon_core.package_identification:_identify(esp32) by extension 'ignore_ament_install'
[0.540s] Level 1:colcon.colcon_core.package_identification:_identify(esp32) by extensions ['colcon_pkg']
[0.540s] Level 1:colcon.colcon_core.package_identification:_identify(esp32) by extension 'colcon_pkg'
[0.540s] Level 1:colcon.colcon_core.package_identification:_identify(esp32) by extensions ['colcon_meta']
[0.540s] Level 1:colcon.colcon_core.package_identification:_identify(esp32) by extension 'colcon_meta'
[0.540s] Level 1:colcon.colcon_core.package_identification:_identify(esp32) by extensions ['ros']
[0.540s] Level 1:colcon.colcon_core.package_identification:_identify(esp32) by extension 'ros'
[0.540s] Level 1:colcon.colcon_core.package_identification:_identify(esp32) by extensions ['cmake', 'python']
[0.540s] Level 1:colcon.colcon_core.package_identification:_identify(esp32) by extension 'cmake'
[0.540s] Level 1:colcon.colcon_core.package_identification:_identify(esp32) by extension 'python'
[0.540s] Level 1:colcon.colcon_core.package_identification:_identify(esp32) by extensions ['python_setup_py']
[0.540s] Level 1:colcon.colcon_core.package_identification:_identify(esp32) by extension 'python_setup_py'
[0.540s] Level 1:colcon.colcon_core.package_identification:_identify(esp32/ros_arduino_bridge) by extensions ['ignore', 'ignore_ament_install']
[0.541s] Level 1:colcon.colcon_core.package_identification:_identify(esp32/ros_arduino_bridge) by extension 'ignore'
[0.541s] Level 1:colcon.colcon_core.package_identification:_identify(esp32/ros_arduino_bridge) by extension 'ignore_ament_install'
[0.541s] Level 1:colcon.colcon_core.package_identification:_identify(esp32/ros_arduino_bridge) by extensions ['colcon_pkg']
[0.541s] Level 1:colcon.colcon_core.package_identification:_identify(esp32/ros_arduino_bridge) by extension 'colcon_pkg'
[0.541s] Level 1:colcon.colcon_core.package_identification:_identify(esp32/ros_arduino_bridge) by extensions ['colcon_meta']
[0.541s] Level 1:colcon.colcon_core.package_identification:_identify(esp32/ros_arduino_bridge) by extension 'colcon_meta'
[0.541s] Level 1:colcon.colcon_core.package_identification:_identify(esp32/ros_arduino_bridge) by extensions ['ros']
[0.541s] Level 1:colcon.colcon_core.package_identification:_identify(esp32/ros_arduino_bridge) by extension 'ros'
[0.541s] Level 1:colcon.colcon_core.package_identification:_identify(esp32/ros_arduino_bridge) by extensions ['cmake', 'python']
[0.541s] Level 1:colcon.colcon_core.package_identification:_identify(esp32/ros_arduino_bridge) by extension 'cmake'
[0.541s] Level 1:colcon.colcon_core.package_identification:_identify(esp32/ros_arduino_bridge) by extension 'python'
[0.541s] Level 1:colcon.colcon_core.package_identification:_identify(esp32/ros_arduino_bridge) by extensions ['python_setup_py']
[0.541s] Level 1:colcon.colcon_core.package_identification:_identify(esp32/ros_arduino_bridge) by extension 'python_setup_py'
[0.542s] Level 1:colcon.colcon_core.package_identification:_identify(esp32/ros_arduino_bridge/ROSArduinoBridge) by extensions ['ignore', 'ignore_ament_install']
[0.542s] Level 1:colcon.colcon_core.package_identification:_identify(esp32/ros_arduino_bridge/ROSArduinoBridge) by extension 'ignore'
[0.542s] Level 1:colcon.colcon_core.package_identification:_identify(esp32/ros_arduino_bridge/ROSArduinoBridge) by extension 'ignore_ament_install'
[0.542s] Level 1:colcon.colcon_core.package_identification:_identify(esp32/ros_arduino_bridge/ROSArduinoBridge) by extensions ['colcon_pkg']
[0.542s] Level 1:colcon.colcon_core.package_identification:_identify(esp32/ros_arduino_bridge/ROSArduinoBridge) by extension 'colcon_pkg'
[0.542s] Level 1:colcon.colcon_core.package_identification:_identify(esp32/ros_arduino_bridge/ROSArduinoBridge) by extensions ['colcon_meta']
[0.542s] Level 1:colcon.colcon_core.package_identification:_identify(esp32/ros_arduino_bridge/ROSArduinoBridge) by extension 'colcon_meta'
[0.542s] Level 1:colcon.colcon_core.package_identification:_identify(esp32/ros_arduino_bridge/ROSArduinoBridge) by extensions ['ros']
[0.542s] Level 1:colcon.colcon_core.package_identification:_identify(esp32/ros_arduino_bridge/ROSArduinoBridge) by extension 'ros'
[0.542s] Level 1:colcon.colcon_core.package_identification:_identify(esp32/ros_arduino_bridge/ROSArduinoBridge) by extensions ['cmake', 'python']
[0.542s] Level 1:colcon.colcon_core.package_identification:_identify(esp32/ros_arduino_bridge/ROSArduinoBridge) by extension 'cmake'
[0.542s] Level 1:colcon.colcon_core.package_identification:_identify(esp32/ros_arduino_bridge/ROSArduinoBridge) by extension 'python'
[0.542s] Level 1:colcon.colcon_core.package_identification:_identify(esp32/ros_arduino_bridge/ROSArduinoBridge) by extensions ['python_setup_py']
[0.542s] Level 1:colcon.colcon_core.package_identification:_identify(esp32/ros_arduino_bridge/ROSArduinoBridge) by extension 'python_setup_py'
[0.542s] Level 1:colcon.colcon_core.package_identification:_identify(install) by extensions ['ignore', 'ignore_ament_install']
[0.543s] Level 1:colcon.colcon_core.package_identification:_identify(install) by extension 'ignore'
[0.543s] Level 1:colcon.colcon_core.package_identification:_identify(install) ignored
[0.543s] Level 1:colcon.colcon_core.package_identification:_identify(log) by extensions ['ignore', 'ignore_ament_install']
[0.543s] Level 1:colcon.colcon_core.package_identification:_identify(log) by extension 'ignore'
[0.543s] Level 1:colcon.colcon_core.package_identification:_identify(log) ignored
[0.543s] Level 1:colcon.colcon_core.package_identification:_identify(src) by extensions ['ignore', 'ignore_ament_install']
[0.543s] Level 1:colcon.colcon_core.package_identification:_identify(src) by extension 'ignore'
[0.543s] Level 1:colcon.colcon_core.package_identification:_identify(src) by extension 'ignore_ament_install'
[0.543s] Level 1:colcon.colcon_core.package_identification:_identify(src) by extensions ['colcon_pkg']
[0.543s] Level 1:colcon.colcon_core.package_identification:_identify(src) by extension 'colcon_pkg'
[0.543s] Level 1:colcon.colcon_core.package_identification:_identify(src) by extensions ['colcon_meta']
[0.543s] Level 1:colcon.colcon_core.package_identification:_identify(src) by extension 'colcon_meta'
[0.543s] Level 1:colcon.colcon_core.package_identification:_identify(src) by extensions ['ros']
[0.543s] Level 1:colcon.colcon_core.package_identification:_identify(src) by extension 'ros'
[0.544s] Level 1:colcon.colcon_core.package_identification:_identify(src) by extensions ['cmake', 'python']
[0.544s] Level 1:colcon.colcon_core.package_identification:_identify(src) by extension 'cmake'
[0.544s] Level 1:colcon.colcon_core.package_identification:_identify(src) by extension 'python'
[0.544s] Level 1:colcon.colcon_core.package_identification:_identify(src) by extensions ['python_setup_py']
[0.544s] Level 1:colcon.colcon_core.package_identification:_identify(src) by extension 'python_setup_py'
[0.544s] Level 1:colcon.colcon_core.package_identification:_identify(src/camera_ros) by extensions ['ignore', 'ignore_ament_install']
[0.544s] Level 1:colcon.colcon_core.package_identification:_identify(src/camera_ros) by extension 'ignore'
[0.544s] Level 1:colcon.colcon_core.package_identification:_identify(src/camera_ros) by extension 'ignore_ament_install'
[0.544s] Level 1:colcon.colcon_core.package_identification:_identify(src/camera_ros) by extensions ['colcon_pkg']
[0.544s] Level 1:colcon.colcon_core.package_identification:_identify(src/camera_ros) by extension 'colcon_pkg'
[0.544s] Level 1:colcon.colcon_core.package_identification:_identify(src/camera_ros) by extensions ['colcon_meta']
[0.544s] Level 1:colcon.colcon_core.package_identification:_identify(src/camera_ros) by extension 'colcon_meta'
[0.544s] Level 1:colcon.colcon_core.package_identification:_identify(src/camera_ros) by extensions ['ros']
[0.544s] Level 1:colcon.colcon_core.package_identification:_identify(src/camera_ros) by extension 'ros'
[0.551s] DEBUG:colcon.colcon_core.package_identification:Package 'src/camera_ros' with type 'ros.ament_cmake' and name 'camera_ros'
[0.551s] Level 1:colcon.colcon_core.package_identification:_identify(src/diffdrive_arduino) by extensions ['ignore', 'ignore_ament_install']
[0.551s] Level 1:colcon.colcon_core.package_identification:_identify(src/diffdrive_arduino) by extension 'ignore'
[0.551s] Level 1:colcon.colcon_core.package_identification:_identify(src/diffdrive_arduino) by extension 'ignore_ament_install'
[0.551s] Level 1:colcon.colcon_core.package_identification:_identify(src/diffdrive_arduino) by extensions ['colcon_pkg']
[0.551s] Level 1:colcon.colcon_core.package_identification:_identify(src/diffdrive_arduino) by extension 'colcon_pkg'
[0.551s] Level 1:colcon.colcon_core.package_identification:_identify(src/diffdrive_arduino) by extensions ['colcon_meta']
[0.551s] Level 1:colcon.colcon_core.package_identification:_identify(src/diffdrive_arduino) by extension 'colcon_meta'
[0.551s] Level 1:colcon.colcon_core.package_identification:_identify(src/diffdrive_arduino) by extensions ['ros']
[0.551s] Level 1:colcon.colcon_core.package_identification:_identify(src/diffdrive_arduino) by extension 'ros'
[0.552s] DEBUG:colcon.colcon_core.package_identification:Package 'src/diffdrive_arduino' with type 'ros.ament_cmake' and name 'diffdrive_arduino'
[0.552s] Level 1:colcon.colcon_core.package_identification:_identify(src/linebot) by extensions ['ignore', 'ignore_ament_install']
[0.553s] Level 1:colcon.colcon_core.package_identification:_identify(src/linebot) by extension 'ignore'
[0.553s] Level 1:colcon.colcon_core.package_identification:_identify(src/linebot) by extension 'ignore_ament_install'
[0.553s] Level 1:colcon.colcon_core.package_identification:_identify(src/linebot) by extensions ['colcon_pkg']
[0.553s] Level 1:colcon.colcon_core.package_identification:_identify(src/linebot) by extension 'colcon_pkg'
[0.553s] Level 1:colcon.colcon_core.package_identification:_identify(src/linebot) by extensions ['colcon_meta']
[0.553s] Level 1:colcon.colcon_core.package_identification:_identify(src/linebot) by extension 'colcon_meta'
[0.553s] Level 1:colcon.colcon_core.package_identification:_identify(src/linebot) by extensions ['ros']
[0.553s] Level 1:colcon.colcon_core.package_identification:_identify(src/linebot) by extension 'ros'
[0.554s] DEBUG:colcon.colcon_core.package_identification:Package 'src/linebot' with type 'ros.ament_cmake' and name 'linebot'
[0.554s] Level 1:colcon.colcon_core.package_identification:_identify(src/linefollower_cv) by extensions ['ignore', 'ignore_ament_install']
[0.554s] Level 1:colcon.colcon_core.package_identification:_identify(src/linefollower_cv) by extension 'ignore'
[0.554s] Level 1:colcon.colcon_core.package_identification:_identify(src/linefollower_cv) by extension 'ignore_ament_install'
[0.554s] Level 1:colcon.colcon_core.package_identification:_identify(src/linefollower_cv) by extensions ['colcon_pkg']
[0.554s] Level 1:colcon.colcon_core.package_identification:_identify(src/linefollower_cv) by extension 'colcon_pkg'
[0.554s] Level 1:colcon.colcon_core.package_identification:_identify(src/linefollower_cv) by extensions ['colcon_meta']
[0.554s] Level 1:colcon.colcon_core.package_identification:_identify(src/linefollower_cv) by extension 'colcon_meta'
[0.554s] Level 1:colcon.colcon_core.package_identification:_identify(src/linefollower_cv) by extensions ['ros']
[0.554s] Level 1:colcon.colcon_core.package_identification:_identify(src/linefollower_cv) by extension 'ros'
[0.555s] DEBUG:colcon.colcon_core.package_identification:Package 'src/linefollower_cv' with type 'ros.ament_python' and name 'linefollower_cv'
[0.555s] Level 1:colcon.colcon_core.package_identification:_identify(src/serial) by extensions ['ignore', 'ignore_ament_install']
[0.555s] Level 1:colcon.colcon_core.package_identification:_identify(src/serial) by extension 'ignore'
[0.555s] Level 1:colcon.colcon_core.package_identification:_identify(src/serial) by extension 'ignore_ament_install'
[0.555s] Level 1:colcon.colcon_core.package_identification:_identify(src/serial) by extensions ['colcon_pkg']
[0.555s] Level 1:colcon.colcon_core.package_identification:_identify(src/serial) by extension 'colcon_pkg'
[0.555s] Level 1:colcon.colcon_core.package_identification:_identify(src/serial) by extensions ['colcon_meta']
[0.556s] Level 1:colcon.colcon_core.package_identification:_identify(src/serial) by extension 'colcon_meta'
[0.556s] Level 1:colcon.colcon_core.package_identification:_identify(src/serial) by extensions ['ros']
[0.556s] Level 1:colcon.colcon_core.package_identification:_identify(src/serial) by extension 'ros'
[0.556s] DEBUG:colcon.colcon_core.package_identification:Package 'src/serial' with type 'ros.ament_cmake' and name 'serial'
[0.556s] Level 1:colcon.colcon_core.package_identification:_identify(src/sllidar_ros2) by extensions ['ignore', 'ignore_ament_install']
[0.556s] Level 1:colcon.colcon_core.package_identification:_identify(src/sllidar_ros2) by extension 'ignore'
[0.556s] Level 1:colcon.colcon_core.package_identification:_identify(src/sllidar_ros2) by extension 'ignore_ament_install'
[0.556s] Level 1:colcon.colcon_core.package_identification:_identify(src/sllidar_ros2) by extensions ['colcon_pkg']
[0.557s] Level 1:colcon.colcon_core.package_identification:_identify(src/sllidar_ros2) by extension 'colcon_pkg'
[0.557s] Level 1:colcon.colcon_core.package_identification:_identify(src/sllidar_ros2) by extensions ['colcon_meta']
[0.557s] Level 1:colcon.colcon_core.package_identification:_identify(src/sllidar_ros2) by extension 'colcon_meta'
[0.557s] Level 1:colcon.colcon_core.package_identification:_identify(src/sllidar_ros2) by extensions ['ros']
[0.557s] Level 1:colcon.colcon_core.package_identification:_identify(src/sllidar_ros2) by extension 'ros'
[0.557s] DEBUG:colcon.colcon_core.package_identification:Package 'src/sllidar_ros2' with type 'ros.ament_cmake' and name 'sllidar_ros2'
[0.557s] Level 1:colcon.colcon_core.package_identification:_identify(src/twist_stamper) by extensions ['ignore', 'ignore_ament_install']
[0.558s] Level 1:colcon.colcon_core.package_identification:_identify(src/twist_stamper) by extension 'ignore'
[0.558s] Level 1:colcon.colcon_core.package_identification:_identify(src/twist_stamper) by extension 'ignore_ament_install'
[0.558s] Level 1:colcon.colcon_core.package_identification:_identify(src/twist_stamper) by extensions ['colcon_pkg']
[0.558s] Level 1:colcon.colcon_core.package_identification:_identify(src/twist_stamper) by extension 'colcon_pkg'
[0.558s] Level 1:colcon.colcon_core.package_identification:_identify(src/twist_stamper) by extensions ['colcon_meta']
[0.558s] Level 1:colcon.colcon_core.package_identification:_identify(src/twist_stamper) by extension 'colcon_meta'
[0.558s] Level 1:colcon.colcon_core.package_identification:_identify(src/twist_stamper) by extensions ['ros']
[0.558s] Level 1:colcon.colcon_core.package_identification:_identify(src/twist_stamper) by extension 'ros'
[0.558s] DEBUG:colcon.colcon_core.package_identification:Package 'src/twist_stamper' with type 'ros.ament_python' and name 'twist_stamper'
[0.559s] Level 1:colcon.colcon_core.package_discovery:discover_packages(recursive) using defaults
[0.559s] Level 1:colcon.colcon_core.package_discovery:discover_packages(ignore) discover
[0.559s] Level 1:colcon.colcon_core.package_discovery:discover_packages(ignore) using defaults
[0.559s] Level 1:colcon.colcon_core.package_discovery:discover_packages(path) discover
[0.559s] Level 1:colcon.colcon_core.package_discovery:discover_packages(path) using defaults
[0.582s] Level 1:colcon.colcon_core.package_discovery:discover_packages(prefix_path) check parameters
[0.582s] Level 1:colcon.colcon_core.package_discovery:discover_packages(prefix_path) discover
[0.587s] DEBUG:colcon.colcon_installed_package_information.package_discovery:Found 424 installed packages in /opt/ros/jazzy
[0.588s] Level 1:colcon.colcon_core.package_discovery:discover_packages(prefix_path) using defaults
[0.662s] Level 5:colcon.colcon_core.verb:set package 'camera_ros' build argument 'cmake_args' from command line to 'None'
[0.662s] Level 5:colcon.colcon_core.verb:set package 'camera_ros' build argument 'cmake_target' from command line to 'None'
[0.662s] Level 5:colcon.colcon_core.verb:set package 'camera_ros' build argument 'cmake_target_skip_unavailable' from command line to 'False'
[0.662s] Level 5:colcon.colcon_core.verb:set package 'camera_ros' build argument 'cmake_clean_cache' from command line to 'False'
[0.662s] Level 5:colcon.colcon_core.verb:set package 'camera_ros' build argument 'cmake_clean_first' from command line to 'False'
[0.662s] Level 5:colcon.colcon_core.verb:set package 'camera_ros' build argument 'cmake_force_configure' from command line to 'False'
[0.662s] Level 5:colcon.colcon_core.verb:set package 'camera_ros' build argument 'ament_cmake_args' from command line to 'None'
[0.662s] Level 5:colcon.colcon_core.verb:set package 'camera_ros' build argument 'catkin_cmake_args' from command line to 'None'
[0.662s] Level 5:colcon.colcon_core.verb:set package 'camera_ros' build argument 'catkin_skip_building_tests' from command line to 'False'
[0.662s] DEBUG:colcon.colcon_core.verb:Building package 'camera_ros' with the following arguments: {'ament_cmake_args': None, 'build_base': '/home/mg/linebot_ws/build/camera_ros', 'catkin_cmake_args': None, 'catkin_skip_building_tests': False, 'cmake_args': None, 'cmake_clean_cache': False, 'cmake_clean_first': False, 'cmake_force_configure': False, 'cmake_target': None, 'cmake_target_skip_unavailable': False, 'install_base': '/home/mg/linebot_ws/install/camera_ros', 'merge_install': False, 'path': '/home/mg/linebot_ws/src/camera_ros', 'symlink_install': True, 'test_result_base': None}
[0.663s] Level 5:colcon.colcon_core.verb:set package 'diffdrive_arduino' build argument 'cmake_args' from command line to 'None'
[0.663s] Level 5:colcon.colcon_core.verb:set package 'diffdrive_arduino' build argument 'cmake_target' from command line to 'None'
[0.663s] Level 5:colcon.colcon_core.verb:set package 'diffdrive_arduino' build argument 'cmake_target_skip_unavailable' from command line to 'False'
[0.663s] Level 5:colcon.colcon_core.verb:set package 'diffdrive_arduino' build argument 'cmake_clean_cache' from command line to 'False'
[0.663s] Level 5:colcon.colcon_core.verb:set package 'diffdrive_arduino' build argument 'cmake_clean_first' from command line to 'False'
[0.663s] Level 5:colcon.colcon_core.verb:set package 'diffdrive_arduino' build argument 'cmake_force_configure' from command line to 'False'
[0.663s] Level 5:colcon.colcon_core.verb:set package 'diffdrive_arduino' build argument 'ament_cmake_args' from command line to 'None'
[0.663s] Level 5:colcon.colcon_core.verb:set package 'diffdrive_arduino' build argument 'catkin_cmake_args' from command line to 'None'
[0.663s] Level 5:colcon.colcon_core.verb:set package 'diffdrive_arduino' build argument 'catkin_skip_building_tests' from command line to 'False'
[0.663s] DEBUG:colcon.colcon_core.verb:Building package 'diffdrive_arduino' with the following arguments: {'ament_cmake_args': None, 'build_base': '/home/mg/linebot_ws/build/diffdrive_arduino', 'catkin_cmake_args': None, 'catkin_skip_building_tests': False, 'cmake_args': None, 'cmake_clean_cache': False, 'cmake_clean_first': False, 'cmake_force_configure': False, 'cmake_target': None, 'cmake_target_skip_unavailable': False, 'install_base': '/home/mg/linebot_ws/install/diffdrive_arduino', 'merge_install': False, 'path': '/home/mg/linebot_ws/src/diffdrive_arduino', 'symlink_install': True, 'test_result_base': None}
[0.663s] Level 5:colcon.colcon_core.verb:set package 'linebot' build argument 'cmake_args' from command line to 'None'
[0.663s] Level 5:colcon.colcon_core.verb:set package 'linebot' build argument 'cmake_target' from command line to 'None'
[0.663s] Level 5:colcon.colcon_core.verb:set package 'linebot' build argument 'cmake_target_skip_unavailable' from command line to 'False'
[0.663s] Level 5:colcon.colcon_core.verb:set package 'linebot' build argument 'cmake_clean_cache' from command line to 'False'
[0.663s] Level 5:colcon.colcon_core.verb:set package 'linebot' build argument 'cmake_clean_first' from command line to 'False'
[0.663s] Level 5:colcon.colcon_core.verb:set package 'linebot' build argument 'cmake_force_configure' from command line to 'False'
[0.663s] Level 5:colcon.colcon_core.verb:set package 'linebot' build argument 'ament_cmake_args' from command line to 'None'
[0.663s] Level 5:colcon.colcon_core.verb:set package 'linebot' build argument 'catkin_cmake_args' from command line to 'None'
[0.663s] Level 5:colcon.colcon_core.verb:set package 'linebot' build argument 'catkin_skip_building_tests' from command line to 'False'
[0.663s] DEBUG:colcon.colcon_core.verb:Building package 'linebot' with the following arguments: {'ament_cmake_args': None, 'build_base': '/home/mg/linebot_ws/build/linebot', 'catkin_cmake_args': None, 'catkin_skip_building_tests': False, 'cmake_args': None, 'cmake_clean_cache': False, 'cmake_clean_first': False, 'cmake_force_configure': False, 'cmake_target': None, 'cmake_target_skip_unavailable': False, 'install_base': '/home/mg/linebot_ws/install/linebot', 'merge_install': False, 'path': '/home/mg/linebot_ws/src/linebot', 'symlink_install': True, 'test_result_base': None}
[0.664s] Level 5:colcon.colcon_core.verb:set package 'linefollower_cv' build argument 'cmake_args' from command line to 'None'
[0.664s] Level 5:colcon.colcon_core.verb:set package 'linefollower_cv' build argument 'cmake_target' from command line to 'None'
[0.664s] Level 5:colcon.colcon_core.verb:set package 'linefollower_cv' build argument 'cmake_target_skip_unavailable' from command line to 'False'
[0.664s] Level 5:colcon.colcon_core.verb:set package 'linefollower_cv' build argument 'cmake_clean_cache' from command line to 'False'
[0.664s] Level 5:colcon.colcon_core.verb:set package 'linefollower_cv' build argument 'cmake_clean_first' from command line to 'False'
[0.664s] Level 5:colcon.colcon_core.verb:set package 'linefollower_cv' build argument 'cmake_force_configure' from command line to 'False'
[0.664s] Level 5:colcon.colcon_core.verb:set package 'linefollower_cv' build argument 'ament_cmake_args' from command line to 'None'
[0.664s] Level 5:colcon.colcon_core.verb:set package 'linefollower_cv' build argument 'catkin_cmake_args' from command line to 'None'
[0.664s] Level 5:colcon.colcon_core.verb:set package 'linefollower_cv' build argument 'catkin_skip_building_tests' from command line to 'False'
[0.664s] DEBUG:colcon.colcon_core.verb:Building package 'linefollower_cv' with the following arguments: {'ament_cmake_args': None, 'build_base': '/home/mg/linebot_ws/build/linefollower_cv', 'catkin_cmake_args': None, 'catkin_skip_building_tests': False, 'cmake_args': None, 'cmake_clean_cache': False, 'cmake_clean_first': False, 'cmake_force_configure': False, 'cmake_target': None, 'cmake_target_skip_unavailable': False, 'install_base': '/home/mg/linebot_ws/install/linefollower_cv', 'merge_install': False, 'path': '/home/mg/linebot_ws/src/linefollower_cv', 'symlink_install': True, 'test_result_base': None}
[0.664s] Level 5:colcon.colcon_core.verb:set package 'serial' build argument 'cmake_args' from command line to 'None'
[0.664s] Level 5:colcon.colcon_core.verb:set package 'serial' build argument 'cmake_target' from command line to 'None'
[0.664s] Level 5:colcon.colcon_core.verb:set package 'serial' build argument 'cmake_target_skip_unavailable' from command line to 'False'
[0.664s] Level 5:colcon.colcon_core.verb:set package 'serial' build argument 'cmake_clean_cache' from command line to 'False'
[0.664s] Level 5:colcon.colcon_core.verb:set package 'serial' build argument 'cmake_clean_first' from command line to 'False'
[0.664s] Level 5:colcon.colcon_core.verb:set package 'serial' build argument 'cmake_force_configure' from command line to 'False'
[0.664s] Level 5:colcon.colcon_core.verb:set package 'serial' build argument 'ament_cmake_args' from command line to 'None'
[0.664s] Level 5:colcon.colcon_core.verb:set package 'serial' build argument 'catkin_cmake_args' from command line to 'None'
[0.664s] Level 5:colcon.colcon_core.verb:set package 'serial' build argument 'catkin_skip_building_tests' from command line to 'False'
[0.664s] DEBUG:colcon.colcon_core.verb:Building package 'serial' with the following arguments: {'ament_cmake_args': None, 'build_base': '/home/mg/linebot_ws/build/serial', 'catkin_cmake_args': None, 'catkin_skip_building_tests': False, 'cmake_args': None, 'cmake_clean_cache': False, 'cmake_clean_first': False, 'cmake_force_configure': False, 'cmake_target': None, 'cmake_target_skip_unavailable': False, 'install_base': '/home/mg/linebot_ws/install/serial', 'merge_install': False, 'path': '/home/mg/linebot_ws/src/serial', 'symlink_install': True, 'test_result_base': None}
[0.665s] Level 5:colcon.colcon_core.verb:set package 'sllidar_ros2' build argument 'cmake_args' from command line to 'None'
[0.665s] Level 5:colcon.colcon_core.verb:set package 'sllidar_ros2' build argument 'cmake_target' from command line to 'None'
[0.665s] Level 5:colcon.colcon_core.verb:set package 'sllidar_ros2' build argument 'cmake_target_skip_unavailable' from command line to 'False'
[0.665s] Level 5:colcon.colcon_core.verb:set package 'sllidar_ros2' build argument 'cmake_clean_cache' from command line to 'False'
[0.665s] Level 5:colcon.colcon_core.verb:set package 'sllidar_ros2' build argument 'cmake_clean_first' from command line to 'False'
[0.665s] Level 5:colcon.colcon_core.verb:set package 'sllidar_ros2' build argument 'cmake_force_configure' from command line to 'False'
[0.665s] Level 5:colcon.colcon_core.verb:set package 'sllidar_ros2' build argument 'ament_cmake_args' from command line to 'None'
[0.665s] Level 5:colcon.colcon_core.verb:set package 'sllidar_ros2' build argument 'catkin_cmake_args' from command line to 'None'
[0.665s] Level 5:colcon.colcon_core.verb:set package 'sllidar_ros2' build argument 'catkin_skip_building_tests' from command line to 'False'
[0.665s] DEBUG:colcon.colcon_core.verb:Building package 'sllidar_ros2' with the following arguments: {'ament_cmake_args': None, 'build_base': '/home/mg/linebot_ws/build/sllidar_ros2', 'catkin_cmake_args': None, 'catkin_skip_building_tests': False, 'cmake_args': None, 'cmake_clean_cache': False, 'cmake_clean_first': False, 'cmake_force_configure': False, 'cmake_target': None, 'cmake_target_skip_unavailable': False, 'install_base': '/home/mg/linebot_ws/install/sllidar_ros2', 'merge_install': False, 'path': '/home/mg/linebot_ws/src/sllidar_ros2', 'symlink_install': True, 'test_result_base': None}
[0.665s] Level 5:colcon.colcon_core.verb:set package 'twist_stamper' build argument 'cmake_args' from command line to 'None'
[0.665s] Level 5:colcon.colcon_core.verb:set package 'twist_stamper' build argument 'cmake_target' from command line to 'None'
[0.665s] Level 5:colcon.colcon_core.verb:set package 'twist_stamper' build argument 'cmake_target_skip_unavailable' from command line to 'False'
[0.665s] Level 5:colcon.colcon_core.verb:set package 'twist_stamper' build argument 'cmake_clean_cache' from command line to 'False'
[0.665s] Level 5:colcon.colcon_core.verb:set package 'twist_stamper' build argument 'cmake_clean_first' from command line to 'False'
[0.665s] Level 5:colcon.colcon_core.verb:set package 'twist_stamper' build argument 'cmake_force_configure' from command line to 'False'
[0.665s] Level 5:colcon.colcon_core.verb:set package 'twist_stamper' build argument 'ament_cmake_args' from command line to 'None'
[0.665s] Level 5:colcon.colcon_core.verb:set package 'twist_stamper' build argument 'catkin_cmake_args' from command line to 'None'
[0.665s] Level 5:colcon.colcon_core.verb:set package 'twist_stamper' build argument 'catkin_skip_building_tests' from command line to 'False'
[0.666s] DEBUG:colcon.colcon_core.verb:Building package 'twist_stamper' with the following arguments: {'ament_cmake_args': None, 'build_base': '/home/mg/linebot_ws/build/twist_stamper', 'catkin_cmake_args': None, 'catkin_skip_building_tests': False, 'cmake_args': None, 'cmake_clean_cache': False, 'cmake_clean_first': False, 'cmake_force_configure': False, 'cmake_target': None, 'cmake_target_skip_unavailable': False, 'install_base': '/home/mg/linebot_ws/install/twist_stamper', 'merge_install': False, 'path': '/home/mg/linebot_ws/src/twist_stamper', 'symlink_install': True, 'test_result_base': None}
[0.666s] INFO:colcon.colcon_core.executor:Executing jobs using 'parallel' executor
[0.667s] DEBUG:colcon.colcon_parallel_executor.executor.parallel:run_until_complete
[0.667s] INFO:colcon.colcon_ros.task.ament_cmake.build:Building ROS package in '/home/mg/linebot_ws/src/camera_ros' with build type 'ament_cmake'
[0.668s] INFO:colcon.colcon_cmake.task.cmake.build:Building CMake package in '/home/mg/linebot_ws/src/camera_ros'
[0.671s] INFO:colcon.colcon_core.plugin_system:Skipping extension 'colcon_core.shell.bat': Not used on non-Windows systems
[0.671s] INFO:colcon.colcon_core.shell:Skip shell extension 'powershell' for command environment: Not usable outside of PowerShell
[0.671s] DEBUG:colcon.colcon_core.shell:Skip shell extension 'dsv' for command environment
[0.676s] INFO:colcon.colcon_ros.task.ament_cmake.build:Building ROS package in '/home/mg/linebot_ws/src/diffdrive_arduino' with build type 'ament_cmake'
[0.676s] INFO:colcon.colcon_cmake.task.cmake.build:Building CMake package in '/home/mg/linebot_ws/src/diffdrive_arduino'
[0.677s] INFO:colcon.colcon_core.shell:Skip shell extension 'powershell' for command environment: Not usable outside of PowerShell
[0.677s] DEBUG:colcon.colcon_core.shell:Skip shell extension 'dsv' for command environment
[0.682s] INFO:colcon.colcon_ros.task.ament_cmake.build:Building ROS package in '/home/mg/linebot_ws/src/linebot' with build type 'ament_cmake'
[0.682s] INFO:colcon.colcon_cmake.task.cmake.build:Building CMake package in '/home/mg/linebot_ws/src/linebot'
[0.683s] INFO:colcon.colcon_core.shell:Skip shell extension 'powershell' for command environment: Not usable outside of PowerShell
[0.683s] DEBUG:colcon.colcon_core.shell:Skip shell extension 'dsv' for command environment
[0.689s] INFO:colcon.colcon_ros.task.ament_python.build:Building ROS package in '/home/mg/linebot_ws/src/linefollower_cv' with build type 'ament_python'
[0.690s] Level 1:colcon.colcon_core.shell:create_environment_hook('linefollower_cv', 'ament_prefix_path')
[0.691s] INFO:colcon.colcon_core.shell:Creating environment hook '/home/mg/linebot_ws/install/linefollower_cv/share/linefollower_cv/hook/ament_prefix_path.ps1'
[0.692s] INFO:colcon.colcon_core.shell:Creating environment descriptor '/home/mg/linebot_ws/install/linefollower_cv/share/linefollower_cv/hook/ament_prefix_path.dsv'
[0.692s] INFO:colcon.colcon_core.shell:Creating environment hook '/home/mg/linebot_ws/install/linefollower_cv/share/linefollower_cv/hook/ament_prefix_path.sh'
[0.693s] INFO:colcon.colcon_core.shell:Skip shell extension 'powershell' for command environment: Not usable outside of PowerShell
[0.693s] DEBUG:colcon.colcon_core.shell:Skip shell extension 'dsv' for command environment
[0.698s] INFO:colcon.colcon_ros.task.ament_cmake.build:Building ROS package in '/home/mg/linebot_ws/src/serial' with build type 'ament_cmake'
[0.699s] INFO:colcon.colcon_cmake.task.cmake.build:Building CMake package in '/home/mg/linebot_ws/src/serial'
[0.699s] INFO:colcon.colcon_core.shell:Skip shell extension 'powershell' for command environment: Not usable outside of PowerShell
[0.699s] DEBUG:colcon.colcon_core.shell:Skip shell extension 'dsv' for command environment
[0.706s] INFO:colcon.colcon_ros.task.ament_cmake.build:Building ROS package in '/home/mg/linebot_ws/src/sllidar_ros2' with build type 'ament_cmake'
[0.706s] INFO:colcon.colcon_cmake.task.cmake.build:Building CMake package in '/home/mg/linebot_ws/src/sllidar_ros2'
[0.707s] INFO:colcon.colcon_core.shell:Skip shell extension 'powershell' for command environment: Not usable outside of PowerShell
[0.707s] DEBUG:colcon.colcon_core.shell:Skip shell extension 'dsv' for command environment
[0.714s] INFO:colcon.colcon_ros.task.ament_python.build:Building ROS package in '/home/mg/linebot_ws/src/twist_stamper' with build type 'ament_python'
[0.714s] Level 1:colcon.colcon_core.shell:create_environment_hook('twist_stamper', 'ament_prefix_path')
[0.714s] INFO:colcon.colcon_core.shell:Creating environment hook '/home/mg/linebot_ws/install/twist_stamper/share/twist_stamper/hook/ament_prefix_path.ps1'
[0.716s] INFO:colcon.colcon_core.shell:Creating environment descriptor '/home/mg/linebot_ws/install/twist_stamper/share/twist_stamper/hook/ament_prefix_path.dsv'
[0.716s] INFO:colcon.colcon_core.shell:Creating environment hook '/home/mg/linebot_ws/install/twist_stamper/share/twist_stamper/hook/ament_prefix_path.sh'
[0.717s] INFO:colcon.colcon_core.shell:Skip shell extension 'powershell' for command environment: Not usable outside of PowerShell
[0.717s] DEBUG:colcon.colcon_core.shell:Skip shell extension 'dsv' for command environment
[0.731s] DEBUG:colcon.colcon_core.event_handler.log_command:Invoking command in '/home/mg/linebot_ws/build/camera_ros': CMAKE_PREFIX_PATH=${CMAKE_PREFIX_PATH}:/opt/ros/jazzy /usr/bin/cmake /home/mg/linebot_ws/src/camera_ros -DAMENT_CMAKE_SYMLINK_INSTALL=1 -DCMAKE_INSTALL_PREFIX=/home/mg/linebot_ws/install/camera_ros
[0.736s] DEBUG:colcon.colcon_core.event_handler.log_command:Invoking command in '/home/mg/linebot_ws/build/diffdrive_arduino': CMAKE_PREFIX_PATH=${CMAKE_PREFIX_PATH}:/opt/ros/jazzy /usr/bin/cmake --build /home/mg/linebot_ws/build/diffdrive_arduino -- -j16 -l16
[0.742s] DEBUG:colcon.colcon_core.event_handler.log_command:Invoking command in '/home/mg/linebot_ws/build/linebot': CMAKE_PREFIX_PATH=${CMAKE_PREFIX_PATH}:/opt/ros/jazzy /usr/bin/cmake --build /home/mg/linebot_ws/build/linebot -- -j16 -l16
[1.065s] INFO:colcon.colcon_core.task.python.build:Building Python package in '/home/mg/linebot_ws/src/linefollower_cv'
[1.065s] INFO:colcon.colcon_core.shell:Skip shell extension 'powershell' for command environment: Not usable outside of PowerShell
[1.065s] DEBUG:colcon.colcon_core.shell:Skip shell extension 'dsv' for command environment
[1.075s] DEBUG:colcon.colcon_core.event_handler.log_command:Invoking command in '/home/mg/linebot_ws/build/serial': CMAKE_PREFIX_PATH=${CMAKE_PREFIX_PATH}:/opt/ros/jazzy /usr/bin/cmake --build /home/mg/linebot_ws/build/serial -- -j16 -l16
[1.101s] DEBUG:colcon.colcon_core.event_handler.log_command:Invoking command in '/home/mg/linebot_ws/build/sllidar_ros2': CMAKE_PREFIX_PATH=${CMAKE_PREFIX_PATH}:/opt/ros/jazzy /usr/bin/cmake --build /home/mg/linebot_ws/build/sllidar_ros2 -- -j16 -l16
[1.106s] DEBUG:colcon.colcon_core.event_handler.log_command:Invoked command in '/home/mg/linebot_ws/build/diffdrive_arduino' returned '0': CMAKE_PREFIX_PATH=${CMAKE_PREFIX_PATH}:/opt/ros/jazzy /usr/bin/cmake --build /home/mg/linebot_ws/build/diffdrive_arduino -- -j16 -l16
[1.127s] DEBUG:colcon.colcon_core.event_handler.log_command:Invoking command in '/home/mg/linebot_ws/build/diffdrive_arduino': CMAKE_PREFIX_PATH=${CMAKE_PREFIX_PATH}:/opt/ros/jazzy /usr/bin/cmake --install /home/mg/linebot_ws/build/diffdrive_arduino
[1.128s] DEBUG:colcon.colcon_core.event_handler.log_command:Invoked command in '/home/mg/linebot_ws/build/linebot' returned '0': CMAKE_PREFIX_PATH=${CMAKE_PREFIX_PATH}:/opt/ros/jazzy /usr/bin/cmake --build /home/mg/linebot_ws/build/linebot -- -j16 -l16
[1.129s] DEBUG:colcon.colcon_core.event_handler.log_command:Invoking command in '/home/mg/linebot_ws/build/linebot': CMAKE_PREFIX_PATH=${CMAKE_PREFIX_PATH}:/opt/ros/jazzy /usr/bin/cmake --install /home/mg/linebot_ws/build/linebot
[1.479s] INFO:colcon.colcon_core.task.python.build:Building Python package in '/home/mg/linebot_ws/src/twist_stamper'
[1.479s] INFO:colcon.colcon_core.shell:Skip shell extension 'powershell' for command environment: Not usable outside of PowerShell
[1.479s] DEBUG:colcon.colcon_core.shell:Skip shell extension 'dsv' for command environment
[1.499s] DEBUG:colcon.colcon_core.event_handler.log_command:Invoked command in '/home/mg/linebot_ws/build/sllidar_ros2' returned '0': CMAKE_PREFIX_PATH=${CMAKE_PREFIX_PATH}:/opt/ros/jazzy /usr/bin/cmake --build /home/mg/linebot_ws/build/sllidar_ros2 -- -j16 -l16
[1.501s] DEBUG:colcon.colcon_core.event_handler.log_command:Invoking command in '/home/mg/linebot_ws/build/sllidar_ros2': CMAKE_PREFIX_PATH=${CMAKE_PREFIX_PATH}:/opt/ros/jazzy /usr/bin/cmake --install /home/mg/linebot_ws/build/sllidar_ros2
[1.503s] DEBUG:colcon.colcon_core.event_handler.log_command:Invoked command in '/home/mg/linebot_ws/build/serial' returned '0': CMAKE_PREFIX_PATH=${CMAKE_PREFIX_PATH}:/opt/ros/jazzy /usr/bin/cmake --build /home/mg/linebot_ws/build/serial -- -j16 -l16
[1.504s] DEBUG:colcon.colcon_core.event_handler.log_command:Invoking command in '/home/mg/linebot_ws/build/serial': CMAKE_PREFIX_PATH=${CMAKE_PREFIX_PATH}:/opt/ros/jazzy /usr/bin/cmake --install /home/mg/linebot_ws/build/serial
[1.896s] Level 1:colcon.colcon_core.environment:create_environment_scripts_only(diffdrive_arduino)
[1.897s] DEBUG:colcon.colcon_core.event_handler.log_command:Invoked command in '/home/mg/linebot_ws/build/diffdrive_arduino' returned '0': CMAKE_PREFIX_PATH=${CMAKE_PREFIX_PATH}:/opt/ros/jazzy /usr/bin/cmake --install /home/mg/linebot_ws/build/diffdrive_arduino
[1.900s] Level 1:colcon.colcon_core.environment:checking '/home/mg/linebot_ws/install/diffdrive_arduino' for CMake module files
[1.901s] Level 1:colcon.colcon_core.environment:checking '/home/mg/linebot_ws/install/diffdrive_arduino' for CMake config files
[1.902s] Level 1:colcon.colcon_core.shell:create_environment_hook('diffdrive_arduino', 'cmake_prefix_path')
[1.903s] INFO:colcon.colcon_core.shell:Creating environment hook '/home/mg/linebot_ws/install/diffdrive_arduino/share/diffdrive_arduino/hook/cmake_prefix_path.ps1'
[1.905s] INFO:colcon.colcon_core.shell:Creating environment descriptor '/home/mg/linebot_ws/install/diffdrive_arduino/share/diffdrive_arduino/hook/cmake_prefix_path.dsv'
[1.906s] INFO:colcon.colcon_core.shell:Creating environment hook '/home/mg/linebot_ws/install/diffdrive_arduino/share/diffdrive_arduino/hook/cmake_prefix_path.sh'
[1.907s] Level 1:colcon.colcon_core.environment:checking '/home/mg/linebot_ws/install/diffdrive_arduino/lib'
[1.908s] Level 1:colcon.colcon_core.shell:create_environment_hook('diffdrive_arduino', 'ld_library_path_lib')
[1.908s] INFO:colcon.colcon_core.shell:Creating environment hook '/home/mg/linebot_ws/install/diffdrive_arduino/share/diffdrive_arduino/hook/ld_library_path_lib.ps1'
[1.909s] INFO:colcon.colcon_core.shell:Creating environment descriptor '/home/mg/linebot_ws/install/diffdrive_arduino/share/diffdrive_arduino/hook/ld_library_path_lib.dsv'
[1.910s] INFO:colcon.colcon_core.shell:Creating environment hook '/home/mg/linebot_ws/install/diffdrive_arduino/share/diffdrive_arduino/hook/ld_library_path_lib.sh'
[1.910s] Level 1:colcon.colcon_core.environment:checking '/home/mg/linebot_ws/install/diffdrive_arduino/bin'
[1.910s] Level 1:colcon.colcon_core.environment:checking '/home/mg/linebot_ws/install/diffdrive_arduino/lib/pkgconfig/diffdrive_arduino.pc'
[1.911s] Level 1:colcon.colcon_core.environment:checking '/home/mg/linebot_ws/install/diffdrive_arduino/lib/python3.12/site-packages'
[1.912s] Level 1:colcon.colcon_core.environment:checking '/home/mg/linebot_ws/install/diffdrive_arduino/bin'
[1.913s] INFO:colcon.colcon_core.shell:Creating package script '/home/mg/linebot_ws/install/diffdrive_arduino/share/diffdrive_arduino/package.ps1'
[1.915s] INFO:colcon.colcon_core.shell:Creating package descriptor '/home/mg/linebot_ws/install/diffdrive_arduino/share/diffdrive_arduino/package.dsv'
[1.916s] INFO:colcon.colcon_core.shell:Creating package script '/home/mg/linebot_ws/install/diffdrive_arduino/share/diffdrive_arduino/package.sh'
[1.917s] INFO:colcon.colcon_core.shell:Creating package script '/home/mg/linebot_ws/install/diffdrive_arduino/share/diffdrive_arduino/package.bash'
[1.918s] INFO:colcon.colcon_core.shell:Creating package script '/home/mg/linebot_ws/install/diffdrive_arduino/share/diffdrive_arduino/package.zsh'
[1.919s] Level 1:colcon.colcon_core.environment:create_file_with_runtime_dependencies(/home/mg/linebot_ws/install/diffdrive_arduino/share/colcon-core/packages/diffdrive_arduino)
[1.922s] Level 1:colcon.colcon_core.environment:create_environment_scripts_only(diffdrive_arduino)
[1.922s] Level 1:colcon.colcon_core.environment:checking '/home/mg/linebot_ws/install/diffdrive_arduino' for CMake module files
[1.923s] Level 1:colcon.colcon_core.environment:checking '/home/mg/linebot_ws/install/diffdrive_arduino' for CMake config files
[1.924s] Level 1:colcon.colcon_core.shell:create_environment_hook('diffdrive_arduino', 'cmake_prefix_path')
[1.925s] INFO:colcon.colcon_core.shell:Creating environment hook '/home/mg/linebot_ws/install/diffdrive_arduino/share/diffdrive_arduino/hook/cmake_prefix_path.ps1'
[1.926s] INFO:colcon.colcon_core.shell:Creating environment descriptor '/home/mg/linebot_ws/install/diffdrive_arduino/share/diffdrive_arduino/hook/cmake_prefix_path.dsv'
[1.926s] INFO:colcon.colcon_core.shell:Creating environment hook '/home/mg/linebot_ws/install/diffdrive_arduino/share/diffdrive_arduino/hook/cmake_prefix_path.sh'
[1.927s] Level 1:colcon.colcon_core.environment:checking '/home/mg/linebot_ws/install/diffdrive_arduino/lib'
[1.927s] Level 1:colcon.colcon_core.shell:create_environment_hook('diffdrive_arduino', 'ld_library_path_lib')
[1.927s] INFO:colcon.colcon_core.shell:Creating environment hook '/home/mg/linebot_ws/install/diffdrive_arduino/share/diffdrive_arduino/hook/ld_library_path_lib.ps1'
[1.928s] INFO:colcon.colcon_core.shell:Creating environment descriptor '/home/mg/linebot_ws/install/diffdrive_arduino/share/diffdrive_arduino/hook/ld_library_path_lib.dsv'
[1.929s] INFO:colcon.colcon_core.shell:Creating environment hook '/home/mg/linebot_ws/install/diffdrive_arduino/share/diffdrive_arduino/hook/ld_library_path_lib.sh'
[1.929s] Level 1:colcon.colcon_core.environment:checking '/home/mg/linebot_ws/install/diffdrive_arduino/bin'
[1.929s] Level 1:colcon.colcon_core.environment:checking '/home/mg/linebot_ws/install/diffdrive_arduino/lib/pkgconfig/diffdrive_arduino.pc'
[1.929s] Level 1:colcon.colcon_core.environment:checking '/home/mg/linebot_ws/install/diffdrive_arduino/lib/python3.12/site-packages'
[1.930s] Level 1:colcon.colcon_core.environment:checking '/home/mg/linebot_ws/install/diffdrive_arduino/bin'
[1.930s] INFO:colcon.colcon_core.shell:Creating package script '/home/mg/linebot_ws/install/diffdrive_arduino/share/diffdrive_arduino/package.ps1'
[1.931s] INFO:colcon.colcon_core.shell:Creating package descriptor '/home/mg/linebot_ws/install/diffdrive_arduino/share/diffdrive_arduino/package.dsv'
[1.931s] INFO:colcon.colcon_core.shell:Creating package script '/home/mg/linebot_ws/install/diffdrive_arduino/share/diffdrive_arduino/package.sh'
[1.932s] INFO:colcon.colcon_core.shell:Creating package script '/home/mg/linebot_ws/install/diffdrive_arduino/share/diffdrive_arduino/package.bash'
[1.933s] INFO:colcon.colcon_core.shell:Creating package script '/home/mg/linebot_ws/install/diffdrive_arduino/share/diffdrive_arduino/package.zsh'
[1.935s] Level 1:colcon.colcon_core.environment:create_file_with_runtime_dependencies(/home/mg/linebot_ws/install/diffdrive_arduino/share/colcon-core/packages/diffdrive_arduino)
[1.999s] Level 1:colcon.colcon_core.environment:create_environment_scripts_only(serial)
[2.000s] Level 1:colcon.colcon_core.environment:checking '/home/mg/linebot_ws/install/serial' for CMake module files
[2.001s] DEBUG:colcon.colcon_core.event_handler.log_command:Invoked command in '/home/mg/linebot_ws/build/serial' returned '0': CMAKE_PREFIX_PATH=${CMAKE_PREFIX_PATH}:/opt/ros/jazzy /usr/bin/cmake --install /home/mg/linebot_ws/build/serial
[2.002s] Level 1:colcon.colcon_core.environment:checking '/home/mg/linebot_ws/install/serial' for CMake config files
[2.003s] Level 1:colcon.colcon_core.shell:create_environment_hook('serial', 'cmake_prefix_path')
[2.004s] INFO:colcon.colcon_core.shell:Creating environment hook '/home/mg/linebot_ws/install/serial/share/serial/hook/cmake_prefix_path.ps1'
[2.006s] INFO:colcon.colcon_core.shell:Creating environment descriptor '/home/mg/linebot_ws/install/serial/share/serial/hook/cmake_prefix_path.dsv'
[2.006s] INFO:colcon.colcon_core.shell:Creating environment hook '/home/mg/linebot_ws/install/serial/share/serial/hook/cmake_prefix_path.sh'
[2.007s] Level 1:colcon.colcon_core.environment:checking '/home/mg/linebot_ws/install/serial/lib'
[2.008s] Level 1:colcon.colcon_core.environment:checking '/home/mg/linebot_ws/install/serial/bin'
[2.008s] Level 1:colcon.colcon_core.environment:checking '/home/mg/linebot_ws/install/serial/lib/pkgconfig/serial.pc'
[2.008s] Level 1:colcon.colcon_core.environment:checking '/home/mg/linebot_ws/install/serial/lib/python3.12/site-packages'
[2.009s] Level 1:colcon.colcon_core.environment:checking '/home/mg/linebot_ws/install/serial/bin'
[2.009s] INFO:colcon.colcon_core.shell:Creating package script '/home/mg/linebot_ws/install/serial/share/serial/package.ps1'
[2.010s] INFO:colcon.colcon_core.shell:Creating package descriptor '/home/mg/linebot_ws/install/serial/share/serial/package.dsv'
[2.011s] INFO:colcon.colcon_core.shell:Creating package script '/home/mg/linebot_ws/install/serial/share/serial/package.sh'
[2.012s] INFO:colcon.colcon_core.shell:Creating package script '/home/mg/linebot_ws/install/serial/share/serial/package.bash'
[2.012s] INFO:colcon.colcon_core.shell:Creating package script '/home/mg/linebot_ws/install/serial/share/serial/package.zsh'
[2.013s] Level 1:colcon.colcon_core.environment:create_file_with_runtime_dependencies(/home/mg/linebot_ws/install/serial/share/colcon-core/packages/serial)
[2.016s] Level 1:colcon.colcon_core.environment:create_environment_scripts_only(serial)
[2.016s] Level 1:colcon.colcon_core.environment:checking '/home/mg/linebot_ws/install/serial' for CMake module files
[2.017s] Level 1:colcon.colcon_core.environment:checking '/home/mg/linebot_ws/install/serial' for CMake config files
[2.018s] Level 1:colcon.colcon_core.shell:create_environment_hook('serial', 'cmake_prefix_path')
[2.019s] INFO:colcon.colcon_core.shell:Creating environment hook '/home/mg/linebot_ws/install/serial/share/serial/hook/cmake_prefix_path.ps1'
[2.019s] INFO:colcon.colcon_core.shell:Creating environment descriptor '/home/mg/linebot_ws/install/serial/share/serial/hook/cmake_prefix_path.dsv'
[2.020s] INFO:colcon.colcon_core.shell:Creating environment hook '/home/mg/linebot_ws/install/serial/share/serial/hook/cmake_prefix_path.sh'
[2.020s] Level 1:colcon.colcon_core.environment:checking '/home/mg/linebot_ws/install/serial/lib'
[2.020s] Level 1:colcon.colcon_core.environment:checking '/home/mg/linebot_ws/install/serial/bin'
[2.021s] Level 1:colcon.colcon_core.environment:checking '/home/mg/linebot_ws/install/serial/lib/pkgconfig/serial.pc'
[2.021s] Level 1:colcon.colcon_core.environment:checking '/home/mg/linebot_ws/install/serial/lib/python3.12/site-packages'
[2.021s] Level 1:colcon.colcon_core.environment:checking '/home/mg/linebot_ws/install/serial/bin'
[2.022s] INFO:colcon.colcon_core.shell:Creating package script '/home/mg/linebot_ws/install/serial/share/serial/package.ps1'
[2.022s] INFO:colcon.colcon_core.shell:Creating package descriptor '/home/mg/linebot_ws/install/serial/share/serial/package.dsv'
[2.023s] INFO:colcon.colcon_core.shell:Creating package script '/home/mg/linebot_ws/install/serial/share/serial/package.sh'
[2.025s] INFO:colcon.colcon_core.shell:Creating package script '/home/mg/linebot_ws/install/serial/share/serial/package.bash'
[2.025s] INFO:colcon.colcon_core.shell:Creating package script '/home/mg/linebot_ws/install/serial/share/serial/package.zsh'
[2.026s] Level 1:colcon.colcon_core.environment:create_file_with_runtime_dependencies(/home/mg/linebot_ws/install/serial/share/colcon-core/packages/serial)
[2.471s] Level 1:colcon.colcon_core.environment:create_environment_scripts_only(linebot)
[2.471s] Level 1:colcon.colcon_core.environment:checking '/home/mg/linebot_ws/install/linebot' for CMake module files
[2.472s] DEBUG:colcon.colcon_core.event_handler.log_command:Invoked command in '/home/mg/linebot_ws/build/linebot' returned '0': CMAKE_PREFIX_PATH=${CMAKE_PREFIX_PATH}:/opt/ros/jazzy /usr/bin/cmake --install /home/mg/linebot_ws/build/linebot
[2.473s] Level 1:colcon.colcon_core.environment:checking '/home/mg/linebot_ws/install/linebot' for CMake config files
[2.474s] Level 1:colcon.colcon_core.shell:create_environment_hook('linebot', 'cmake_prefix_path')
[2.474s] INFO:colcon.colcon_core.shell:Creating environment hook '/home/mg/linebot_ws/install/linebot/share/linebot/hook/cmake_prefix_path.ps1'
[2.475s] INFO:colcon.colcon_core.shell:Creating environment descriptor '/home/mg/linebot_ws/install/linebot/share/linebot/hook/cmake_prefix_path.dsv'
[2.475s] INFO:colcon.colcon_core.shell:Creating environment hook '/home/mg/linebot_ws/install/linebot/share/linebot/hook/cmake_prefix_path.sh'
[2.476s] Level 1:colcon.colcon_core.environment:checking '/home/mg/linebot_ws/install/linebot/lib'
[2.476s] Level 1:colcon.colcon_core.environment:checking '/home/mg/linebot_ws/install/linebot/bin'
[2.476s] Level 1:colcon.colcon_core.environment:checking '/home/mg/linebot_ws/install/linebot/lib/pkgconfig/linebot.pc'
[2.477s] Level 1:colcon.colcon_core.environment:checking '/home/mg/linebot_ws/install/linebot/lib/python3.12/site-packages'
[2.477s] Level 1:colcon.colcon_core.environment:checking '/home/mg/linebot_ws/install/linebot/bin'
[2.478s] INFO:colcon.colcon_core.shell:Creating package script '/home/mg/linebot_ws/install/linebot/share/linebot/package.ps1'
[2.479s] INFO:colcon.colcon_core.shell:Creating package descriptor '/home/mg/linebot_ws/install/linebot/share/linebot/package.dsv'
[2.479s] INFO:colcon.colcon_core.shell:Creating package script '/home/mg/linebot_ws/install/linebot/share/linebot/package.sh'
[2.480s] INFO:colcon.colcon_core.shell:Creating package script '/home/mg/linebot_ws/install/linebot/share/linebot/package.bash'
[2.480s] INFO:colcon.colcon_core.shell:Creating package script '/home/mg/linebot_ws/install/linebot/share/linebot/package.zsh'
[2.481s] Level 1:colcon.colcon_core.environment:create_file_with_runtime_dependencies(/home/mg/linebot_ws/install/linebot/share/colcon-core/packages/linebot)
[2.483s] Level 1:colcon.colcon_core.environment:create_environment_scripts_only(linebot)
[2.483s] Level 1:colcon.colcon_core.environment:checking '/home/mg/linebot_ws/install/linebot' for CMake module files
[2.484s] Level 1:colcon.colcon_core.environment:checking '/home/mg/linebot_ws/install/linebot' for CMake config files
[2.485s] Level 1:colcon.colcon_core.shell:create_environment_hook('linebot', 'cmake_prefix_path')
[2.486s] INFO:colcon.colcon_core.shell:Creating environment hook '/home/mg/linebot_ws/install/linebot/share/linebot/hook/cmake_prefix_path.ps1'
[2.486s] INFO:colcon.colcon_core.shell:Creating environment descriptor '/home/mg/linebot_ws/install/linebot/share/linebot/hook/cmake_prefix_path.dsv'
[2.487s] INFO:colcon.colcon_core.shell:Creating environment hook '/home/mg/linebot_ws/install/linebot/share/linebot/hook/cmake_prefix_path.sh'
[2.488s] Level 1:colcon.colcon_core.environment:checking '/home/mg/linebot_ws/install/linebot/lib'
[2.488s] Level 1:colcon.colcon_core.environment:checking '/home/mg/linebot_ws/install/linebot/bin'
[2.488s] Level 1:colcon.colcon_core.environment:checking '/home/mg/linebot_ws/install/linebot/lib/pkgconfig/linebot.pc'
[2.488s] Level 1:colcon.colcon_core.environment:checking '/home/mg/linebot_ws/install/linebot/lib/python3.12/site-packages'
[2.489s] Level 1:colcon.colcon_core.environment:checking '/home/mg/linebot_ws/install/linebot/bin'
[2.489s] INFO:colcon.colcon_core.shell:Creating package script '/home/mg/linebot_ws/install/linebot/share/linebot/package.ps1'
[2.490s] INFO:colcon.colcon_core.shell:Creating package descriptor '/home/mg/linebot_ws/install/linebot/share/linebot/package.dsv'
[2.490s] INFO:colcon.colcon_core.shell:Creating package script '/home/mg/linebot_ws/install/linebot/share/linebot/package.sh'
[2.491s] INFO:colcon.colcon_core.shell:Creating package script '/home/mg/linebot_ws/install/linebot/share/linebot/package.bash'
[2.491s] INFO:colcon.colcon_core.shell:Creating package script '/home/mg/linebot_ws/install/linebot/share/linebot/package.zsh'
[2.492s] Level 1:colcon.colcon_core.environment:create_file_with_runtime_dependencies(/home/mg/linebot_ws/install/linebot/share/colcon-core/packages/linebot)
[2.492s] Level 1:colcon.colcon_core.environment:create_environment_scripts_only(sllidar_ros2)
[2.493s] Level 1:colcon.colcon_core.environment:checking '/home/mg/linebot_ws/install/sllidar_ros2' for CMake module files
[2.495s] DEBUG:colcon.colcon_core.event_handler.log_command:Invoked command in '/home/mg/linebot_ws/build/sllidar_ros2' returned '0': CMAKE_PREFIX_PATH=${CMAKE_PREFIX_PATH}:/opt/ros/jazzy /usr/bin/cmake --install /home/mg/linebot_ws/build/sllidar_ros2
[2.495s] Level 1:colcon.colcon_core.environment:checking '/home/mg/linebot_ws/install/sllidar_ros2' for CMake config files
[2.496s] Level 1:colcon.colcon_core.shell:create_environment_hook('sllidar_ros2', 'cmake_prefix_path')
[2.496s] INFO:colcon.colcon_core.shell:Creating environment hook '/home/mg/linebot_ws/install/sllidar_ros2/share/sllidar_ros2/hook/cmake_prefix_path.ps1'
[2.498s] INFO:colcon.colcon_core.shell:Creating environment descriptor '/home/mg/linebot_ws/install/sllidar_ros2/share/sllidar_ros2/hook/cmake_prefix_path.dsv'
[2.498s] INFO:colcon.colcon_core.shell:Creating environment hook '/home/mg/linebot_ws/install/sllidar_ros2/share/sllidar_ros2/hook/cmake_prefix_path.sh'
[2.499s] Level 1:colcon.colcon_core.environment:checking '/home/mg/linebot_ws/install/sllidar_ros2/lib'
[2.499s] Level 1:colcon.colcon_core.environment:checking '/home/mg/linebot_ws/install/sllidar_ros2/bin'
[2.499s] Level 1:colcon.colcon_core.environment:checking '/home/mg/linebot_ws/install/sllidar_ros2/lib/pkgconfig/sllidar_ros2.pc'
[2.500s] Level 1:colcon.colcon_core.environment:checking '/home/mg/linebot_ws/install/sllidar_ros2/lib/python3.12/site-packages'
[2.500s] Level 1:colcon.colcon_core.environment:checking '/home/mg/linebot_ws/install/sllidar_ros2/bin'
[2.501s] INFO:colcon.colcon_core.shell:Creating package script '/home/mg/linebot_ws/install/sllidar_ros2/share/sllidar_ros2/package.ps1'
[2.502s] INFO:colcon.colcon_core.shell:Creating package descriptor '/home/mg/linebot_ws/install/sllidar_ros2/share/sllidar_ros2/package.dsv'
[2.503s] INFO:colcon.colcon_core.shell:Creating package script '/home/mg/linebot_ws/install/sllidar_ros2/share/sllidar_ros2/package.sh'
[2.504s] INFO:colcon.colcon_core.shell:Creating package script '/home/mg/linebot_ws/install/sllidar_ros2/share/sllidar_ros2/package.bash'
[2.504s] INFO:colcon.colcon_core.shell:Creating package script '/home/mg/linebot_ws/install/sllidar_ros2/share/sllidar_ros2/package.zsh'
[2.505s] Level 1:colcon.colcon_core.environment:create_file_with_runtime_dependencies(/home/mg/linebot_ws/install/sllidar_ros2/share/colcon-core/packages/sllidar_ros2)
[2.507s] Level 1:colcon.colcon_core.environment:create_environment_scripts_only(sllidar_ros2)
[2.507s] Level 1:colcon.colcon_core.environment:checking '/home/mg/linebot_ws/install/sllidar_ros2' for CMake module files
[2.508s] Level 1:colcon.colcon_core.environment:checking '/home/mg/linebot_ws/install/sllidar_ros2' for CMake config files
[2.509s] Level 1:colcon.colcon_core.shell:create_environment_hook('sllidar_ros2', 'cmake_prefix_path')
[2.509s] INFO:colcon.colcon_core.shell:Creating environment hook '/home/mg/linebot_ws/install/sllidar_ros2/share/sllidar_ros2/hook/cmake_prefix_path.ps1'
[2.510s] INFO:colcon.colcon_core.shell:Creating environment descriptor '/home/mg/linebot_ws/install/sllidar_ros2/share/sllidar_ros2/hook/cmake_prefix_path.dsv'
[2.510s] INFO:colcon.colcon_core.shell:Creating environment hook '/home/mg/linebot_ws/install/sllidar_ros2/share/sllidar_ros2/hook/cmake_prefix_path.sh'
[2.511s] Level 1:colcon.colcon_core.environment:checking '/home/mg/linebot_ws/install/sllidar_ros2/lib'
[2.511s] Level 1:colcon.colcon_core.environment:checking '/home/mg/linebot_ws/install/sllidar_ros2/bin'
[2.511s] Level 1:colcon.colcon_core.environment:checking '/home/mg/linebot_ws/install/sllidar_ros2/lib/pkgconfig/sllidar_ros2.pc'
[2.511s] Level 1:colcon.colcon_core.environment:checking '/home/mg/linebot_ws/install/sllidar_ros2/lib/python3.12/site-packages'
[2.512s] Level 1:colcon.colcon_core.environment:checking '/home/mg/linebot_ws/install/sllidar_ros2/bin'
[2.512s] INFO:colcon.colcon_core.shell:Creating package script '/home/mg/linebot_ws/install/sllidar_ros2/share/sllidar_ros2/package.ps1'
[2.513s] INFO:colcon.colcon_core.shell:Creating package descriptor '/home/mg/linebot_ws/install/sllidar_ros2/share/sllidar_ros2/package.dsv'
[2.513s] INFO:colcon.colcon_core.shell:Creating package script '/home/mg/linebot_ws/install/sllidar_ros2/share/sllidar_ros2/package.sh'
[2.514s] INFO:colcon.colcon_core.shell:Creating package script '/home/mg/linebot_ws/install/sllidar_ros2/share/sllidar_ros2/package.bash'
[2.514s] INFO:colcon.colcon_core.shell:Creating package script '/home/mg/linebot_ws/install/sllidar_ros2/share/sllidar_ros2/package.zsh'
[2.515s] Level 1:colcon.colcon_core.environment:create_file_with_runtime_dependencies(/home/mg/linebot_ws/install/sllidar_ros2/share/colcon-core/packages/sllidar_ros2)
[2.564s] DEBUG:colcon.colcon_core.event_handler.log_command:Invoking command in '/home/mg/linebot_ws/build/linefollower_cv': PYTHONPATH=/home/mg/linebot_ws/build/linefollower_cv/prefix_override:/usr/lib/python3/dist-packages/colcon_core/task/python/colcon_distutils_commands:/home/mg/linebot_ws/install/linefollower_cv/lib/python3.12/site-packages:${PYTHONPATH} /usr/bin/python3 -W ignore:setup.py install is deprecated -W ignore:easy_install command is deprecated setup.py develop --editable --build-directory /home/mg/linebot_ws/build/linefollower_cv/build --no-deps symlink_data
[2.574s] DEBUG:colcon.colcon_core.event_handler.log_command:Invoking command in '/home/mg/linebot_ws/build/twist_stamper': PYTHONPATH=/home/mg/linebot_ws/build/twist_stamper/prefix_override:/usr/lib/python3/dist-packages/colcon_core/task/python/colcon_distutils_commands:/home/mg/linebot_ws/install/twist_stamper/lib/python3.12/site-packages:${PYTHONPATH} /usr/bin/python3 -W ignore:setup.py install is deprecated -W ignore:easy_install command is deprecated setup.py develop --editable --build-directory /home/mg/linebot_ws/build/twist_stamper/build --no-deps symlink_data
[3.596s] Level 1:colcon.colcon_core.shell:create_environment_hook('linefollower_cv', 'pythonpath_develop')
[3.596s] INFO:colcon.colcon_core.shell:Creating environment hook '/home/mg/linebot_ws/build/linefollower_cv/share/linefollower_cv/hook/pythonpath_develop.ps1'
[3.597s] DEBUG:colcon.colcon_core.event_handler.log_command:Invoked command in '/home/mg/linebot_ws/build/linefollower_cv' returned '0': PYTHONPATH=/home/mg/linebot_ws/build/linefollower_cv/prefix_override:/usr/lib/python3/dist-packages/colcon_core/task/python/colcon_distutils_commands:/home/mg/linebot_ws/install/linefollower_cv/lib/python3.12/site-packages:${PYTHONPATH} /usr/bin/python3 -W ignore:setup.py install is deprecated -W ignore:easy_install command is deprecated setup.py develop --editable --build-directory /home/mg/linebot_ws/build/linefollower_cv/build --no-deps symlink_data
[3.598s] INFO:colcon.colcon_core.shell:Creating environment descriptor '/home/mg/linebot_ws/build/linefollower_cv/share/linefollower_cv/hook/pythonpath_develop.dsv'
[3.598s] INFO:colcon.colcon_core.shell:Creating environment hook '/home/mg/linebot_ws/build/linefollower_cv/share/linefollower_cv/hook/pythonpath_develop.sh'
[3.599s] Level 1:colcon.colcon_core.environment:checking '/home/mg/linebot_ws/install/linefollower_cv' for CMake module files
[3.600s] Level 1:colcon.colcon_core.environment:checking '/home/mg/linebot_ws/install/linefollower_cv' for CMake config files
[3.600s] Level 1:colcon.colcon_core.environment:checking '/home/mg/linebot_ws/install/linefollower_cv/lib'
[3.600s] Level 1:colcon.colcon_core.environment:checking '/home/mg/linebot_ws/install/linefollower_cv/bin'
[3.601s] Level 1:colcon.colcon_core.environment:checking '/home/mg/linebot_ws/install/linefollower_cv/lib/pkgconfig/linefollower_cv.pc'
[3.601s] Level 1:colcon.colcon_core.environment:checking '/home/mg/linebot_ws/install/linefollower_cv/lib/python3.12/site-packages'
[3.601s] Level 1:colcon.colcon_core.shell:create_environment_hook('linefollower_cv', 'pythonpath')
[3.601s] INFO:colcon.colcon_core.shell:Creating environment hook '/home/mg/linebot_ws/install/linefollower_cv/share/linefollower_cv/hook/pythonpath.ps1'
[3.602s] INFO:colcon.colcon_core.shell:Creating environment descriptor '/home/mg/linebot_ws/install/linefollower_cv/share/linefollower_cv/hook/pythonpath.dsv'
[3.602s] INFO:colcon.colcon_core.shell:Creating environment hook '/home/mg/linebot_ws/install/linefollower_cv/share/linefollower_cv/hook/pythonpath.sh'
[3.603s] Level 1:colcon.colcon_core.environment:checking '/home/mg/linebot_ws/install/linefollower_cv/bin'
[3.603s] Level 1:colcon.colcon_core.environment:create_environment_scripts_only(linefollower_cv)
[3.603s] INFO:colcon.colcon_core.shell:Creating package script '/home/mg/linebot_ws/install/linefollower_cv/share/linefollower_cv/package.ps1'
[3.604s] INFO:colcon.colcon_core.shell:Creating package descriptor '/home/mg/linebot_ws/install/linefollower_cv/share/linefollower_cv/package.dsv'
[3.605s] INFO:colcon.colcon_core.shell:Creating package script '/home/mg/linebot_ws/install/linefollower_cv/share/linefollower_cv/package.sh'
[3.605s] INFO:colcon.colcon_core.shell:Creating package script '/home/mg/linebot_ws/install/linefollower_cv/share/linefollower_cv/package.bash'
[3.606s] INFO:colcon.colcon_core.shell:Creating package script '/home/mg/linebot_ws/install/linefollower_cv/share/linefollower_cv/package.zsh'
[3.606s] Level 1:colcon.colcon_core.environment:create_file_with_runtime_dependencies(/home/mg/linebot_ws/install/linefollower_cv/share/colcon-core/packages/linefollower_cv)
[3.609s] Level 1:colcon.colcon_core.shell:create_environment_hook('twist_stamper', 'pythonpath_develop')
[3.609s] INFO:colcon.colcon_core.shell:Creating environment hook '/home/mg/linebot_ws/build/twist_stamper/share/twist_stamper/hook/pythonpath_develop.ps1'
[3.610s] DEBUG:colcon.colcon_core.event_handler.log_command:Invoked command in '/home/mg/linebot_ws/build/twist_stamper' returned '0': PYTHONPATH=/home/mg/linebot_ws/build/twist_stamper/prefix_override:/usr/lib/python3/dist-packages/colcon_core/task/python/colcon_distutils_commands:/home/mg/linebot_ws/install/twist_stamper/lib/python3.12/site-packages:${PYTHONPATH} /usr/bin/python3 -W ignore:setup.py install is deprecated -W ignore:easy_install command is deprecated setup.py develop --editable --build-directory /home/mg/linebot_ws/build/twist_stamper/build --no-deps symlink_data
[3.610s] INFO:colcon.colcon_core.shell:Creating environment descriptor '/home/mg/linebot_ws/build/twist_stamper/share/twist_stamper/hook/pythonpath_develop.dsv'
[3.611s] INFO:colcon.colcon_core.shell:Creating environment hook '/home/mg/linebot_ws/build/twist_stamper/share/twist_stamper/hook/pythonpath_develop.sh'
[3.612s] Level 1:colcon.colcon_core.environment:checking '/home/mg/linebot_ws/install/twist_stamper' for CMake module files
[3.612s] Level 1:colcon.colcon_core.environment:checking '/home/mg/linebot_ws/install/twist_stamper' for CMake config files
[3.613s] Level 1:colcon.colcon_core.environment:checking '/home/mg/linebot_ws/install/twist_stamper/lib'
[3.613s] Level 1:colcon.colcon_core.environment:checking '/home/mg/linebot_ws/install/twist_stamper/bin'
[3.613s] Level 1:colcon.colcon_core.environment:checking '/home/mg/linebot_ws/install/twist_stamper/lib/pkgconfig/twist_stamper.pc'
[3.613s] Level 1:colcon.colcon_core.environment:checking '/home/mg/linebot_ws/install/twist_stamper/lib/python3.12/site-packages'
[3.614s] Level 1:colcon.colcon_core.shell:create_environment_hook('twist_stamper', 'pythonpath')
[3.614s] INFO:colcon.colcon_core.shell:Creating environment hook '/home/mg/linebot_ws/install/twist_stamper/share/twist_stamper/hook/pythonpath.ps1'
[3.614s] INFO:colcon.colcon_core.shell:Creating environment descriptor '/home/mg/linebot_ws/install/twist_stamper/share/twist_stamper/hook/pythonpath.dsv'
[3.615s] INFO:colcon.colcon_core.shell:Creating environment hook '/home/mg/linebot_ws/install/twist_stamper/share/twist_stamper/hook/pythonpath.sh'
[3.616s] Level 1:colcon.colcon_core.environment:checking '/home/mg/linebot_ws/install/twist_stamper/bin'
[3.616s] Level 1:colcon.colcon_core.environment:create_environment_scripts_only(twist_stamper)
[3.617s] INFO:colcon.colcon_core.shell:Creating package script '/home/mg/linebot_ws/install/twist_stamper/share/twist_stamper/package.ps1'
[3.617s] INFO:colcon.colcon_core.shell:Creating package descriptor '/home/mg/linebot_ws/install/twist_stamper/share/twist_stamper/package.dsv'
[3.618s] INFO:colcon.colcon_core.shell:Creating package script '/home/mg/linebot_ws/install/twist_stamper/share/twist_stamper/package.sh'
[3.619s] INFO:colcon.colcon_core.shell:Creating package script '/home/mg/linebot_ws/install/twist_stamper/share/twist_stamper/package.bash'
[3.619s] INFO:colcon.colcon_core.shell:Creating package script '/home/mg/linebot_ws/install/twist_stamper/share/twist_stamper/package.zsh'
[3.620s] Level 1:colcon.colcon_core.environment:create_file_with_runtime_dependencies(/home/mg/linebot_ws/install/twist_stamper/share/colcon-core/packages/twist_stamper)
[4.788s] DEBUG:colcon.colcon_core.event_handler.log_command:Invoked command in '/home/mg/linebot_ws/build/camera_ros' returned '1': CMAKE_PREFIX_PATH=${CMAKE_PREFIX_PATH}:/opt/ros/jazzy /usr/bin/cmake /home/mg/linebot_ws/src/camera_ros -DAMENT_CMAKE_SYMLINK_INSTALL=1 -DCMAKE_INSTALL_PREFIX=/home/mg/linebot_ws/install/camera_ros
[4.816s] Level 1:colcon.colcon_core.environment:create_environment_scripts_only(camera_ros)
[4.816s] Level 1:colcon.colcon_core.environment:checking '/home/mg/linebot_ws/install/camera_ros' for CMake module files
[4.817s] Level 1:colcon.colcon_core.environment:checking '/home/mg/linebot_ws/install/camera_ros' for CMake config files
[4.817s] Level 1:colcon.colcon_core.environment:checking '/home/mg/linebot_ws/install/camera_ros/bin'
[4.817s] Level 1:colcon.colcon_core.environment:checking '/home/mg/linebot_ws/install/camera_ros/lib/pkgconfig/camera_ros.pc'
[4.817s] Level 1:colcon.colcon_core.environment:checking '/home/mg/linebot_ws/install/camera_ros/lib/python3.12/site-packages'
[4.818s] Level 1:colcon.colcon_core.environment:checking '/home/mg/linebot_ws/install/camera_ros/bin'
[4.818s] INFO:colcon.colcon_core.shell:Creating package script '/home/mg/linebot_ws/install/camera_ros/share/camera_ros/package.ps1'
[4.819s] INFO:colcon.colcon_core.shell:Creating package descriptor '/home/mg/linebot_ws/install/camera_ros/share/camera_ros/package.dsv'
[4.819s] INFO:colcon.colcon_core.shell:Creating package script '/home/mg/linebot_ws/install/camera_ros/share/camera_ros/package.sh'
[4.820s] INFO:colcon.colcon_core.shell:Creating package script '/home/mg/linebot_ws/install/camera_ros/share/camera_ros/package.bash'
[4.820s] INFO:colcon.colcon_core.shell:Creating package script '/home/mg/linebot_ws/install/camera_ros/share/camera_ros/package.zsh'
[4.821s] Level 1:colcon.colcon_core.environment:create_file_with_runtime_dependencies(/home/mg/linebot_ws/install/camera_ros/share/colcon-core/packages/camera_ros)
[4.831s] DEBUG:colcon.colcon_parallel_executor.executor.parallel:closing loop
[4.832s] DEBUG:colcon.colcon_parallel_executor.executor.parallel:loop closed
[4.832s] DEBUG:colcon.colcon_parallel_executor.executor.parallel:run_until_complete finished with '1'
[4.832s] DEBUG:colcon.colcon_core.event_reactor:joining thread
[4.841s] INFO:colcon.colcon_core.plugin_system:Skipping extension 'colcon_notification.desktop_notification.terminal_notifier': Not used on non-Darwin systems
[4.842s] INFO:colcon.colcon_core.plugin_system:Skipping extension 'colcon_notification.desktop_notification.win32': Not used on non-Windows systems
[4.842s] INFO:colcon.colcon_notification.desktop_notification:Sending desktop notification using 'notify2'
[4.843s] DEBUG:colcon.colcon_notification.desktop_notification.notify2:Failed to initialize notify2: org.freedesktop.DBus.Error.ServiceUnknown: The name org.freedesktop.Notifications was not provided by any .service files
[4.844s] DEBUG:colcon.colcon_core.event_reactor:joined thread
[4.844s] INFO:colcon.colcon_core.shell:Creating prefix script '/home/mg/linebot_ws/install/local_setup.ps1'
[4.845s] INFO:colcon.colcon_core.shell:Creating prefix util module '/home/mg/linebot_ws/install/_local_setup_util_ps1.py'
[4.847s] INFO:colcon.colcon_core.shell:Creating prefix chain script '/home/mg/linebot_ws/install/setup.ps1'
[4.849s] INFO:colcon.colcon_core.shell:Creating prefix script '/home/mg/linebot_ws/install/local_setup.sh'
[4.851s] INFO:colcon.colcon_core.shell:Creating prefix util module '/home/mg/linebot_ws/install/_local_setup_util_sh.py'
[4.852s] INFO:colcon.colcon_core.shell:Creating prefix chain script '/home/mg/linebot_ws/install/setup.sh'
[4.853s] INFO:colcon.colcon_core.shell:Creating prefix script '/home/mg/linebot_ws/install/local_setup.bash'
[4.854s] INFO:colcon.colcon_core.shell:Creating prefix chain script '/home/mg/linebot_ws/install/setup.bash'
[4.855s] INFO:colcon.colcon_core.shell:Creating prefix script '/home/mg/linebot_ws/install/local_setup.zsh'
[4.856s] INFO:colcon.colcon_core.shell:Creating prefix chain script '/home/mg/linebot_ws/install/setup.zsh'
