[0.084s] Invoking command in '/home/mg/linebot_ws/build/camera_ros': CMAKE_PREFIX_PATH=${CMAKE_PREFIX_PATH}:/opt/ros/jazzy /usr/bin/cmake /home/mg/linebot_ws/src/camera_ros -DAMENT_CMAKE_SYMLINK_INSTALL=1 -DCMAKE_INSTALL_PREFIX=/home/mg/linebot_ws/install/camera_ros
[0.827s] -- The C compiler identification is GNU 13.3.0
[3.326s] -- The CXX compiler identification is GNU 13.3.0
[6.139s] -- Detecting C compiler ABI info
[7.671s] -- Detecting C compiler ABI info - done
[7.684s] -- Check for working C compiler: /usr/bin/cc - skipped
[7.684s] -- Detecting C compile features
[7.685s] -- Detecting C compile features - done
[8.297s] -- Detecting CXX compiler ABI info
[9.836s] -- Detecting CXX compiler ABI info - done
[9.852s] -- Check for working CXX compiler: /usr/bin/c++ - skipped
[9.852s] -- Detecting CXX compile features
[9.853s] -- Detecting CXX compile features - done
[9.862s] -- Found ament_cmake: 2.5.4 (/opt/ros/jazzy/share/ament_cmake/cmake)
[10.126s] -- Found Python3: /usr/bin/python3 (found version "3.12.3") found components: Interpreter 
[10.240s] -- Override CMake install command with custom implementation using symlinks instead of copying resources
[10.349s] -- Found PkgConfig: /usr/bin/pkg-config (found version "1.8.1") 
[10.357s] -- Found rclcpp: 28.1.13 (/opt/ros/jazzy/share/rclcpp/cmake)
[11.050s] -- Found rosidl_generator_c: 4.6.6 (/opt/ros/jazzy/share/rosidl_generator_c/cmake)
[11.087s] -- Found rosidl_generator_cpp: 4.6.6 (/opt/ros/jazzy/share/rosidl_generator_cpp/cmake)
[11.127s] -- Using all available rosidl_typesupport_c: rosidl_typesupport_fastrtps_c;rosidl_typesupport_introspection_c
[11.167s] -- Using all available rosidl_typesupport_cpp: rosidl_typesupport_fastrtps_cpp;rosidl_typesupport_introspection_cpp
[11.350s] -- Found rmw_implementation_cmake: 7.3.2 (/opt/ros/jazzy/share/rmw_implementation_cmake/cmake)
[11.358s] -- Found rmw_fastrtps_cpp: 8.4.3 (/opt/ros/jazzy/share/rmw_fastrtps_cpp/cmake)
[11.553s] -- Found OpenSSL: /usr/lib/x86_64-linux-gnu/libcrypto.so (found version "3.0.13")  
[12.430s] -- Found FastRTPS: /opt/ros/jazzy/include (Required is at least version "2.13") 
[12.886s] -- Using RMW implementation 'rmw_fastrtps_cpp' as default
[13.688s] -- Found rclcpp_components: 28.1.13 (/opt/ros/jazzy/share/rclcpp_components/cmake)
[13.787s] -- Found sensor_msgs: 5.3.6 (/opt/ros/jazzy/share/sensor_msgs/cmake)
[22.542s] [31mCMake Error at CMakeLists.txt:23 (find_package):
[22.542s]   By not providing "Findcamera_info_manager.cmake" in CMAKE_MODULE_PATH this
[22.542s]   project has asked CMake to find a package configuration file provided by
[22.542s]   "camera_info_manager", but CMake did not find one.
[22.542s] 
[22.542s]   Could not find a package configuration file provided by
[22.542s]   "camera_info_manager" with any of the following names:
[22.542s] 
[22.543s]     camera_info_managerConfig.cmake
[22.543s]     camera_info_manager-config.cmake
[22.543s] 
[22.543s]   Add the installation prefix of "camera_info_manager" to CMAKE_PREFIX_PATH
[22.543s]   or set "camera_info_manager_DIR" to a directory containing one of the above
[22.543s]   files.  If "camera_info_manager" provides a separate development package or
[22.543s]   SDK, be sure it has been installed.
[22.543s] 
[22.543s] [0m
[22.543s] -- Configuring incomplete, errors occurred!
[22.575s] Invoked command in '/home/mg/linebot_ws/build/camera_ros' returned '1': CMAKE_PREFIX_PATH=${CMAKE_PREFIX_PATH}:/opt/ros/jazzy /usr/bin/cmake /home/mg/linebot_ws/src/camera_ros -DAMENT_CMAKE_SYMLINK_INSTALL=1 -DCMAKE_INSTALL_PREFIX=/home/mg/linebot_ws/install/camera_ros
