[0.059s] Invoking command in '/home/mg/linebot_ws/build/camera_ros': CMAKE_PREFIX_PATH=${CMAKE_PREFIX_PATH}:/opt/ros/jazzy /usr/bin/cmake /home/mg/linebot_ws/src/camera_ros -DAMENT_CMAKE_SYMLINK_INSTALL=1 -DCMAKE_INSTALL_PREFIX=/home/mg/linebot_ws/install/camera_ros
[0.393s] -- Found ament_cmake: 2.5.4 (/opt/ros/jazzy/share/ament_cmake/cmake)
[0.410s] -- Override CMake install command with custom implementation using symlinks instead of copying resources
[0.415s] -- Found rclcpp: 28.1.13 (/opt/ros/jazzy/share/rclcpp/cmake)
[1.018s] -- Found rosidl_generator_c: 4.6.6 (/opt/ros/jazzy/share/rosidl_generator_c/cmake)
[1.030s] -- Found rosidl_generator_cpp: 4.6.6 (/opt/ros/jazzy/share/rosidl_generator_cpp/cmake)
[1.046s] -- Using all available rosidl_typesupport_c: rosidl_typesupport_fastrtps_c;rosidl_typesupport_introspection_c
[1.063s] -- Using all available rosidl_typesupport_cpp: rosidl_typesupport_fastrtps_cpp;rosidl_typesupport_introspection_cpp
[1.150s] -- Found rmw_implementation_cmake: 7.3.2 (/opt/ros/jazzy/share/rmw_implementation_cmake/cmake)
[1.152s] -- Found rmw_fastrtps_cpp: 8.4.3 (/opt/ros/jazzy/share/rmw_fastrtps_cpp/cmake)
[1.877s] -- Using RMW implementation 'rmw_fastrtps_cpp' as default
[2.421s] -- Found rclcpp_components: 28.1.13 (/opt/ros/jazzy/share/rclcpp_components/cmake)
[2.458s] -- Found sensor_msgs: 5.3.6 (/opt/ros/jazzy/share/sensor_msgs/cmake)
[2.540s] -- Found camera_info_manager: 5.1.7 (/opt/ros/jazzy/share/camera_info_manager/cmake)
[2.558s] -- Setting yaml-cpp_DIR to: '/opt/ros/jazzy/share/yaml_cpp_vendor/cmake/../../../opt/yaml_cpp_vendor/share/cmake/yaml-cpp'
[2.653s] -- Found cv_bridge: 4.1.0 (/opt/ros/jazzy/share/cv_bridge/cmake)
[2.680s] -- Checking for module 'libcamera>=0.1'
[2.712s] --   Found libcamera, version 0.5.2
[2.800s] -- Found ament_lint_auto: 0.17.3 (/opt/ros/jazzy/share/ament_lint_auto/cmake)
[6.842s] -- Added test 'clang_format' to check C / C++ code style
[6.852s] -- Added test 'cppcheck' to perform static code analysis on C / C++ code
[6.852s] -- Configured cppcheck include dirs: 
[6.852s] -- Configured cppcheck exclude dirs and/or files: 
[6.854s] -- Added test 'flake8' to check Python code syntax and style conventions
[6.855s] -- Configured 'flake8' exclude dirs and/or files: 
[6.858s] -- Added test 'lint_cmake' to check CMake code style
[6.861s] -- Added test 'mypy' to statically type check Python code.
[6.863s] -- Added test 'pep257' to check Python code against some of the docstring style conventions in PEP 257
[6.866s] -- Added test 'pyflakes' to perform static code analysis on Python code
[6.869s] -- Added test 'xmllint' to check XML markup files
[6.875s] -- Configuring done (6.8s)
[6.922s] -- Generating done (0.0s)
[6.931s] -- Build files have been written to: /home/mg/linebot_ws/build/camera_ros
[6.950s] Invoked command in '/home/mg/linebot_ws/build/camera_ros' returned '0': CMAKE_PREFIX_PATH=${CMAKE_PREFIX_PATH}:/opt/ros/jazzy /usr/bin/cmake /home/mg/linebot_ws/src/camera_ros -DAMENT_CMAKE_SYMLINK_INSTALL=1 -DCMAKE_INSTALL_PREFIX=/home/mg/linebot_ws/install/camera_ros
[6.951s] Invoking command in '/home/mg/linebot_ws/build/camera_ros': CMAKE_PREFIX_PATH=${CMAKE_PREFIX_PATH}:/opt/ros/jazzy /usr/bin/cmake --build /home/mg/linebot_ws/build/camera_ros -- -j16 -l16
[7.060s] [ 46%] [32mBuilding CXX object CMakeFiles/utils.dir/src/format_mapping.cpp.o[0m
[7.060s] [ 46%] [32mBuilding CXX object CMakeFiles/param.dir/src/clamp.cpp.o[0m
[7.061s] [ 46%] [32mBuilding CXX object CMakeFiles/param.dir/src/pv_to_cv.cpp.o[0m
[7.061s] [ 46%] [32mBuilding CXX object CMakeFiles/camera_node.dir/rclcpp_components/node_main_camera_node.cpp.o[0m
[7.061s] [ 46%] [32mBuilding CXX object CMakeFiles/param.dir/src/cv_to_pv.cpp.o[0m
[7.061s] [ 46%] [32mBuilding CXX object CMakeFiles/utils.dir/src/pretty_print.cpp.o[0m
[7.061s] [ 61%] [32mBuilding CXX object CMakeFiles/param.dir/src/type_extent.cpp.o[0m
[7.061s] [ 69%] [32mBuilding CXX object CMakeFiles/param.dir/src/ParameterHandler.cpp.o[0m
[7.062s] [ 69%] [32mBuilding CXX object CMakeFiles/param.dir/src/types.cpp.o[0m
[7.062s] [ 76%] [32mBuilding CXX object CMakeFiles/param.dir/src/ParameterConflictHandler.cpp.o[0m
[11.373s] [ 76%] Built target utils
[13.425s] [ 76%] Built target param
[13.469s] [ 84%] [32mBuilding CXX object CMakeFiles/camera_component.dir/src/CameraNode.cpp.o[0m
[13.800s] [ 92%] [32m[1mLinking CXX executable camera_node[0m
[14.565s] [ 92%] Built target camera_node
[26.527s] [100%] [32m[1mLinking CXX shared library libcamera_component.so[0m
[27.706s] [100%] Built target camera_component
[27.729s] Invoked command in '/home/mg/linebot_ws/build/camera_ros' returned '0': CMAKE_PREFIX_PATH=${CMAKE_PREFIX_PATH}:/opt/ros/jazzy /usr/bin/cmake --build /home/mg/linebot_ws/build/camera_ros -- -j16 -l16
[27.731s] Invoking command in '/home/mg/linebot_ws/build/camera_ros': CMAKE_PREFIX_PATH=${CMAKE_PREFIX_PATH}:/opt/ros/jazzy /usr/bin/cmake --install /home/mg/linebot_ws/build/camera_ros
[27.747s] -- Install configuration: ""
[27.748s] -- Execute custom install script
[27.749s] -- Symlinking: /home/mg/linebot_ws/install/camera_ros/lib/camera_ros/camera_node
[27.769s] -- Symlinking: /home/mg/linebot_ws/install/camera_ros/share/camera_ros/environment/library_path.sh
[27.788s] -- Symlinking: /home/mg/linebot_ws/install/camera_ros/share/camera_ros/environment/library_path.dsv
[27.808s] -- Symlinking: /home/mg/linebot_ws/install/camera_ros/share/camera_ros//launch/camera.launch.py
[27.828s] -- Symlinking: /home/mg/linebot_ws/install/camera_ros/share/ament_index/resource_index/package_run_dependencies/camera_ros
[27.849s] -- Symlinking: /home/mg/linebot_ws/install/camera_ros/share/ament_index/resource_index/parent_prefix_path/camera_ros
[27.871s] -- Symlinking: /home/mg/linebot_ws/install/camera_ros/share/camera_ros/environment/ament_prefix_path.sh
[27.891s] -- Symlinking: /home/mg/linebot_ws/install/camera_ros/share/camera_ros/environment/ament_prefix_path.dsv
[27.912s] -- Symlinking: /home/mg/linebot_ws/install/camera_ros/share/camera_ros/environment/path.sh
[27.934s] -- Symlinking: /home/mg/linebot_ws/install/camera_ros/share/camera_ros/environment/path.dsv
[27.954s] -- Symlinking: /home/mg/linebot_ws/install/camera_ros/share/camera_ros/local_setup.bash
[27.974s] -- Symlinking: /home/mg/linebot_ws/install/camera_ros/share/camera_ros/local_setup.sh
[27.994s] -- Symlinking: /home/mg/linebot_ws/install/camera_ros/share/camera_ros/local_setup.zsh
[28.013s] -- Symlinking: /home/mg/linebot_ws/install/camera_ros/share/camera_ros/local_setup.dsv
[28.032s] -- Symlinking: /home/mg/linebot_ws/install/camera_ros/share/camera_ros/package.dsv
[28.052s] -- Symlinking: /home/mg/linebot_ws/install/camera_ros/share/ament_index/resource_index/packages/camera_ros
[28.073s] -- Symlinking: /home/mg/linebot_ws/install/camera_ros/share/ament_index/resource_index/rclcpp_components/camera_ros
[28.093s] -- Symlinking: /home/mg/linebot_ws/install/camera_ros/share/camera_ros/cmake/ament_cmake_export_targets-extras.cmake
[28.113s] -- Symlinking: /home/mg/linebot_ws/install/camera_ros/share/camera_ros/cmake/ament_cmake_export_dependencies-extras.cmake
[28.135s] -- Symlinking: /home/mg/linebot_ws/install/camera_ros/share/camera_ros/cmake/camera_rosConfig.cmake
[28.156s] -- Symlinking: /home/mg/linebot_ws/install/camera_ros/share/camera_ros/cmake/camera_rosConfig-version.cmake
[28.175s] -- Symlinking: /home/mg/linebot_ws/install/camera_ros/share/camera_ros/package.xml
[28.195s] -- Installing: /home/mg/linebot_ws/install/camera_ros/lib/libcamera_component.so
[28.208s] -- Set non-toolchain portion of runtime path of "/home/mg/linebot_ws/install/camera_ros/lib/libcamera_component.so" to ""
[28.208s] -- Installing: /home/mg/linebot_ws/install/camera_ros/share/camera_ros/cmake/camera_componentTargetsExport.cmake
[28.209s] -- Installing: /home/mg/linebot_ws/install/camera_ros/share/camera_ros/cmake/camera_componentTargetsExport-noconfig.cmake
[28.213s] Invoked command in '/home/mg/linebot_ws/build/camera_ros' returned '0': CMAKE_PREFIX_PATH=${CMAKE_PREFIX_PATH}:/opt/ros/jazzy /usr/bin/cmake --install /home/mg/linebot_ws/build/camera_ros
