[0.459s] DEBUG:colcon:Command line arguments: ['/usr/bin/colcon', 'build', '--packages-select', 'linebot', '--symlink-install']
[0.459s] DEBUG:colcon:Parsed command line arguments: Namespace(log_base=None, log_level=None, verb_name='build', build_base='build', install_base='install', merge_install=False, symlink_install=True, test_result_base=None, continue_on_error=False, executor='parallel', parallel_workers=16, event_handlers=None, ignore_user_meta=False, metas=['./colcon.meta'], base_paths=['.'], packages_ignore=None, packages_ignore_regex=None, paths=None, packages_up_to=None, packages_up_to_regex=None, packages_above=None, packages_above_and_dependencies=None, packages_above_depth=None, packages_select_by_dep=None, packages_skip_by_dep=None, packages_skip_up_to=None, packages_select_build_failed=False, packages_skip_build_finished=False, packages_select_test_failures=False, packages_skip_test_passed=False, packages_select=['linebot'], packages_skip=None, packages_select_regex=None, packages_skip_regex=None, packages_start=None, packages_end=None, allow_overriding=[], cmake_args=None, cmake_target=None, cmake_target_skip_unavailable=False, cmake_clean_cache=False, cmake_clean_first=False, cmake_force_configure=False, ament_cmake_args=None, catkin_cmake_args=None, catkin_skip_building_tests=False, mixin_files=None, mixin=None, verb_parser=<colcon_mixin.mixin.mixin_argument.MixinArgumentDecorator object at 0x71f69d695700>, verb_extension=<colcon_core.verb.build.BuildVerb object at 0x71f69d6951f0>, main=<bound method BuildVerb.main of <colcon_core.verb.build.BuildVerb object at 0x71f69d6951f0>>, mixin_verb=('build',))
[0.512s] Level 1:colcon.colcon_core.package_discovery:discover_packages(colcon_meta) check parameters
[0.513s] Level 1:colcon.colcon_core.package_discovery:discover_packages(recursive) check parameters
[0.513s] Level 1:colcon.colcon_core.package_discovery:discover_packages(ignore) check parameters
[0.513s] Level 1:colcon.colcon_core.package_discovery:discover_packages(path) check parameters
[0.513s] Level 1:colcon.colcon_core.package_discovery:discover_packages(colcon_meta) discover
[0.513s] Level 1:colcon.colcon_core.package_discovery:discover_packages(recursive) discover
[0.513s] INFO:colcon.colcon_core.package_discovery:Crawling recursively for packages in '/home/mg/linebot_ws'
[0.513s] Level 1:colcon.colcon_core.package_identification:_identify(.) by extensions ['ignore', 'ignore_ament_install']
[0.513s] Level 1:colcon.colcon_core.package_identification:_identify(.) by extension 'ignore'
[0.513s] Level 1:colcon.colcon_core.package_identification:_identify(.) by extension 'ignore_ament_install'
[0.513s] Level 1:colcon.colcon_core.package_identification:_identify(.) by extensions ['colcon_pkg']
[0.514s] Level 1:colcon.colcon_core.package_identification:_identify(.) by extension 'colcon_pkg'
[0.514s] Level 1:colcon.colcon_core.package_identification:_identify(.) by extensions ['colcon_meta']
[0.514s] Level 1:colcon.colcon_core.package_identification:_identify(.) by extension 'colcon_meta'
[0.514s] Level 1:colcon.colcon_core.package_identification:_identify(.) by extensions ['ros']
[0.514s] Level 1:colcon.colcon_core.package_identification:_identify(.) by extension 'ros'
[0.547s] Level 1:colcon.colcon_core.package_identification:_identify(.) by extensions ['cmake', 'python']
[0.547s] Level 1:colcon.colcon_core.package_identification:_identify(.) by extension 'cmake'
[0.547s] Level 1:colcon.colcon_core.package_identification:_identify(.) by extension 'python'
[0.547s] Level 1:colcon.colcon_core.package_identification:_identify(.) by extensions ['python_setup_py']
[0.547s] Level 1:colcon.colcon_core.package_identification:_identify(.) by extension 'python_setup_py'
[0.547s] Level 1:colcon.colcon_core.package_identification:_identify(build) by extensions ['ignore', 'ignore_ament_install']
[0.547s] Level 1:colcon.colcon_core.package_identification:_identify(build) by extension 'ignore'
[0.547s] Level 1:colcon.colcon_core.package_identification:_identify(build) ignored
[0.548s] Level 1:colcon.colcon_core.package_identification:_identify(conductor) by extensions ['ignore', 'ignore_ament_install']
[0.548s] Level 1:colcon.colcon_core.package_identification:_identify(conductor) by extension 'ignore'
[0.548s] Level 1:colcon.colcon_core.package_identification:_identify(conductor) by extension 'ignore_ament_install'
[0.548s] Level 1:colcon.colcon_core.package_identification:_identify(conductor) by extensions ['colcon_pkg']
[0.548s] Level 1:colcon.colcon_core.package_identification:_identify(conductor) by extension 'colcon_pkg'
[0.548s] Level 1:colcon.colcon_core.package_identification:_identify(conductor) by extensions ['colcon_meta']
[0.548s] Level 1:colcon.colcon_core.package_identification:_identify(conductor) by extension 'colcon_meta'
[0.548s] Level 1:colcon.colcon_core.package_identification:_identify(conductor) by extensions ['ros']
[0.548s] Level 1:colcon.colcon_core.package_identification:_identify(conductor) by extension 'ros'
[0.548s] Level 1:colcon.colcon_core.package_identification:_identify(conductor) by extensions ['cmake', 'python']
[0.548s] Level 1:colcon.colcon_core.package_identification:_identify(conductor) by extension 'cmake'
[0.548s] Level 1:colcon.colcon_core.package_identification:_identify(conductor) by extension 'python'
[0.548s] Level 1:colcon.colcon_core.package_identification:_identify(conductor) by extensions ['python_setup_py']
[0.549s] Level 1:colcon.colcon_core.package_identification:_identify(conductor) by extension 'python_setup_py'
[0.549s] Level 1:colcon.colcon_core.package_identification:_identify(conductor/archive) by extensions ['ignore', 'ignore_ament_install']
[0.549s] Level 1:colcon.colcon_core.package_identification:_identify(conductor/archive) by extension 'ignore'
[0.549s] Level 1:colcon.colcon_core.package_identification:_identify(conductor/archive) by extension 'ignore_ament_install'
[0.549s] Level 1:colcon.colcon_core.package_identification:_identify(conductor/archive) by extensions ['colcon_pkg']
[0.549s] Level 1:colcon.colcon_core.package_identification:_identify(conductor/archive) by extension 'colcon_pkg'
[0.549s] Level 1:colcon.colcon_core.package_identification:_identify(conductor/archive) by extensions ['colcon_meta']
[0.549s] Level 1:colcon.colcon_core.package_identification:_identify(conductor/archive) by extension 'colcon_meta'
[0.549s] Level 1:colcon.colcon_core.package_identification:_identify(conductor/archive) by extensions ['ros']
[0.549s] Level 1:colcon.colcon_core.package_identification:_identify(conductor/archive) by extension 'ros'
[0.549s] Level 1:colcon.colcon_core.package_identification:_identify(conductor/archive) by extensions ['cmake', 'python']
[0.549s] Level 1:colcon.colcon_core.package_identification:_identify(conductor/archive) by extension 'cmake'
[0.549s] Level 1:colcon.colcon_core.package_identification:_identify(conductor/archive) by extension 'python'
[0.549s] Level 1:colcon.colcon_core.package_identification:_identify(conductor/archive) by extensions ['python_setup_py']
[0.549s] Level 1:colcon.colcon_core.package_identification:_identify(conductor/archive) by extension 'python_setup_py'
[0.550s] Level 1:colcon.colcon_core.package_identification:_identify(conductor/code_styleguides) by extensions ['ignore', 'ignore_ament_install']
[0.550s] Level 1:colcon.colcon_core.package_identification:_identify(conductor/code_styleguides) by extension 'ignore'
[0.550s] Level 1:colcon.colcon_core.package_identification:_identify(conductor/code_styleguides) by extension 'ignore_ament_install'
[0.550s] Level 1:colcon.colcon_core.package_identification:_identify(conductor/code_styleguides) by extensions ['colcon_pkg']
[0.550s] Level 1:colcon.colcon_core.package_identification:_identify(conductor/code_styleguides) by extension 'colcon_pkg'
[0.550s] Level 1:colcon.colcon_core.package_identification:_identify(conductor/code_styleguides) by extensions ['colcon_meta']
[0.550s] Level 1:colcon.colcon_core.package_identification:_identify(conductor/code_styleguides) by extension 'colcon_meta'
[0.550s] Level 1:colcon.colcon_core.package_identification:_identify(conductor/code_styleguides) by extensions ['ros']
[0.550s] Level 1:colcon.colcon_core.package_identification:_identify(conductor/code_styleguides) by extension 'ros'
[0.550s] Level 1:colcon.colcon_core.package_identification:_identify(conductor/code_styleguides) by extensions ['cmake', 'python']
[0.550s] Level 1:colcon.colcon_core.package_identification:_identify(conductor/code_styleguides) by extension 'cmake'
[0.550s] Level 1:colcon.colcon_core.package_identification:_identify(conductor/code_styleguides) by extension 'python'
[0.550s] Level 1:colcon.colcon_core.package_identification:_identify(conductor/code_styleguides) by extensions ['python_setup_py']
[0.550s] Level 1:colcon.colcon_core.package_identification:_identify(conductor/code_styleguides) by extension 'python_setup_py'
[0.551s] Level 1:colcon.colcon_core.package_identification:_identify(conductor/tracks) by extensions ['ignore', 'ignore_ament_install']
[0.551s] Level 1:colcon.colcon_core.package_identification:_identify(conductor/tracks) by extension 'ignore'
[0.551s] Level 1:colcon.colcon_core.package_identification:_identify(conductor/tracks) by extension 'ignore_ament_install'
[0.551s] Level 1:colcon.colcon_core.package_identification:_identify(conductor/tracks) by extensions ['colcon_pkg']
[0.551s] Level 1:colcon.colcon_core.package_identification:_identify(conductor/tracks) by extension 'colcon_pkg'
[0.551s] Level 1:colcon.colcon_core.package_identification:_identify(conductor/tracks) by extensions ['colcon_meta']
[0.551s] Level 1:colcon.colcon_core.package_identification:_identify(conductor/tracks) by extension 'colcon_meta'
[0.551s] Level 1:colcon.colcon_core.package_identification:_identify(conductor/tracks) by extensions ['ros']
[0.551s] Level 1:colcon.colcon_core.package_identification:_identify(conductor/tracks) by extension 'ros'
[0.551s] Level 1:colcon.colcon_core.package_identification:_identify(conductor/tracks) by extensions ['cmake', 'python']
[0.551s] Level 1:colcon.colcon_core.package_identification:_identify(conductor/tracks) by extension 'cmake'
[0.551s] Level 1:colcon.colcon_core.package_identification:_identify(conductor/tracks) by extension 'python'
[0.551s] Level 1:colcon.colcon_core.package_identification:_identify(conductor/tracks) by extensions ['python_setup_py']
[0.551s] Level 1:colcon.colcon_core.package_identification:_identify(conductor/tracks) by extension 'python_setup_py'
[0.551s] Level 1:colcon.colcon_core.package_identification:_identify(conductor/tracks/integrate_camera_20260105) by extensions ['ignore', 'ignore_ament_install']
[0.552s] Level 1:colcon.colcon_core.package_identification:_identify(conductor/tracks/integrate_camera_20260105) by extension 'ignore'
[0.552s] Level 1:colcon.colcon_core.package_identification:_identify(conductor/tracks/integrate_camera_20260105) by extension 'ignore_ament_install'
[0.552s] Level 1:colcon.colcon_core.package_identification:_identify(conductor/tracks/integrate_camera_20260105) by extensions ['colcon_pkg']
[0.552s] Level 1:colcon.colcon_core.package_identification:_identify(conductor/tracks/integrate_camera_20260105) by extension 'colcon_pkg'
[0.552s] Level 1:colcon.colcon_core.package_identification:_identify(conductor/tracks/integrate_camera_20260105) by extensions ['colcon_meta']
[0.552s] Level 1:colcon.colcon_core.package_identification:_identify(conductor/tracks/integrate_camera_20260105) by extension 'colcon_meta'
[0.552s] Level 1:colcon.colcon_core.package_identification:_identify(conductor/tracks/integrate_camera_20260105) by extensions ['ros']
[0.552s] Level 1:colcon.colcon_core.package_identification:_identify(conductor/tracks/integrate_camera_20260105) by extension 'ros'
[0.552s] Level 1:colcon.colcon_core.package_identification:_identify(conductor/tracks/integrate_camera_20260105) by extensions ['cmake', 'python']
[0.552s] Level 1:colcon.colcon_core.package_identification:_identify(conductor/tracks/integrate_camera_20260105) by extension 'cmake'
[0.552s] Level 1:colcon.colcon_core.package_identification:_identify(conductor/tracks/integrate_camera_20260105) by extension 'python'
[0.552s] Level 1:colcon.colcon_core.package_identification:_identify(conductor/tracks/integrate_camera_20260105) by extensions ['python_setup_py']
[0.553s] Level 1:colcon.colcon_core.package_identification:_identify(conductor/tracks/integrate_camera_20260105) by extension 'python_setup_py'
[0.553s] Level 1:colcon.colcon_core.package_identification:_identify(conductor/tracks/port_esp32_hw_20260104) by extensions ['ignore', 'ignore_ament_install']
[0.553s] Level 1:colcon.colcon_core.package_identification:_identify(conductor/tracks/port_esp32_hw_20260104) by extension 'ignore'
[0.553s] Level 1:colcon.colcon_core.package_identification:_identify(conductor/tracks/port_esp32_hw_20260104) by extension 'ignore_ament_install'
[0.553s] Level 1:colcon.colcon_core.package_identification:_identify(conductor/tracks/port_esp32_hw_20260104) by extensions ['colcon_pkg']
[0.553s] Level 1:colcon.colcon_core.package_identification:_identify(conductor/tracks/port_esp32_hw_20260104) by extension 'colcon_pkg'
[0.553s] Level 1:colcon.colcon_core.package_identification:_identify(conductor/tracks/port_esp32_hw_20260104) by extensions ['colcon_meta']
[0.553s] Level 1:colcon.colcon_core.package_identification:_identify(conductor/tracks/port_esp32_hw_20260104) by extension 'colcon_meta'
[0.553s] Level 1:colcon.colcon_core.package_identification:_identify(conductor/tracks/port_esp32_hw_20260104) by extensions ['ros']
[0.553s] Level 1:colcon.colcon_core.package_identification:_identify(conductor/tracks/port_esp32_hw_20260104) by extension 'ros'
[0.553s] Level 1:colcon.colcon_core.package_identification:_identify(conductor/tracks/port_esp32_hw_20260104) by extensions ['cmake', 'python']
[0.553s] Level 1:colcon.colcon_core.package_identification:_identify(conductor/tracks/port_esp32_hw_20260104) by extension 'cmake'
[0.553s] Level 1:colcon.colcon_core.package_identification:_identify(conductor/tracks/port_esp32_hw_20260104) by extension 'python'
[0.553s] Level 1:colcon.colcon_core.package_identification:_identify(conductor/tracks/port_esp32_hw_20260104) by extensions ['python_setup_py']
[0.554s] Level 1:colcon.colcon_core.package_identification:_identify(conductor/tracks/port_esp32_hw_20260104) by extension 'python_setup_py'
[0.554s] Level 1:colcon.colcon_core.package_identification:_identify(esp32) by extensions ['ignore', 'ignore_ament_install']
[0.554s] Level 1:colcon.colcon_core.package_identification:_identify(esp32) by extension 'ignore'
[0.554s] Level 1:colcon.colcon_core.package_identification:_identify(esp32) by extension 'ignore_ament_install'
[0.554s] Level 1:colcon.colcon_core.package_identification:_identify(esp32) by extensions ['colcon_pkg']
[0.554s] Level 1:colcon.colcon_core.package_identification:_identify(esp32) by extension 'colcon_pkg'
[0.554s] Level 1:colcon.colcon_core.package_identification:_identify(esp32) by extensions ['colcon_meta']
[0.554s] Level 1:colcon.colcon_core.package_identification:_identify(esp32) by extension 'colcon_meta'
[0.554s] Level 1:colcon.colcon_core.package_identification:_identify(esp32) by extensions ['ros']
[0.554s] Level 1:colcon.colcon_core.package_identification:_identify(esp32) by extension 'ros'
[0.554s] Level 1:colcon.colcon_core.package_identification:_identify(esp32) by extensions ['cmake', 'python']
[0.554s] Level 1:colcon.colcon_core.package_identification:_identify(esp32) by extension 'cmake'
[0.554s] Level 1:colcon.colcon_core.package_identification:_identify(esp32) by extension 'python'
[0.554s] Level 1:colcon.colcon_core.package_identification:_identify(esp32) by extensions ['python_setup_py']
[0.554s] Level 1:colcon.colcon_core.package_identification:_identify(esp32) by extension 'python_setup_py'
[0.555s] Level 1:colcon.colcon_core.package_identification:_identify(esp32/ros_arduino_bridge) by extensions ['ignore', 'ignore_ament_install']
[0.555s] Level 1:colcon.colcon_core.package_identification:_identify(esp32/ros_arduino_bridge) by extension 'ignore'
[0.555s] Level 1:colcon.colcon_core.package_identification:_identify(esp32/ros_arduino_bridge) by extension 'ignore_ament_install'
[0.555s] Level 1:colcon.colcon_core.package_identification:_identify(esp32/ros_arduino_bridge) by extensions ['colcon_pkg']
[0.555s] Level 1:colcon.colcon_core.package_identification:_identify(esp32/ros_arduino_bridge) by extension 'colcon_pkg'
[0.555s] Level 1:colcon.colcon_core.package_identification:_identify(esp32/ros_arduino_bridge) by extensions ['colcon_meta']
[0.555s] Level 1:colcon.colcon_core.package_identification:_identify(esp32/ros_arduino_bridge) by extension 'colcon_meta'
[0.555s] Level 1:colcon.colcon_core.package_identification:_identify(esp32/ros_arduino_bridge) by extensions ['ros']
[0.555s] Level 1:colcon.colcon_core.package_identification:_identify(esp32/ros_arduino_bridge) by extension 'ros'
[0.555s] Level 1:colcon.colcon_core.package_identification:_identify(esp32/ros_arduino_bridge) by extensions ['cmake', 'python']
[0.555s] Level 1:colcon.colcon_core.package_identification:_identify(esp32/ros_arduino_bridge) by extension 'cmake'
[0.555s] Level 1:colcon.colcon_core.package_identification:_identify(esp32/ros_arduino_bridge) by extension 'python'
[0.555s] Level 1:colcon.colcon_core.package_identification:_identify(esp32/ros_arduino_bridge) by extensions ['python_setup_py']
[0.555s] Level 1:colcon.colcon_core.package_identification:_identify(esp32/ros_arduino_bridge) by extension 'python_setup_py'
[0.555s] Level 1:colcon.colcon_core.package_identification:_identify(esp32/ros_arduino_bridge/ROSArduinoBridge) by extensions ['ignore', 'ignore_ament_install']
[0.556s] Level 1:colcon.colcon_core.package_identification:_identify(esp32/ros_arduino_bridge/ROSArduinoBridge) by extension 'ignore'
[0.556s] Level 1:colcon.colcon_core.package_identification:_identify(esp32/ros_arduino_bridge/ROSArduinoBridge) by extension 'ignore_ament_install'
[0.556s] Level 1:colcon.colcon_core.package_identification:_identify(esp32/ros_arduino_bridge/ROSArduinoBridge) by extensions ['colcon_pkg']
[0.556s] Level 1:colcon.colcon_core.package_identification:_identify(esp32/ros_arduino_bridge/ROSArduinoBridge) by extension 'colcon_pkg'
[0.556s] Level 1:colcon.colcon_core.package_identification:_identify(esp32/ros_arduino_bridge/ROSArduinoBridge) by extensions ['colcon_meta']
[0.556s] Level 1:colcon.colcon_core.package_identification:_identify(esp32/ros_arduino_bridge/ROSArduinoBridge) by extension 'colcon_meta'
[0.556s] Level 1:colcon.colcon_core.package_identification:_identify(esp32/ros_arduino_bridge/ROSArduinoBridge) by extensions ['ros']
[0.556s] Level 1:colcon.colcon_core.package_identification:_identify(esp32/ros_arduino_bridge/ROSArduinoBridge) by extension 'ros'
[0.556s] Level 1:colcon.colcon_core.package_identification:_identify(esp32/ros_arduino_bridge/ROSArduinoBridge) by extensions ['cmake', 'python']
[0.556s] Level 1:colcon.colcon_core.package_identification:_identify(esp32/ros_arduino_bridge/ROSArduinoBridge) by extension 'cmake'
[0.556s] Level 1:colcon.colcon_core.package_identification:_identify(esp32/ros_arduino_bridge/ROSArduinoBridge) by extension 'python'
[0.556s] Level 1:colcon.colcon_core.package_identification:_identify(esp32/ros_arduino_bridge/ROSArduinoBridge) by extensions ['python_setup_py']
[0.556s] Level 1:colcon.colcon_core.package_identification:_identify(esp32/ros_arduino_bridge/ROSArduinoBridge) by extension 'python_setup_py'
[0.556s] Level 1:colcon.colcon_core.package_identification:_identify(install) by extensions ['ignore', 'ignore_ament_install']
[0.557s] Level 1:colcon.colcon_core.package_identification:_identify(install) by extension 'ignore'
[0.557s] Level 1:colcon.colcon_core.package_identification:_identify(install) ignored
[0.557s] Level 1:colcon.colcon_core.package_identification:_identify(log) by extensions ['ignore', 'ignore_ament_install']
[0.557s] Level 1:colcon.colcon_core.package_identification:_identify(log) by extension 'ignore'
[0.557s] Level 1:colcon.colcon_core.package_identification:_identify(log) ignored
[0.557s] Level 1:colcon.colcon_core.package_identification:_identify(src) by extensions ['ignore', 'ignore_ament_install']
[0.557s] Level 1:colcon.colcon_core.package_identification:_identify(src) by extension 'ignore'
[0.557s] Level 1:colcon.colcon_core.package_identification:_identify(src) by extension 'ignore_ament_install'
[0.557s] Level 1:colcon.colcon_core.package_identification:_identify(src) by extensions ['colcon_pkg']
[0.557s] Level 1:colcon.colcon_core.package_identification:_identify(src) by extension 'colcon_pkg'
[0.557s] Level 1:colcon.colcon_core.package_identification:_identify(src) by extensions ['colcon_meta']
[0.557s] Level 1:colcon.colcon_core.package_identification:_identify(src) by extension 'colcon_meta'
[0.558s] Level 1:colcon.colcon_core.package_identification:_identify(src) by extensions ['ros']
[0.558s] Level 1:colcon.colcon_core.package_identification:_identify(src) by extension 'ros'
[0.558s] Level 1:colcon.colcon_core.package_identification:_identify(src) by extensions ['cmake', 'python']
[0.558s] Level 1:colcon.colcon_core.package_identification:_identify(src) by extension 'cmake'
[0.558s] Level 1:colcon.colcon_core.package_identification:_identify(src) by extension 'python'
[0.558s] Level 1:colcon.colcon_core.package_identification:_identify(src) by extensions ['python_setup_py']
[0.558s] Level 1:colcon.colcon_core.package_identification:_identify(src) by extension 'python_setup_py'
[0.558s] Level 1:colcon.colcon_core.package_identification:_identify(src/camera_ros) by extensions ['ignore', 'ignore_ament_install']
[0.558s] Level 1:colcon.colcon_core.package_identification:_identify(src/camera_ros) by extension 'ignore'
[0.558s] Level 1:colcon.colcon_core.package_identification:_identify(src/camera_ros) by extension 'ignore_ament_install'
[0.558s] Level 1:colcon.colcon_core.package_identification:_identify(src/camera_ros) by extensions ['colcon_pkg']
[0.558s] Level 1:colcon.colcon_core.package_identification:_identify(src/camera_ros) by extension 'colcon_pkg'
[0.558s] Level 1:colcon.colcon_core.package_identification:_identify(src/camera_ros) by extensions ['colcon_meta']
[0.558s] Level 1:colcon.colcon_core.package_identification:_identify(src/camera_ros) by extension 'colcon_meta'
[0.558s] Level 1:colcon.colcon_core.package_identification:_identify(src/camera_ros) by extensions ['ros']
[0.558s] Level 1:colcon.colcon_core.package_identification:_identify(src/camera_ros) by extension 'ros'
[0.564s] DEBUG:colcon.colcon_core.package_identification:Package 'src/camera_ros' with type 'ros.ament_cmake' and name 'camera_ros'
[0.564s] Level 1:colcon.colcon_core.package_identification:_identify(src/diffdrive_arduino) by extensions ['ignore', 'ignore_ament_install']
[0.564s] Level 1:colcon.colcon_core.package_identification:_identify(src/diffdrive_arduino) by extension 'ignore'
[0.565s] Level 1:colcon.colcon_core.package_identification:_identify(src/diffdrive_arduino) by extension 'ignore_ament_install'
[0.565s] Level 1:colcon.colcon_core.package_identification:_identify(src/diffdrive_arduino) by extensions ['colcon_pkg']
[0.565s] Level 1:colcon.colcon_core.package_identification:_identify(src/diffdrive_arduino) by extension 'colcon_pkg'
[0.565s] Level 1:colcon.colcon_core.package_identification:_identify(src/diffdrive_arduino) by extensions ['colcon_meta']
[0.565s] Level 1:colcon.colcon_core.package_identification:_identify(src/diffdrive_arduino) by extension 'colcon_meta'
[0.565s] Level 1:colcon.colcon_core.package_identification:_identify(src/diffdrive_arduino) by extensions ['ros']
[0.565s] Level 1:colcon.colcon_core.package_identification:_identify(src/diffdrive_arduino) by extension 'ros'
[0.566s] DEBUG:colcon.colcon_core.package_identification:Package 'src/diffdrive_arduino' with type 'ros.ament_cmake' and name 'diffdrive_arduino'
[0.566s] Level 1:colcon.colcon_core.package_identification:_identify(src/linebot) by extensions ['ignore', 'ignore_ament_install']
[0.566s] Level 1:colcon.colcon_core.package_identification:_identify(src/linebot) by extension 'ignore'
[0.566s] Level 1:colcon.colcon_core.package_identification:_identify(src/linebot) by extension 'ignore_ament_install'
[0.566s] Level 1:colcon.colcon_core.package_identification:_identify(src/linebot) by extensions ['colcon_pkg']
[0.566s] Level 1:colcon.colcon_core.package_identification:_identify(src/linebot) by extension 'colcon_pkg'
[0.566s] Level 1:colcon.colcon_core.package_identification:_identify(src/linebot) by extensions ['colcon_meta']
[0.566s] Level 1:colcon.colcon_core.package_identification:_identify(src/linebot) by extension 'colcon_meta'
[0.566s] Level 1:colcon.colcon_core.package_identification:_identify(src/linebot) by extensions ['ros']
[0.566s] Level 1:colcon.colcon_core.package_identification:_identify(src/linebot) by extension 'ros'
[0.567s] DEBUG:colcon.colcon_core.package_identification:Package 'src/linebot' with type 'ros.ament_cmake' and name 'linebot'
[0.567s] Level 1:colcon.colcon_core.package_identification:_identify(src/linefollower_cv) by extensions ['ignore', 'ignore_ament_install']
[0.567s] Level 1:colcon.colcon_core.package_identification:_identify(src/linefollower_cv) by extension 'ignore'
[0.567s] Level 1:colcon.colcon_core.package_identification:_identify(src/linefollower_cv) by extension 'ignore_ament_install'
[0.568s] Level 1:colcon.colcon_core.package_identification:_identify(src/linefollower_cv) by extensions ['colcon_pkg']
[0.568s] Level 1:colcon.colcon_core.package_identification:_identify(src/linefollower_cv) by extension 'colcon_pkg'
[0.568s] Level 1:colcon.colcon_core.package_identification:_identify(src/linefollower_cv) by extensions ['colcon_meta']
[0.568s] Level 1:colcon.colcon_core.package_identification:_identify(src/linefollower_cv) by extension 'colcon_meta'
[0.568s] Level 1:colcon.colcon_core.package_identification:_identify(src/linefollower_cv) by extensions ['ros']
[0.568s] Level 1:colcon.colcon_core.package_identification:_identify(src/linefollower_cv) by extension 'ros'
[0.568s] DEBUG:colcon.colcon_core.package_identification:Package 'src/linefollower_cv' with type 'ros.ament_python' and name 'linefollower_cv'
[0.568s] Level 1:colcon.colcon_core.package_identification:_identify(src/serial) by extensions ['ignore', 'ignore_ament_install']
[0.569s] Level 1:colcon.colcon_core.package_identification:_identify(src/serial) by extension 'ignore'
[0.569s] Level 1:colcon.colcon_core.package_identification:_identify(src/serial) by extension 'ignore_ament_install'
[0.569s] Level 1:colcon.colcon_core.package_identification:_identify(src/serial) by extensions ['colcon_pkg']
[0.569s] Level 1:colcon.colcon_core.package_identification:_identify(src/serial) by extension 'colcon_pkg'
[0.569s] Level 1:colcon.colcon_core.package_identification:_identify(src/serial) by extensions ['colcon_meta']
[0.569s] Level 1:colcon.colcon_core.package_identification:_identify(src/serial) by extension 'colcon_meta'
[0.569s] Level 1:colcon.colcon_core.package_identification:_identify(src/serial) by extensions ['ros']
[0.569s] Level 1:colcon.colcon_core.package_identification:_identify(src/serial) by extension 'ros'
[0.569s] DEBUG:colcon.colcon_core.package_identification:Package 'src/serial' with type 'ros.ament_cmake' and name 'serial'
[0.570s] Level 1:colcon.colcon_core.package_identification:_identify(src/sllidar_ros2) by extensions ['ignore', 'ignore_ament_install']
[0.570s] Level 1:colcon.colcon_core.package_identification:_identify(src/sllidar_ros2) by extension 'ignore'
[0.570s] Level 1:colcon.colcon_core.package_identification:_identify(src/sllidar_ros2) by extension 'ignore_ament_install'
[0.570s] Level 1:colcon.colcon_core.package_identification:_identify(src/sllidar_ros2) by extensions ['colcon_pkg']
[0.570s] Level 1:colcon.colcon_core.package_identification:_identify(src/sllidar_ros2) by extension 'colcon_pkg'
[0.570s] Level 1:colcon.colcon_core.package_identification:_identify(src/sllidar_ros2) by extensions ['colcon_meta']
[0.570s] Level 1:colcon.colcon_core.package_identification:_identify(src/sllidar_ros2) by extension 'colcon_meta'
[0.570s] Level 1:colcon.colcon_core.package_identification:_identify(src/sllidar_ros2) by extensions ['ros']
[0.570s] Level 1:colcon.colcon_core.package_identification:_identify(src/sllidar_ros2) by extension 'ros'
[0.571s] DEBUG:colcon.colcon_core.package_identification:Package 'src/sllidar_ros2' with type 'ros.ament_cmake' and name 'sllidar_ros2'
[0.571s] Level 1:colcon.colcon_core.package_identification:_identify(src/twist_stamper) by extensions ['ignore', 'ignore_ament_install']
[0.571s] Level 1:colcon.colcon_core.package_identification:_identify(src/twist_stamper) by extension 'ignore'
[0.571s] Level 1:colcon.colcon_core.package_identification:_identify(src/twist_stamper) by extension 'ignore_ament_install'
[0.571s] Level 1:colcon.colcon_core.package_identification:_identify(src/twist_stamper) by extensions ['colcon_pkg']
[0.571s] Level 1:colcon.colcon_core.package_identification:_identify(src/twist_stamper) by extension 'colcon_pkg'
[0.571s] Level 1:colcon.colcon_core.package_identification:_identify(src/twist_stamper) by extensions ['colcon_meta']
[0.571s] Level 1:colcon.colcon_core.package_identification:_identify(src/twist_stamper) by extension 'colcon_meta'
[0.571s] Level 1:colcon.colcon_core.package_identification:_identify(src/twist_stamper) by extensions ['ros']
[0.571s] Level 1:colcon.colcon_core.package_identification:_identify(src/twist_stamper) by extension 'ros'
[0.572s] DEBUG:colcon.colcon_core.package_identification:Package 'src/twist_stamper' with type 'ros.ament_python' and name 'twist_stamper'
[0.572s] Level 1:colcon.colcon_core.package_discovery:discover_packages(recursive) using defaults
[0.572s] Level 1:colcon.colcon_core.package_discovery:discover_packages(ignore) discover
[0.572s] Level 1:colcon.colcon_core.package_discovery:discover_packages(ignore) using defaults
[0.572s] Level 1:colcon.colcon_core.package_discovery:discover_packages(path) discover
[0.572s] Level 1:colcon.colcon_core.package_discovery:discover_packages(path) using defaults
[0.595s] INFO:colcon.colcon_core.package_selection:Skipping not selected package 'camera_ros' in 'src/camera_ros'
[0.595s] INFO:colcon.colcon_core.package_selection:Skipping not selected package 'diffdrive_arduino' in 'src/diffdrive_arduino'
[0.595s] INFO:colcon.colcon_core.package_selection:Skipping not selected package 'linefollower_cv' in 'src/linefollower_cv'
[0.595s] INFO:colcon.colcon_core.package_selection:Skipping not selected package 'serial' in 'src/serial'
[0.595s] INFO:colcon.colcon_core.package_selection:Skipping not selected package 'sllidar_ros2' in 'src/sllidar_ros2'
[0.595s] INFO:colcon.colcon_core.package_selection:Skipping not selected package 'twist_stamper' in 'src/twist_stamper'
[0.596s] Level 1:colcon.colcon_core.package_discovery:discover_packages(prefix_path) check parameters
[0.596s] Level 1:colcon.colcon_core.package_discovery:discover_packages(prefix_path) discover
[0.601s] DEBUG:colcon.colcon_installed_package_information.package_discovery:Found 434 installed packages in /opt/ros/jazzy
[0.602s] Level 1:colcon.colcon_core.package_discovery:discover_packages(prefix_path) using defaults
[0.679s] Level 5:colcon.colcon_core.verb:set package 'linebot' build argument 'cmake_args' from command line to 'None'
[0.679s] Level 5:colcon.colcon_core.verb:set package 'linebot' build argument 'cmake_target' from command line to 'None'
[0.679s] Level 5:colcon.colcon_core.verb:set package 'linebot' build argument 'cmake_target_skip_unavailable' from command line to 'False'
[0.679s] Level 5:colcon.colcon_core.verb:set package 'linebot' build argument 'cmake_clean_cache' from command line to 'False'
[0.679s] Level 5:colcon.colcon_core.verb:set package 'linebot' build argument 'cmake_clean_first' from command line to 'False'
[0.679s] Level 5:colcon.colcon_core.verb:set package 'linebot' build argument 'cmake_force_configure' from command line to 'False'
[0.679s] Level 5:colcon.colcon_core.verb:set package 'linebot' build argument 'ament_cmake_args' from command line to 'None'
[0.679s] Level 5:colcon.colcon_core.verb:set package 'linebot' build argument 'catkin_cmake_args' from command line to 'None'
[0.679s] Level 5:colcon.colcon_core.verb:set package 'linebot' build argument 'catkin_skip_building_tests' from command line to 'False'
[0.679s] DEBUG:colcon.colcon_core.verb:Building package 'linebot' with the following arguments: {'ament_cmake_args': None, 'build_base': '/home/mg/linebot_ws/build/linebot', 'catkin_cmake_args': None, 'catkin_skip_building_tests': False, 'cmake_args': None, 'cmake_clean_cache': False, 'cmake_clean_first': False, 'cmake_force_configure': False, 'cmake_target': None, 'cmake_target_skip_unavailable': False, 'install_base': '/home/mg/linebot_ws/install/linebot', 'merge_install': False, 'path': '/home/mg/linebot_ws/src/linebot', 'symlink_install': True, 'test_result_base': None}
[0.679s] INFO:colcon.colcon_core.executor:Executing jobs using 'parallel' executor
[0.681s] DEBUG:colcon.colcon_parallel_executor.executor.parallel:run_until_complete
[0.682s] INFO:colcon.colcon_ros.task.ament_cmake.build:Building ROS package in '/home/mg/linebot_ws/src/linebot' with build type 'ament_cmake'
[0.682s] INFO:colcon.colcon_cmake.task.cmake.build:Building CMake package in '/home/mg/linebot_ws/src/linebot'
[0.685s] INFO:colcon.colcon_core.plugin_system:Skipping extension 'colcon_core.shell.bat': Not used on non-Windows systems
[0.685s] INFO:colcon.colcon_core.shell:Skip shell extension 'powershell' for command environment: Not usable outside of PowerShell
[0.685s] DEBUG:colcon.colcon_core.shell:Skip shell extension 'dsv' for command environment
[0.701s] DEBUG:colcon.colcon_core.event_handler.log_command:Invoking command in '/home/mg/linebot_ws/build/linebot': CMAKE_PREFIX_PATH=${CMAKE_PREFIX_PATH}:/opt/ros/jazzy /usr/bin/cmake --build /home/mg/linebot_ws/build/linebot -- -j16 -l16
[0.841s] DEBUG:colcon.colcon_core.event_handler.log_command:Invoked command in '/home/mg/linebot_ws/build/linebot' returned '0': CMAKE_PREFIX_PATH=${CMAKE_PREFIX_PATH}:/opt/ros/jazzy /usr/bin/cmake --build /home/mg/linebot_ws/build/linebot -- -j16 -l16
[0.863s] DEBUG:colcon.colcon_core.event_handler.log_command:Invoking command in '/home/mg/linebot_ws/build/linebot': CMAKE_PREFIX_PATH=${CMAKE_PREFIX_PATH}:/opt/ros/jazzy /usr/bin/cmake --install /home/mg/linebot_ws/build/linebot
[0.940s] Level 1:colcon.colcon_core.environment:create_environment_scripts_only(linebot)
[0.942s] DEBUG:colcon.colcon_core.event_handler.log_command:Invoked command in '/home/mg/linebot_ws/build/linebot' returned '0': CMAKE_PREFIX_PATH=${CMAKE_PREFIX_PATH}:/opt/ros/jazzy /usr/bin/cmake --install /home/mg/linebot_ws/build/linebot
[0.943s] Level 1:colcon.colcon_core.environment:checking '/home/mg/linebot_ws/install/linebot' for CMake module files
[0.945s] Level 1:colcon.colcon_core.environment:checking '/home/mg/linebot_ws/install/linebot' for CMake config files
[0.945s] Level 1:colcon.colcon_core.shell:create_environment_hook('linebot', 'cmake_prefix_path')
[0.946s] INFO:colcon.colcon_core.shell:Creating environment hook '/home/mg/linebot_ws/install/linebot/share/linebot/hook/cmake_prefix_path.ps1'
[0.946s] INFO:colcon.colcon_core.shell:Creating environment descriptor '/home/mg/linebot_ws/install/linebot/share/linebot/hook/cmake_prefix_path.dsv'
[0.947s] INFO:colcon.colcon_core.shell:Creating environment hook '/home/mg/linebot_ws/install/linebot/share/linebot/hook/cmake_prefix_path.sh'
[0.948s] Level 1:colcon.colcon_core.environment:checking '/home/mg/linebot_ws/install/linebot/lib'
[0.948s] Level 1:colcon.colcon_core.environment:checking '/home/mg/linebot_ws/install/linebot/bin'
[0.949s] Level 1:colcon.colcon_core.environment:checking '/home/mg/linebot_ws/install/linebot/lib/pkgconfig/linebot.pc'
[0.949s] Level 1:colcon.colcon_core.environment:checking '/home/mg/linebot_ws/install/linebot/lib/python3.12/site-packages'
[0.950s] Level 1:colcon.colcon_core.environment:checking '/home/mg/linebot_ws/install/linebot/bin'
[0.950s] INFO:colcon.colcon_core.shell:Creating package script '/home/mg/linebot_ws/install/linebot/share/linebot/package.ps1'
[0.951s] INFO:colcon.colcon_core.shell:Creating package descriptor '/home/mg/linebot_ws/install/linebot/share/linebot/package.dsv'
[0.952s] INFO:colcon.colcon_core.shell:Creating package script '/home/mg/linebot_ws/install/linebot/share/linebot/package.sh'
[0.953s] INFO:colcon.colcon_core.shell:Creating package script '/home/mg/linebot_ws/install/linebot/share/linebot/package.bash'
[0.954s] INFO:colcon.colcon_core.shell:Creating package script '/home/mg/linebot_ws/install/linebot/share/linebot/package.zsh'
[0.955s] Level 1:colcon.colcon_core.environment:create_file_with_runtime_dependencies(/home/mg/linebot_ws/install/linebot/share/colcon-core/packages/linebot)
[0.956s] Level 1:colcon.colcon_core.environment:create_environment_scripts_only(linebot)
[0.957s] Level 1:colcon.colcon_core.environment:checking '/home/mg/linebot_ws/install/linebot' for CMake module files
[0.958s] Level 1:colcon.colcon_core.environment:checking '/home/mg/linebot_ws/install/linebot' for CMake config files
[0.959s] Level 1:colcon.colcon_core.shell:create_environment_hook('linebot', 'cmake_prefix_path')
[0.959s] INFO:colcon.colcon_core.shell:Creating environment hook '/home/mg/linebot_ws/install/linebot/share/linebot/hook/cmake_prefix_path.ps1'
[0.960s] INFO:colcon.colcon_core.shell:Creating environment descriptor '/home/mg/linebot_ws/install/linebot/share/linebot/hook/cmake_prefix_path.dsv'
[0.961s] INFO:colcon.colcon_core.shell:Creating environment hook '/home/mg/linebot_ws/install/linebot/share/linebot/hook/cmake_prefix_path.sh'
[0.962s] Level 1:colcon.colcon_core.environment:checking '/home/mg/linebot_ws/install/linebot/lib'
[0.962s] Level 1:colcon.colcon_core.environment:checking '/home/mg/linebot_ws/install/linebot/bin'
[0.962s] Level 1:colcon.colcon_core.environment:checking '/home/mg/linebot_ws/install/linebot/lib/pkgconfig/linebot.pc'
[0.963s] Level 1:colcon.colcon_core.environment:checking '/home/mg/linebot_ws/install/linebot/lib/python3.12/site-packages'
[0.963s] Level 1:colcon.colcon_core.environment:checking '/home/mg/linebot_ws/install/linebot/bin'
[0.964s] INFO:colcon.colcon_core.shell:Creating package script '/home/mg/linebot_ws/install/linebot/share/linebot/package.ps1'
[0.965s] INFO:colcon.colcon_core.shell:Creating package descriptor '/home/mg/linebot_ws/install/linebot/share/linebot/package.dsv'
[0.966s] INFO:colcon.colcon_core.shell:Creating package script '/home/mg/linebot_ws/install/linebot/share/linebot/package.sh'
[0.967s] INFO:colcon.colcon_core.shell:Creating package script '/home/mg/linebot_ws/install/linebot/share/linebot/package.bash'
[0.968s] INFO:colcon.colcon_core.shell:Creating package script '/home/mg/linebot_ws/install/linebot/share/linebot/package.zsh'
[0.969s] Level 1:colcon.colcon_core.environment:create_file_with_runtime_dependencies(/home/mg/linebot_ws/install/linebot/share/colcon-core/packages/linebot)
[0.969s] DEBUG:colcon.colcon_parallel_executor.executor.parallel:closing loop
[0.970s] DEBUG:colcon.colcon_parallel_executor.executor.parallel:loop closed
[0.970s] DEBUG:colcon.colcon_parallel_executor.executor.parallel:run_until_complete finished with '0'
[0.971s] DEBUG:colcon.colcon_core.event_reactor:joining thread
[1.001s] INFO:colcon.colcon_core.plugin_system:Skipping extension 'colcon_notification.desktop_notification.terminal_notifier': Not used on non-Darwin systems
[1.001s] INFO:colcon.colcon_core.plugin_system:Skipping extension 'colcon_notification.desktop_notification.win32': Not used on non-Windows systems
[1.001s] INFO:colcon.colcon_notification.desktop_notification:Sending desktop notification using 'notify2'
[1.003s] DEBUG:colcon.colcon_notification.desktop_notification.notify2:Failed to initialize notify2: org.freedesktop.DBus.Error.ServiceUnknown: The name org.freedesktop.Notifications was not provided by any .service files
[1.003s] DEBUG:colcon.colcon_core.event_reactor:joined thread
[1.003s] INFO:colcon.colcon_core.shell:Creating prefix script '/home/mg/linebot_ws/install/local_setup.ps1'
[1.004s] INFO:colcon.colcon_core.shell:Creating prefix util module '/home/mg/linebot_ws/install/_local_setup_util_ps1.py'
[1.006s] INFO:colcon.colcon_core.shell:Creating prefix chain script '/home/mg/linebot_ws/install/setup.ps1'
[1.007s] INFO:colcon.colcon_core.shell:Creating prefix script '/home/mg/linebot_ws/install/local_setup.sh'
[1.007s] INFO:colcon.colcon_core.shell:Creating prefix util module '/home/mg/linebot_ws/install/_local_setup_util_sh.py'
[1.008s] INFO:colcon.colcon_core.shell:Creating prefix chain script '/home/mg/linebot_ws/install/setup.sh'
[1.009s] INFO:colcon.colcon_core.shell:Creating prefix script '/home/mg/linebot_ws/install/local_setup.bash'
[1.010s] INFO:colcon.colcon_core.shell:Creating prefix chain script '/home/mg/linebot_ws/install/setup.bash'
[1.011s] INFO:colcon.colcon_core.shell:Creating prefix script '/home/mg/linebot_ws/install/local_setup.zsh'
[1.011s] INFO:colcon.colcon_core.shell:Creating prefix chain script '/home/mg/linebot_ws/install/setup.zsh'
