[0.473s] DEBUG:colcon:Command line arguments: ['/usr/bin/colcon', 'build', '--symlink-install']
[0.473s] DEBUG:colcon:Parsed command line arguments: Namespace(log_base=None, log_level=None, verb_name='build', build_base='build', install_base='install', merge_install=False, symlink_install=True, test_result_base=None, continue_on_error=False, executor='parallel', parallel_workers=16, event_handlers=None, ignore_user_meta=False, metas=['./colcon.meta'], base_paths=['.'], packages_ignore=None, packages_ignore_regex=None, paths=None, packages_up_to=None, packages_up_to_regex=None, packages_above=None, packages_above_and_dependencies=None, packages_above_depth=None, packages_select_by_dep=None, packages_skip_by_dep=None, packages_skip_up_to=None, packages_select_build_failed=False, packages_skip_build_finished=False, packages_select_test_failures=False, packages_skip_test_passed=False, packages_select=None, packages_skip=None, packages_select_regex=None, packages_skip_regex=None, packages_start=None, packages_end=None, allow_overriding=[], cmake_args=None, cmake_target=None, cmake_target_skip_unavailable=False, cmake_clean_cache=False, cmake_clean_first=False, cmake_force_configure=False, ament_cmake_args=None, catkin_cmake_args=None, catkin_skip_building_tests=False, mixin_files=None, mixin=None, verb_parser=<colcon_mixin.mixin.mixin_argument.MixinArgumentDecorator object at 0x764f97b94d40>, verb_extension=<colcon_core.verb.build.BuildVerb object at 0x764f97b94a10>, main=<bound method BuildVerb.main of <colcon_core.verb.build.BuildVerb object at 0x764f97b94a10>>, mixin_verb=('build',))
[0.531s] Level 1:colcon.colcon_core.package_discovery:discover_packages(colcon_meta) check parameters
[0.531s] Level 1:colcon.colcon_core.package_discovery:discover_packages(recursive) check parameters
[0.531s] Level 1:colcon.colcon_core.package_discovery:discover_packages(ignore) check parameters
[0.531s] Level 1:colcon.colcon_core.package_discovery:discover_packages(path) check parameters
[0.531s] Level 1:colcon.colcon_core.package_discovery:discover_packages(colcon_meta) discover
[0.531s] Level 1:colcon.colcon_core.package_discovery:discover_packages(recursive) discover
[0.531s] INFO:colcon.colcon_core.package_discovery:Crawling recursively for packages in '/home/mg/linebot_ws'
[0.532s] Level 1:colcon.colcon_core.package_identification:_identify(.) by extensions ['ignore', 'ignore_ament_install']
[0.532s] Level 1:colcon.colcon_core.package_identification:_identify(.) by extension 'ignore'
[0.532s] Level 1:colcon.colcon_core.package_identification:_identify(.) by extension 'ignore_ament_install'
[0.532s] Level 1:colcon.colcon_core.package_identification:_identify(.) by extensions ['colcon_pkg']
[0.532s] Level 1:colcon.colcon_core.package_identification:_identify(.) by extension 'colcon_pkg'
[0.532s] Level 1:colcon.colcon_core.package_identification:_identify(.) by extensions ['colcon_meta']
[0.532s] Level 1:colcon.colcon_core.package_identification:_identify(.) by extension 'colcon_meta'
[0.532s] Level 1:colcon.colcon_core.package_identification:_identify(.) by extensions ['ros']
[0.532s] Level 1:colcon.colcon_core.package_identification:_identify(.) by extension 'ros'
[0.566s] Level 1:colcon.colcon_core.package_identification:_identify(.) by extensions ['cmake', 'python']
[0.566s] Level 1:colcon.colcon_core.package_identification:_identify(.) by extension 'cmake'
[0.566s] Level 1:colcon.colcon_core.package_identification:_identify(.) by extension 'python'
[0.566s] Level 1:colcon.colcon_core.package_identification:_identify(.) by extensions ['python_setup_py']
[0.566s] Level 1:colcon.colcon_core.package_identification:_identify(.) by extension 'python_setup_py'
[0.566s] Level 1:colcon.colcon_core.package_identification:_identify(build) by extensions ['ignore', 'ignore_ament_install']
[0.567s] Level 1:colcon.colcon_core.package_identification:_identify(build) by extension 'ignore'
[0.567s] Level 1:colcon.colcon_core.package_identification:_identify(build) ignored
[0.567s] Level 1:colcon.colcon_core.package_identification:_identify(conductor) by extensions ['ignore', 'ignore_ament_install']
[0.567s] Level 1:colcon.colcon_core.package_identification:_identify(conductor) by extension 'ignore'
[0.567s] Level 1:colcon.colcon_core.package_identification:_identify(conductor) by extension 'ignore_ament_install'
[0.567s] Level 1:colcon.colcon_core.package_identification:_identify(conductor) by extensions ['colcon_pkg']
[0.567s] Level 1:colcon.colcon_core.package_identification:_identify(conductor) by extension 'colcon_pkg'
[0.567s] Level 1:colcon.colcon_core.package_identification:_identify(conductor) by extensions ['colcon_meta']
[0.567s] Level 1:colcon.colcon_core.package_identification:_identify(conductor) by extension 'colcon_meta'
[0.567s] Level 1:colcon.colcon_core.package_identification:_identify(conductor) by extensions ['ros']
[0.567s] Level 1:colcon.colcon_core.package_identification:_identify(conductor) by extension 'ros'
[0.568s] Level 1:colcon.colcon_core.package_identification:_identify(conductor) by extensions ['cmake', 'python']
[0.568s] Level 1:colcon.colcon_core.package_identification:_identify(conductor) by extension 'cmake'
[0.568s] Level 1:colcon.colcon_core.package_identification:_identify(conductor) by extension 'python'
[0.568s] Level 1:colcon.colcon_core.package_identification:_identify(conductor) by extensions ['python_setup_py']
[0.568s] Level 1:colcon.colcon_core.package_identification:_identify(conductor) by extension 'python_setup_py'
[0.568s] Level 1:colcon.colcon_core.package_identification:_identify(conductor/archive) by extensions ['ignore', 'ignore_ament_install']
[0.568s] Level 1:colcon.colcon_core.package_identification:_identify(conductor/archive) by extension 'ignore'
[0.568s] Level 1:colcon.colcon_core.package_identification:_identify(conductor/archive) by extension 'ignore_ament_install'
[0.568s] Level 1:colcon.colcon_core.package_identification:_identify(conductor/archive) by extensions ['colcon_pkg']
[0.568s] Level 1:colcon.colcon_core.package_identification:_identify(conductor/archive) by extension 'colcon_pkg'
[0.568s] Level 1:colcon.colcon_core.package_identification:_identify(conductor/archive) by extensions ['colcon_meta']
[0.568s] Level 1:colcon.colcon_core.package_identification:_identify(conductor/archive) by extension 'colcon_meta'
[0.568s] Level 1:colcon.colcon_core.package_identification:_identify(conductor/archive) by extensions ['ros']
[0.568s] Level 1:colcon.colcon_core.package_identification:_identify(conductor/archive) by extension 'ros'
[0.569s] Level 1:colcon.colcon_core.package_identification:_identify(conductor/archive) by extensions ['cmake', 'python']
[0.569s] Level 1:colcon.colcon_core.package_identification:_identify(conductor/archive) by extension 'cmake'
[0.569s] Level 1:colcon.colcon_core.package_identification:_identify(conductor/archive) by extension 'python'
[0.569s] Level 1:colcon.colcon_core.package_identification:_identify(conductor/archive) by extensions ['python_setup_py']
[0.569s] Level 1:colcon.colcon_core.package_identification:_identify(conductor/archive) by extension 'python_setup_py'
[0.569s] Level 1:colcon.colcon_core.package_identification:_identify(conductor/code_styleguides) by extensions ['ignore', 'ignore_ament_install']
[0.569s] Level 1:colcon.colcon_core.package_identification:_identify(conductor/code_styleguides) by extension 'ignore'
[0.569s] Level 1:colcon.colcon_core.package_identification:_identify(conductor/code_styleguides) by extension 'ignore_ament_install'
[0.569s] Level 1:colcon.colcon_core.package_identification:_identify(conductor/code_styleguides) by extensions ['colcon_pkg']
[0.569s] Level 1:colcon.colcon_core.package_identification:_identify(conductor/code_styleguides) by extension 'colcon_pkg'
[0.569s] Level 1:colcon.colcon_core.package_identification:_identify(conductor/code_styleguides) by extensions ['colcon_meta']
[0.569s] Level 1:colcon.colcon_core.package_identification:_identify(conductor/code_styleguides) by extension 'colcon_meta'
[0.569s] Level 1:colcon.colcon_core.package_identification:_identify(conductor/code_styleguides) by extensions ['ros']
[0.569s] Level 1:colcon.colcon_core.package_identification:_identify(conductor/code_styleguides) by extension 'ros'
[0.570s] Level 1:colcon.colcon_core.package_identification:_identify(conductor/code_styleguides) by extensions ['cmake', 'python']
[0.570s] Level 1:colcon.colcon_core.package_identification:_identify(conductor/code_styleguides) by extension 'cmake'
[0.570s] Level 1:colcon.colcon_core.package_identification:_identify(conductor/code_styleguides) by extension 'python'
[0.570s] Level 1:colcon.colcon_core.package_identification:_identify(conductor/code_styleguides) by extensions ['python_setup_py']
[0.570s] Level 1:colcon.colcon_core.package_identification:_identify(conductor/code_styleguides) by extension 'python_setup_py'
[0.570s] Level 1:colcon.colcon_core.package_identification:_identify(conductor/tracks) by extensions ['ignore', 'ignore_ament_install']
[0.570s] Level 1:colcon.colcon_core.package_identification:_identify(conductor/tracks) by extension 'ignore'
[0.570s] Level 1:colcon.colcon_core.package_identification:_identify(conductor/tracks) by extension 'ignore_ament_install'
[0.570s] Level 1:colcon.colcon_core.package_identification:_identify(conductor/tracks) by extensions ['colcon_pkg']
[0.570s] Level 1:colcon.colcon_core.package_identification:_identify(conductor/tracks) by extension 'colcon_pkg'
[0.570s] Level 1:colcon.colcon_core.package_identification:_identify(conductor/tracks) by extensions ['colcon_meta']
[0.570s] Level 1:colcon.colcon_core.package_identification:_identify(conductor/tracks) by extension 'colcon_meta'
[0.570s] Level 1:colcon.colcon_core.package_identification:_identify(conductor/tracks) by extensions ['ros']
[0.570s] Level 1:colcon.colcon_core.package_identification:_identify(conductor/tracks) by extension 'ros'
[0.571s] Level 1:colcon.colcon_core.package_identification:_identify(conductor/tracks) by extensions ['cmake', 'python']
[0.571s] Level 1:colcon.colcon_core.package_identification:_identify(conductor/tracks) by extension 'cmake'
[0.571s] Level 1:colcon.colcon_core.package_identification:_identify(conductor/tracks) by extension 'python'
[0.571s] Level 1:colcon.colcon_core.package_identification:_identify(conductor/tracks) by extensions ['python_setup_py']
[0.571s] Level 1:colcon.colcon_core.package_identification:_identify(conductor/tracks) by extension 'python_setup_py'
[0.571s] Level 1:colcon.colcon_core.package_identification:_identify(conductor/tracks/port_esp32_hw_20260104) by extensions ['ignore', 'ignore_ament_install']
[0.571s] Level 1:colcon.colcon_core.package_identification:_identify(conductor/tracks/port_esp32_hw_20260104) by extension 'ignore'
[0.571s] Level 1:colcon.colcon_core.package_identification:_identify(conductor/tracks/port_esp32_hw_20260104) by extension 'ignore_ament_install'
[0.571s] Level 1:colcon.colcon_core.package_identification:_identify(conductor/tracks/port_esp32_hw_20260104) by extensions ['colcon_pkg']
[0.571s] Level 1:colcon.colcon_core.package_identification:_identify(conductor/tracks/port_esp32_hw_20260104) by extension 'colcon_pkg'
[0.571s] Level 1:colcon.colcon_core.package_identification:_identify(conductor/tracks/port_esp32_hw_20260104) by extensions ['colcon_meta']
[0.571s] Level 1:colcon.colcon_core.package_identification:_identify(conductor/tracks/port_esp32_hw_20260104) by extension 'colcon_meta'
[0.571s] Level 1:colcon.colcon_core.package_identification:_identify(conductor/tracks/port_esp32_hw_20260104) by extensions ['ros']
[0.571s] Level 1:colcon.colcon_core.package_identification:_identify(conductor/tracks/port_esp32_hw_20260104) by extension 'ros'
[0.572s] Level 1:colcon.colcon_core.package_identification:_identify(conductor/tracks/port_esp32_hw_20260104) by extensions ['cmake', 'python']
[0.572s] Level 1:colcon.colcon_core.package_identification:_identify(conductor/tracks/port_esp32_hw_20260104) by extension 'cmake'
[0.572s] Level 1:colcon.colcon_core.package_identification:_identify(conductor/tracks/port_esp32_hw_20260104) by extension 'python'
[0.572s] Level 1:colcon.colcon_core.package_identification:_identify(conductor/tracks/port_esp32_hw_20260104) by extensions ['python_setup_py']
[0.572s] Level 1:colcon.colcon_core.package_identification:_identify(conductor/tracks/port_esp32_hw_20260104) by extension 'python_setup_py'
[0.572s] Level 1:colcon.colcon_core.package_identification:_identify(esp32) by extensions ['ignore', 'ignore_ament_install']
[0.572s] Level 1:colcon.colcon_core.package_identification:_identify(esp32) by extension 'ignore'
[0.572s] Level 1:colcon.colcon_core.package_identification:_identify(esp32) by extension 'ignore_ament_install'
[0.572s] Level 1:colcon.colcon_core.package_identification:_identify(esp32) by extensions ['colcon_pkg']
[0.572s] Level 1:colcon.colcon_core.package_identification:_identify(esp32) by extension 'colcon_pkg'
[0.572s] Level 1:colcon.colcon_core.package_identification:_identify(esp32) by extensions ['colcon_meta']
[0.572s] Level 1:colcon.colcon_core.package_identification:_identify(esp32) by extension 'colcon_meta'
[0.572s] Level 1:colcon.colcon_core.package_identification:_identify(esp32) by extensions ['ros']
[0.572s] Level 1:colcon.colcon_core.package_identification:_identify(esp32) by extension 'ros'
[0.573s] Level 1:colcon.colcon_core.package_identification:_identify(esp32) by extensions ['cmake', 'python']
[0.573s] Level 1:colcon.colcon_core.package_identification:_identify(esp32) by extension 'cmake'
[0.573s] Level 1:colcon.colcon_core.package_identification:_identify(esp32) by extension 'python'
[0.573s] Level 1:colcon.colcon_core.package_identification:_identify(esp32) by extensions ['python_setup_py']
[0.573s] Level 1:colcon.colcon_core.package_identification:_identify(esp32) by extension 'python_setup_py'
[0.573s] Level 1:colcon.colcon_core.package_identification:_identify(esp32/ros_arduino_bridge) by extensions ['ignore', 'ignore_ament_install']
[0.573s] Level 1:colcon.colcon_core.package_identification:_identify(esp32/ros_arduino_bridge) by extension 'ignore'
[0.573s] Level 1:colcon.colcon_core.package_identification:_identify(esp32/ros_arduino_bridge) by extension 'ignore_ament_install'
[0.573s] Level 1:colcon.colcon_core.package_identification:_identify(esp32/ros_arduino_bridge) by extensions ['colcon_pkg']
[0.573s] Level 1:colcon.colcon_core.package_identification:_identify(esp32/ros_arduino_bridge) by extension 'colcon_pkg'
[0.573s] Level 1:colcon.colcon_core.package_identification:_identify(esp32/ros_arduino_bridge) by extensions ['colcon_meta']
[0.573s] Level 1:colcon.colcon_core.package_identification:_identify(esp32/ros_arduino_bridge) by extension 'colcon_meta'
[0.573s] Level 1:colcon.colcon_core.package_identification:_identify(esp32/ros_arduino_bridge) by extensions ['ros']
[0.573s] Level 1:colcon.colcon_core.package_identification:_identify(esp32/ros_arduino_bridge) by extension 'ros'
[0.573s] Level 1:colcon.colcon_core.package_identification:_identify(esp32/ros_arduino_bridge) by extensions ['cmake', 'python']
[0.573s] Level 1:colcon.colcon_core.package_identification:_identify(esp32/ros_arduino_bridge) by extension 'cmake'
[0.574s] Level 1:colcon.colcon_core.package_identification:_identify(esp32/ros_arduino_bridge) by extension 'python'
[0.574s] Level 1:colcon.colcon_core.package_identification:_identify(esp32/ros_arduino_bridge) by extensions ['python_setup_py']
[0.574s] Level 1:colcon.colcon_core.package_identification:_identify(esp32/ros_arduino_bridge) by extension 'python_setup_py'
[0.574s] Level 1:colcon.colcon_core.package_identification:_identify(esp32/ros_arduino_bridge/ROSArduinoBridge) by extensions ['ignore', 'ignore_ament_install']
[0.574s] Level 1:colcon.colcon_core.package_identification:_identify(esp32/ros_arduino_bridge/ROSArduinoBridge) by extension 'ignore'
[0.574s] Level 1:colcon.colcon_core.package_identification:_identify(esp32/ros_arduino_bridge/ROSArduinoBridge) by extension 'ignore_ament_install'
[0.574s] Level 1:colcon.colcon_core.package_identification:_identify(esp32/ros_arduino_bridge/ROSArduinoBridge) by extensions ['colcon_pkg']
[0.574s] Level 1:colcon.colcon_core.package_identification:_identify(esp32/ros_arduino_bridge/ROSArduinoBridge) by extension 'colcon_pkg'
[0.574s] Level 1:colcon.colcon_core.package_identification:_identify(esp32/ros_arduino_bridge/ROSArduinoBridge) by extensions ['colcon_meta']
[0.574s] Level 1:colcon.colcon_core.package_identification:_identify(esp32/ros_arduino_bridge/ROSArduinoBridge) by extension 'colcon_meta'
[0.574s] Level 1:colcon.colcon_core.package_identification:_identify(esp32/ros_arduino_bridge/ROSArduinoBridge) by extensions ['ros']
[0.574s] Level 1:colcon.colcon_core.package_identification:_identify(esp32/ros_arduino_bridge/ROSArduinoBridge) by extension 'ros'
[0.574s] Level 1:colcon.colcon_core.package_identification:_identify(esp32/ros_arduino_bridge/ROSArduinoBridge) by extensions ['cmake', 'python']
[0.574s] Level 1:colcon.colcon_core.package_identification:_identify(esp32/ros_arduino_bridge/ROSArduinoBridge) by extension 'cmake'
[0.574s] Level 1:colcon.colcon_core.package_identification:_identify(esp32/ros_arduino_bridge/ROSArduinoBridge) by extension 'python'
[0.575s] Level 1:colcon.colcon_core.package_identification:_identify(esp32/ros_arduino_bridge/ROSArduinoBridge) by extensions ['python_setup_py']
[0.575s] Level 1:colcon.colcon_core.package_identification:_identify(esp32/ros_arduino_bridge/ROSArduinoBridge) by extension 'python_setup_py'
[0.575s] Level 1:colcon.colcon_core.package_identification:_identify(install) by extensions ['ignore', 'ignore_ament_install']
[0.575s] Level 1:colcon.colcon_core.package_identification:_identify(install) by extension 'ignore'
[0.575s] Level 1:colcon.colcon_core.package_identification:_identify(install) ignored
[0.575s] Level 1:colcon.colcon_core.package_identification:_identify(log) by extensions ['ignore', 'ignore_ament_install']
[0.575s] Level 1:colcon.colcon_core.package_identification:_identify(log) by extension 'ignore'
[0.575s] Level 1:colcon.colcon_core.package_identification:_identify(log) ignored
[0.575s] Level 1:colcon.colcon_core.package_identification:_identify(src) by extensions ['ignore', 'ignore_ament_install']
[0.575s] Level 1:colcon.colcon_core.package_identification:_identify(src) by extension 'ignore'
[0.575s] Level 1:colcon.colcon_core.package_identification:_identify(src) by extension 'ignore_ament_install'
[0.576s] Level 1:colcon.colcon_core.package_identification:_identify(src) by extensions ['colcon_pkg']
[0.576s] Level 1:colcon.colcon_core.package_identification:_identify(src) by extension 'colcon_pkg'
[0.576s] Level 1:colcon.colcon_core.package_identification:_identify(src) by extensions ['colcon_meta']
[0.576s] Level 1:colcon.colcon_core.package_identification:_identify(src) by extension 'colcon_meta'
[0.576s] Level 1:colcon.colcon_core.package_identification:_identify(src) by extensions ['ros']
[0.576s] Level 1:colcon.colcon_core.package_identification:_identify(src) by extension 'ros'
[0.576s] Level 1:colcon.colcon_core.package_identification:_identify(src) by extensions ['cmake', 'python']
[0.576s] Level 1:colcon.colcon_core.package_identification:_identify(src) by extension 'cmake'
[0.576s] Level 1:colcon.colcon_core.package_identification:_identify(src) by extension 'python'
[0.576s] Level 1:colcon.colcon_core.package_identification:_identify(src) by extensions ['python_setup_py']
[0.576s] Level 1:colcon.colcon_core.package_identification:_identify(src) by extension 'python_setup_py'
[0.576s] Level 1:colcon.colcon_core.package_identification:_identify(src/camera_ros) by extensions ['ignore', 'ignore_ament_install']
[0.576s] Level 1:colcon.colcon_core.package_identification:_identify(src/camera_ros) by extension 'ignore'
[0.576s] Level 1:colcon.colcon_core.package_identification:_identify(src/camera_ros) by extension 'ignore_ament_install'
[0.576s] Level 1:colcon.colcon_core.package_identification:_identify(src/camera_ros) by extensions ['colcon_pkg']
[0.576s] Level 1:colcon.colcon_core.package_identification:_identify(src/camera_ros) by extension 'colcon_pkg'
[0.576s] Level 1:colcon.colcon_core.package_identification:_identify(src/camera_ros) by extensions ['colcon_meta']
[0.577s] Level 1:colcon.colcon_core.package_identification:_identify(src/camera_ros) by extension 'colcon_meta'
[0.577s] Level 1:colcon.colcon_core.package_identification:_identify(src/camera_ros) by extensions ['ros']
[0.577s] Level 1:colcon.colcon_core.package_identification:_identify(src/camera_ros) by extension 'ros'
[0.582s] DEBUG:colcon.colcon_core.package_identification:Package 'src/camera_ros' with type 'ros.ament_cmake' and name 'camera_ros'
[0.583s] Level 1:colcon.colcon_core.package_identification:_identify(src/diffdrive_arduino) by extensions ['ignore', 'ignore_ament_install']
[0.583s] Level 1:colcon.colcon_core.package_identification:_identify(src/diffdrive_arduino) by extension 'ignore'
[0.583s] Level 1:colcon.colcon_core.package_identification:_identify(src/diffdrive_arduino) by extension 'ignore_ament_install'
[0.583s] Level 1:colcon.colcon_core.package_identification:_identify(src/diffdrive_arduino) by extensions ['colcon_pkg']
[0.583s] Level 1:colcon.colcon_core.package_identification:_identify(src/diffdrive_arduino) by extension 'colcon_pkg'
[0.583s] Level 1:colcon.colcon_core.package_identification:_identify(src/diffdrive_arduino) by extensions ['colcon_meta']
[0.583s] Level 1:colcon.colcon_core.package_identification:_identify(src/diffdrive_arduino) by extension 'colcon_meta'
[0.583s] Level 1:colcon.colcon_core.package_identification:_identify(src/diffdrive_arduino) by extensions ['ros']
[0.583s] Level 1:colcon.colcon_core.package_identification:_identify(src/diffdrive_arduino) by extension 'ros'
[0.584s] DEBUG:colcon.colcon_core.package_identification:Package 'src/diffdrive_arduino' with type 'ros.ament_cmake' and name 'diffdrive_arduino'
[0.584s] Level 1:colcon.colcon_core.package_identification:_identify(src/linebot) by extensions ['ignore', 'ignore_ament_install']
[0.585s] Level 1:colcon.colcon_core.package_identification:_identify(src/linebot) by extension 'ignore'
[0.585s] Level 1:colcon.colcon_core.package_identification:_identify(src/linebot) by extension 'ignore_ament_install'
[0.585s] Level 1:colcon.colcon_core.package_identification:_identify(src/linebot) by extensions ['colcon_pkg']
[0.585s] Level 1:colcon.colcon_core.package_identification:_identify(src/linebot) by extension 'colcon_pkg'
[0.585s] Level 1:colcon.colcon_core.package_identification:_identify(src/linebot) by extensions ['colcon_meta']
[0.585s] Level 1:colcon.colcon_core.package_identification:_identify(src/linebot) by extension 'colcon_meta'
[0.585s] Level 1:colcon.colcon_core.package_identification:_identify(src/linebot) by extensions ['ros']
[0.585s] Level 1:colcon.colcon_core.package_identification:_identify(src/linebot) by extension 'ros'
[0.586s] DEBUG:colcon.colcon_core.package_identification:Package 'src/linebot' with type 'ros.ament_cmake' and name 'linebot'
[0.586s] Level 1:colcon.colcon_core.package_identification:_identify(src/linefollower_cv) by extensions ['ignore', 'ignore_ament_install']
[0.586s] Level 1:colcon.colcon_core.package_identification:_identify(src/linefollower_cv) by extension 'ignore'
[0.586s] Level 1:colcon.colcon_core.package_identification:_identify(src/linefollower_cv) by extension 'ignore_ament_install'
[0.586s] Level 1:colcon.colcon_core.package_identification:_identify(src/linefollower_cv) by extensions ['colcon_pkg']
[0.586s] Level 1:colcon.colcon_core.package_identification:_identify(src/linefollower_cv) by extension 'colcon_pkg'
[0.586s] Level 1:colcon.colcon_core.package_identification:_identify(src/linefollower_cv) by extensions ['colcon_meta']
[0.586s] Level 1:colcon.colcon_core.package_identification:_identify(src/linefollower_cv) by extension 'colcon_meta'
[0.586s] Level 1:colcon.colcon_core.package_identification:_identify(src/linefollower_cv) by extensions ['ros']
[0.586s] Level 1:colcon.colcon_core.package_identification:_identify(src/linefollower_cv) by extension 'ros'
[0.587s] DEBUG:colcon.colcon_core.package_identification:Package 'src/linefollower_cv' with type 'ros.ament_python' and name 'linefollower_cv'
[0.587s] Level 1:colcon.colcon_core.package_identification:_identify(src/serial) by extensions ['ignore', 'ignore_ament_install']
[0.587s] Level 1:colcon.colcon_core.package_identification:_identify(src/serial) by extension 'ignore'
[0.587s] Level 1:colcon.colcon_core.package_identification:_identify(src/serial) by extension 'ignore_ament_install'
[0.588s] Level 1:colcon.colcon_core.package_identification:_identify(src/serial) by extensions ['colcon_pkg']
[0.588s] Level 1:colcon.colcon_core.package_identification:_identify(src/serial) by extension 'colcon_pkg'
[0.588s] Level 1:colcon.colcon_core.package_identification:_identify(src/serial) by extensions ['colcon_meta']
[0.588s] Level 1:colcon.colcon_core.package_identification:_identify(src/serial) by extension 'colcon_meta'
[0.588s] Level 1:colcon.colcon_core.package_identification:_identify(src/serial) by extensions ['ros']
[0.588s] Level 1:colcon.colcon_core.package_identification:_identify(src/serial) by extension 'ros'
[0.588s] DEBUG:colcon.colcon_core.package_identification:Package 'src/serial' with type 'ros.ament_cmake' and name 'serial'
[0.588s] Level 1:colcon.colcon_core.package_identification:_identify(src/sllidar_ros2) by extensions ['ignore', 'ignore_ament_install']
[0.589s] Level 1:colcon.colcon_core.package_identification:_identify(src/sllidar_ros2) by extension 'ignore'
[0.589s] Level 1:colcon.colcon_core.package_identification:_identify(src/sllidar_ros2) by extension 'ignore_ament_install'
[0.589s] Level 1:colcon.colcon_core.package_identification:_identify(src/sllidar_ros2) by extensions ['colcon_pkg']
[0.589s] Level 1:colcon.colcon_core.package_identification:_identify(src/sllidar_ros2) by extension 'colcon_pkg'
[0.589s] Level 1:colcon.colcon_core.package_identification:_identify(src/sllidar_ros2) by extensions ['colcon_meta']
[0.589s] Level 1:colcon.colcon_core.package_identification:_identify(src/sllidar_ros2) by extension 'colcon_meta'
[0.589s] Level 1:colcon.colcon_core.package_identification:_identify(src/sllidar_ros2) by extensions ['ros']
[0.589s] Level 1:colcon.colcon_core.package_identification:_identify(src/sllidar_ros2) by extension 'ros'
[0.589s] DEBUG:colcon.colcon_core.package_identification:Package 'src/sllidar_ros2' with type 'ros.ament_cmake' and name 'sllidar_ros2'
[0.590s] Level 1:colcon.colcon_core.package_identification:_identify(src/twist_stamper) by extensions ['ignore', 'ignore_ament_install']
[0.590s] Level 1:colcon.colcon_core.package_identification:_identify(src/twist_stamper) by extension 'ignore'
[0.590s] Level 1:colcon.colcon_core.package_identification:_identify(src/twist_stamper) by extension 'ignore_ament_install'
[0.590s] Level 1:colcon.colcon_core.package_identification:_identify(src/twist_stamper) by extensions ['colcon_pkg']
[0.590s] Level 1:colcon.colcon_core.package_identification:_identify(src/twist_stamper) by extension 'colcon_pkg'
[0.590s] Level 1:colcon.colcon_core.package_identification:_identify(src/twist_stamper) by extensions ['colcon_meta']
[0.590s] Level 1:colcon.colcon_core.package_identification:_identify(src/twist_stamper) by extension 'colcon_meta'
[0.590s] Level 1:colcon.colcon_core.package_identification:_identify(src/twist_stamper) by extensions ['ros']
[0.590s] Level 1:colcon.colcon_core.package_identification:_identify(src/twist_stamper) by extension 'ros'
[0.591s] DEBUG:colcon.colcon_core.package_identification:Package 'src/twist_stamper' with type 'ros.ament_python' and name 'twist_stamper'
[0.591s] Level 1:colcon.colcon_core.package_discovery:discover_packages(recursive) using defaults
[0.591s] Level 1:colcon.colcon_core.package_discovery:discover_packages(ignore) discover
[0.591s] Level 1:colcon.colcon_core.package_discovery:discover_packages(ignore) using defaults
[0.591s] Level 1:colcon.colcon_core.package_discovery:discover_packages(path) discover
[0.591s] Level 1:colcon.colcon_core.package_discovery:discover_packages(path) using defaults
[0.618s] Level 1:colcon.colcon_core.package_discovery:discover_packages(prefix_path) check parameters
[0.618s] Level 1:colcon.colcon_core.package_discovery:discover_packages(prefix_path) discover
[0.629s] DEBUG:colcon.colcon_installed_package_information.package_discovery:Found 424 installed packages in /opt/ros/jazzy
[0.631s] Level 1:colcon.colcon_core.package_discovery:discover_packages(prefix_path) using defaults
[0.710s] Level 5:colcon.colcon_core.verb:set package 'camera_ros' build argument 'cmake_args' from command line to 'None'
[0.710s] Level 5:colcon.colcon_core.verb:set package 'camera_ros' build argument 'cmake_target' from command line to 'None'
[0.710s] Level 5:colcon.colcon_core.verb:set package 'camera_ros' build argument 'cmake_target_skip_unavailable' from command line to 'False'
[0.710s] Level 5:colcon.colcon_core.verb:set package 'camera_ros' build argument 'cmake_clean_cache' from command line to 'False'
[0.710s] Level 5:colcon.colcon_core.verb:set package 'camera_ros' build argument 'cmake_clean_first' from command line to 'False'
[0.710s] Level 5:colcon.colcon_core.verb:set package 'camera_ros' build argument 'cmake_force_configure' from command line to 'False'
[0.710s] Level 5:colcon.colcon_core.verb:set package 'camera_ros' build argument 'ament_cmake_args' from command line to 'None'
[0.710s] Level 5:colcon.colcon_core.verb:set package 'camera_ros' build argument 'catkin_cmake_args' from command line to 'None'
[0.710s] Level 5:colcon.colcon_core.verb:set package 'camera_ros' build argument 'catkin_skip_building_tests' from command line to 'False'
[0.710s] DEBUG:colcon.colcon_core.verb:Building package 'camera_ros' with the following arguments: {'ament_cmake_args': None, 'build_base': '/home/mg/linebot_ws/build/camera_ros', 'catkin_cmake_args': None, 'catkin_skip_building_tests': False, 'cmake_args': None, 'cmake_clean_cache': False, 'cmake_clean_first': False, 'cmake_force_configure': False, 'cmake_target': None, 'cmake_target_skip_unavailable': False, 'install_base': '/home/mg/linebot_ws/install/camera_ros', 'merge_install': False, 'path': '/home/mg/linebot_ws/src/camera_ros', 'symlink_install': True, 'test_result_base': None}
[0.711s] Level 5:colcon.colcon_core.verb:set package 'diffdrive_arduino' build argument 'cmake_args' from command line to 'None'
[0.711s] Level 5:colcon.colcon_core.verb:set package 'diffdrive_arduino' build argument 'cmake_target' from command line to 'None'
[0.711s] Level 5:colcon.colcon_core.verb:set package 'diffdrive_arduino' build argument 'cmake_target_skip_unavailable' from command line to 'False'
[0.711s] Level 5:colcon.colcon_core.verb:set package 'diffdrive_arduino' build argument 'cmake_clean_cache' from command line to 'False'
[0.711s] Level 5:colcon.colcon_core.verb:set package 'diffdrive_arduino' build argument 'cmake_clean_first' from command line to 'False'
[0.711s] Level 5:colcon.colcon_core.verb:set package 'diffdrive_arduino' build argument 'cmake_force_configure' from command line to 'False'
[0.711s] Level 5:colcon.colcon_core.verb:set package 'diffdrive_arduino' build argument 'ament_cmake_args' from command line to 'None'
[0.711s] Level 5:colcon.colcon_core.verb:set package 'diffdrive_arduino' build argument 'catkin_cmake_args' from command line to 'None'
[0.711s] Level 5:colcon.colcon_core.verb:set package 'diffdrive_arduino' build argument 'catkin_skip_building_tests' from command line to 'False'
[0.711s] DEBUG:colcon.colcon_core.verb:Building package 'diffdrive_arduino' with the following arguments: {'ament_cmake_args': None, 'build_base': '/home/mg/linebot_ws/build/diffdrive_arduino', 'catkin_cmake_args': None, 'catkin_skip_building_tests': False, 'cmake_args': None, 'cmake_clean_cache': False, 'cmake_clean_first': False, 'cmake_force_configure': False, 'cmake_target': None, 'cmake_target_skip_unavailable': False, 'install_base': '/home/mg/linebot_ws/install/diffdrive_arduino', 'merge_install': False, 'path': '/home/mg/linebot_ws/src/diffdrive_arduino', 'symlink_install': True, 'test_result_base': None}
[0.711s] Level 5:colcon.colcon_core.verb:set package 'linebot' build argument 'cmake_args' from command line to 'None'
[0.711s] Level 5:colcon.colcon_core.verb:set package 'linebot' build argument 'cmake_target' from command line to 'None'
[0.711s] Level 5:colcon.colcon_core.verb:set package 'linebot' build argument 'cmake_target_skip_unavailable' from command line to 'False'
[0.711s] Level 5:colcon.colcon_core.verb:set package 'linebot' build argument 'cmake_clean_cache' from command line to 'False'
[0.711s] Level 5:colcon.colcon_core.verb:set package 'linebot' build argument 'cmake_clean_first' from command line to 'False'
[0.712s] Level 5:colcon.colcon_core.verb:set package 'linebot' build argument 'cmake_force_configure' from command line to 'False'
[0.712s] Level 5:colcon.colcon_core.verb:set package 'linebot' build argument 'ament_cmake_args' from command line to 'None'
[0.712s] Level 5:colcon.colcon_core.verb:set package 'linebot' build argument 'catkin_cmake_args' from command line to 'None'
[0.712s] Level 5:colcon.colcon_core.verb:set package 'linebot' build argument 'catkin_skip_building_tests' from command line to 'False'
[0.712s] DEBUG:colcon.colcon_core.verb:Building package 'linebot' with the following arguments: {'ament_cmake_args': None, 'build_base': '/home/mg/linebot_ws/build/linebot', 'catkin_cmake_args': None, 'catkin_skip_building_tests': False, 'cmake_args': None, 'cmake_clean_cache': False, 'cmake_clean_first': False, 'cmake_force_configure': False, 'cmake_target': None, 'cmake_target_skip_unavailable': False, 'install_base': '/home/mg/linebot_ws/install/linebot', 'merge_install': False, 'path': '/home/mg/linebot_ws/src/linebot', 'symlink_install': True, 'test_result_base': None}
[0.712s] Level 5:colcon.colcon_core.verb:set package 'linefollower_cv' build argument 'cmake_args' from command line to 'None'
[0.712s] Level 5:colcon.colcon_core.verb:set package 'linefollower_cv' build argument 'cmake_target' from command line to 'None'
[0.712s] Level 5:colcon.colcon_core.verb:set package 'linefollower_cv' build argument 'cmake_target_skip_unavailable' from command line to 'False'
[0.712s] Level 5:colcon.colcon_core.verb:set package 'linefollower_cv' build argument 'cmake_clean_cache' from command line to 'False'
[0.712s] Level 5:colcon.colcon_core.verb:set package 'linefollower_cv' build argument 'cmake_clean_first' from command line to 'False'
[0.712s] Level 5:colcon.colcon_core.verb:set package 'linefollower_cv' build argument 'cmake_force_configure' from command line to 'False'
[0.712s] Level 5:colcon.colcon_core.verb:set package 'linefollower_cv' build argument 'ament_cmake_args' from command line to 'None'
[0.712s] Level 5:colcon.colcon_core.verb:set package 'linefollower_cv' build argument 'catkin_cmake_args' from command line to 'None'
[0.712s] Level 5:colcon.colcon_core.verb:set package 'linefollower_cv' build argument 'catkin_skip_building_tests' from command line to 'False'
[0.712s] DEBUG:colcon.colcon_core.verb:Building package 'linefollower_cv' with the following arguments: {'ament_cmake_args': None, 'build_base': '/home/mg/linebot_ws/build/linefollower_cv', 'catkin_cmake_args': None, 'catkin_skip_building_tests': False, 'cmake_args': None, 'cmake_clean_cache': False, 'cmake_clean_first': False, 'cmake_force_configure': False, 'cmake_target': None, 'cmake_target_skip_unavailable': False, 'install_base': '/home/mg/linebot_ws/install/linefollower_cv', 'merge_install': False, 'path': '/home/mg/linebot_ws/src/linefollower_cv', 'symlink_install': True, 'test_result_base': None}
[0.712s] Level 5:colcon.colcon_core.verb:set package 'serial' build argument 'cmake_args' from command line to 'None'
[0.712s] Level 5:colcon.colcon_core.verb:set package 'serial' build argument 'cmake_target' from command line to 'None'
[0.712s] Level 5:colcon.colcon_core.verb:set package 'serial' build argument 'cmake_target_skip_unavailable' from command line to 'False'
[0.712s] Level 5:colcon.colcon_core.verb:set package 'serial' build argument 'cmake_clean_cache' from command line to 'False'
[0.713s] Level 5:colcon.colcon_core.verb:set package 'serial' build argument 'cmake_clean_first' from command line to 'False'
[0.713s] Level 5:colcon.colcon_core.verb:set package 'serial' build argument 'cmake_force_configure' from command line to 'False'
[0.713s] Level 5:colcon.colcon_core.verb:set package 'serial' build argument 'ament_cmake_args' from command line to 'None'
[0.713s] Level 5:colcon.colcon_core.verb:set package 'serial' build argument 'catkin_cmake_args' from command line to 'None'
[0.713s] Level 5:colcon.colcon_core.verb:set package 'serial' build argument 'catkin_skip_building_tests' from command line to 'False'
[0.713s] DEBUG:colcon.colcon_core.verb:Building package 'serial' with the following arguments: {'ament_cmake_args': None, 'build_base': '/home/mg/linebot_ws/build/serial', 'catkin_cmake_args': None, 'catkin_skip_building_tests': False, 'cmake_args': None, 'cmake_clean_cache': False, 'cmake_clean_first': False, 'cmake_force_configure': False, 'cmake_target': None, 'cmake_target_skip_unavailable': False, 'install_base': '/home/mg/linebot_ws/install/serial', 'merge_install': False, 'path': '/home/mg/linebot_ws/src/serial', 'symlink_install': True, 'test_result_base': None}
[0.713s] Level 5:colcon.colcon_core.verb:set package 'sllidar_ros2' build argument 'cmake_args' from command line to 'None'
[0.713s] Level 5:colcon.colcon_core.verb:set package 'sllidar_ros2' build argument 'cmake_target' from command line to 'None'
[0.713s] Level 5:colcon.colcon_core.verb:set package 'sllidar_ros2' build argument 'cmake_target_skip_unavailable' from command line to 'False'
[0.713s] Level 5:colcon.colcon_core.verb:set package 'sllidar_ros2' build argument 'cmake_clean_cache' from command line to 'False'
[0.713s] Level 5:colcon.colcon_core.verb:set package 'sllidar_ros2' build argument 'cmake_clean_first' from command line to 'False'
[0.713s] Level 5:colcon.colcon_core.verb:set package 'sllidar_ros2' build argument 'cmake_force_configure' from command line to 'False'
[0.713s] Level 5:colcon.colcon_core.verb:set package 'sllidar_ros2' build argument 'ament_cmake_args' from command line to 'None'
[0.713s] Level 5:colcon.colcon_core.verb:set package 'sllidar_ros2' build argument 'catkin_cmake_args' from command line to 'None'
[0.713s] Level 5:colcon.colcon_core.verb:set package 'sllidar_ros2' build argument 'catkin_skip_building_tests' from command line to 'False'
[0.713s] DEBUG:colcon.colcon_core.verb:Building package 'sllidar_ros2' with the following arguments: {'ament_cmake_args': None, 'build_base': '/home/mg/linebot_ws/build/sllidar_ros2', 'catkin_cmake_args': None, 'catkin_skip_building_tests': False, 'cmake_args': None, 'cmake_clean_cache': False, 'cmake_clean_first': False, 'cmake_force_configure': False, 'cmake_target': None, 'cmake_target_skip_unavailable': False, 'install_base': '/home/mg/linebot_ws/install/sllidar_ros2', 'merge_install': False, 'path': '/home/mg/linebot_ws/src/sllidar_ros2', 'symlink_install': True, 'test_result_base': None}
[0.713s] Level 5:colcon.colcon_core.verb:set package 'twist_stamper' build argument 'cmake_args' from command line to 'None'
[0.713s] Level 5:colcon.colcon_core.verb:set package 'twist_stamper' build argument 'cmake_target' from command line to 'None'
[0.713s] Level 5:colcon.colcon_core.verb:set package 'twist_stamper' build argument 'cmake_target_skip_unavailable' from command line to 'False'
[0.714s] Level 5:colcon.colcon_core.verb:set package 'twist_stamper' build argument 'cmake_clean_cache' from command line to 'False'
[0.714s] Level 5:colcon.colcon_core.verb:set package 'twist_stamper' build argument 'cmake_clean_first' from command line to 'False'
[0.714s] Level 5:colcon.colcon_core.verb:set package 'twist_stamper' build argument 'cmake_force_configure' from command line to 'False'
[0.714s] Level 5:colcon.colcon_core.verb:set package 'twist_stamper' build argument 'ament_cmake_args' from command line to 'None'
[0.714s] Level 5:colcon.colcon_core.verb:set package 'twist_stamper' build argument 'catkin_cmake_args' from command line to 'None'
[0.714s] Level 5:colcon.colcon_core.verb:set package 'twist_stamper' build argument 'catkin_skip_building_tests' from command line to 'False'
[0.714s] DEBUG:colcon.colcon_core.verb:Building package 'twist_stamper' with the following arguments: {'ament_cmake_args': None, 'build_base': '/home/mg/linebot_ws/build/twist_stamper', 'catkin_cmake_args': None, 'catkin_skip_building_tests': False, 'cmake_args': None, 'cmake_clean_cache': False, 'cmake_clean_first': False, 'cmake_force_configure': False, 'cmake_target': None, 'cmake_target_skip_unavailable': False, 'install_base': '/home/mg/linebot_ws/install/twist_stamper', 'merge_install': False, 'path': '/home/mg/linebot_ws/src/twist_stamper', 'symlink_install': True, 'test_result_base': None}
[0.714s] INFO:colcon.colcon_core.executor:Executing jobs using 'parallel' executor
[0.716s] DEBUG:colcon.colcon_parallel_executor.executor.parallel:run_until_complete
[0.716s] INFO:colcon.colcon_ros.task.ament_cmake.build:Building ROS package in '/home/mg/linebot_ws/src/camera_ros' with build type 'ament_cmake'
[0.717s] INFO:colcon.colcon_cmake.task.cmake.build:Building CMake package in '/home/mg/linebot_ws/src/camera_ros'
[0.724s] INFO:colcon.colcon_core.plugin_system:Skipping extension 'colcon_core.shell.bat': Not used on non-Windows systems
[0.724s] INFO:colcon.colcon_core.shell:Skip shell extension 'powershell' for command environment: Not usable outside of PowerShell
[0.724s] DEBUG:colcon.colcon_core.shell:Skip shell extension 'dsv' for command environment
[0.731s] INFO:colcon.colcon_ros.task.ament_cmake.build:Building ROS package in '/home/mg/linebot_ws/src/diffdrive_arduino' with build type 'ament_cmake'
[0.731s] INFO:colcon.colcon_cmake.task.cmake.build:Building CMake package in '/home/mg/linebot_ws/src/diffdrive_arduino'
[0.732s] INFO:colcon.colcon_core.shell:Skip shell extension 'powershell' for command environment: Not usable outside of PowerShell
[0.732s] DEBUG:colcon.colcon_core.shell:Skip shell extension 'dsv' for command environment
[0.738s] INFO:colcon.colcon_ros.task.ament_cmake.build:Building ROS package in '/home/mg/linebot_ws/src/linebot' with build type 'ament_cmake'
[0.738s] INFO:colcon.colcon_cmake.task.cmake.build:Building CMake package in '/home/mg/linebot_ws/src/linebot'
[0.739s] INFO:colcon.colcon_core.shell:Skip shell extension 'powershell' for command environment: Not usable outside of PowerShell
[0.739s] DEBUG:colcon.colcon_core.shell:Skip shell extension 'dsv' for command environment
[0.746s] INFO:colcon.colcon_ros.task.ament_python.build:Building ROS package in '/home/mg/linebot_ws/src/linefollower_cv' with build type 'ament_python'
[0.746s] Level 1:colcon.colcon_core.shell:create_environment_hook('linefollower_cv', 'ament_prefix_path')
[0.747s] INFO:colcon.colcon_core.shell:Creating environment hook '/home/mg/linebot_ws/install/linefollower_cv/share/linefollower_cv/hook/ament_prefix_path.ps1'
[0.751s] INFO:colcon.colcon_core.shell:Creating environment descriptor '/home/mg/linebot_ws/install/linefollower_cv/share/linefollower_cv/hook/ament_prefix_path.dsv'
[0.752s] INFO:colcon.colcon_core.shell:Creating environment hook '/home/mg/linebot_ws/install/linefollower_cv/share/linefollower_cv/hook/ament_prefix_path.sh'
[0.753s] INFO:colcon.colcon_core.shell:Skip shell extension 'powershell' for command environment: Not usable outside of PowerShell
[0.754s] DEBUG:colcon.colcon_core.shell:Skip shell extension 'dsv' for command environment
[0.759s] INFO:colcon.colcon_ros.task.ament_cmake.build:Building ROS package in '/home/mg/linebot_ws/src/serial' with build type 'ament_cmake'
[0.760s] INFO:colcon.colcon_cmake.task.cmake.build:Building CMake package in '/home/mg/linebot_ws/src/serial'
[0.760s] INFO:colcon.colcon_core.shell:Skip shell extension 'powershell' for command environment: Not usable outside of PowerShell
[0.760s] DEBUG:colcon.colcon_core.shell:Skip shell extension 'dsv' for command environment
[0.767s] INFO:colcon.colcon_ros.task.ament_cmake.build:Building ROS package in '/home/mg/linebot_ws/src/sllidar_ros2' with build type 'ament_cmake'
[0.768s] INFO:colcon.colcon_cmake.task.cmake.build:Building CMake package in '/home/mg/linebot_ws/src/sllidar_ros2'
[0.769s] INFO:colcon.colcon_core.shell:Skip shell extension 'powershell' for command environment: Not usable outside of PowerShell
[0.769s] DEBUG:colcon.colcon_core.shell:Skip shell extension 'dsv' for command environment
[0.777s] INFO:colcon.colcon_ros.task.ament_python.build:Building ROS package in '/home/mg/linebot_ws/src/twist_stamper' with build type 'ament_python'
[0.777s] Level 1:colcon.colcon_core.shell:create_environment_hook('twist_stamper', 'ament_prefix_path')
[0.778s] INFO:colcon.colcon_core.shell:Creating environment hook '/home/mg/linebot_ws/install/twist_stamper/share/twist_stamper/hook/ament_prefix_path.ps1'
[0.782s] INFO:colcon.colcon_core.shell:Creating environment descriptor '/home/mg/linebot_ws/install/twist_stamper/share/twist_stamper/hook/ament_prefix_path.dsv'
[0.782s] INFO:colcon.colcon_core.shell:Creating environment hook '/home/mg/linebot_ws/install/twist_stamper/share/twist_stamper/hook/ament_prefix_path.sh'
[0.783s] INFO:colcon.colcon_core.shell:Skip shell extension 'powershell' for command environment: Not usable outside of PowerShell
[0.783s] DEBUG:colcon.colcon_core.shell:Skip shell extension 'dsv' for command environment
[0.801s] DEBUG:colcon.colcon_core.event_handler.log_command:Invoking command in '/home/mg/linebot_ws/build/camera_ros': CMAKE_PREFIX_PATH=${CMAKE_PREFIX_PATH}:/opt/ros/jazzy /usr/bin/cmake /home/mg/linebot_ws/src/camera_ros -DAMENT_CMAKE_SYMLINK_INSTALL=1 -DCMAKE_INSTALL_PREFIX=/home/mg/linebot_ws/install/camera_ros
[0.816s] DEBUG:colcon.colcon_core.event_handler.log_command:Invoking command in '/home/mg/linebot_ws/build/diffdrive_arduino': CMAKE_PREFIX_PATH=${CMAKE_PREFIX_PATH}:/opt/ros/jazzy /usr/bin/cmake /home/mg/linebot_ws/src/diffdrive_arduino -DAMENT_CMAKE_SYMLINK_INSTALL=1 -DCMAKE_INSTALL_PREFIX=/home/mg/linebot_ws/install/diffdrive_arduino
[0.822s] DEBUG:colcon.colcon_core.event_handler.log_command:Invoking command in '/home/mg/linebot_ws/build/linebot': CMAKE_PREFIX_PATH=${CMAKE_PREFIX_PATH}:/opt/ros/jazzy /usr/bin/cmake /home/mg/linebot_ws/src/linebot -DAMENT_CMAKE_SYMLINK_INSTALL=1 -DCMAKE_INSTALL_PREFIX=/home/mg/linebot_ws/install/linebot
[1.198s] INFO:colcon.colcon_core.task.python.build:Building Python package in '/home/mg/linebot_ws/src/linefollower_cv'
[1.198s] INFO:colcon.colcon_core.shell:Skip shell extension 'powershell' for command environment: Not usable outside of PowerShell
[1.198s] DEBUG:colcon.colcon_core.shell:Skip shell extension 'dsv' for command environment
[1.209s] DEBUG:colcon.colcon_core.event_handler.log_command:Invoking command in '/home/mg/linebot_ws/build/serial': CMAKE_PREFIX_PATH=${CMAKE_PREFIX_PATH}:/opt/ros/jazzy /usr/bin/cmake /home/mg/linebot_ws/src/serial -DAMENT_CMAKE_SYMLINK_INSTALL=1 -DCMAKE_INSTALL_PREFIX=/home/mg/linebot_ws/install/serial
[1.216s] DEBUG:colcon.colcon_core.event_handler.log_command:Invoking command in '/home/mg/linebot_ws/build/sllidar_ros2': CMAKE_PREFIX_PATH=${CMAKE_PREFIX_PATH}:/opt/ros/jazzy /usr/bin/cmake /home/mg/linebot_ws/src/sllidar_ros2 -DAMENT_CMAKE_SYMLINK_INSTALL=1 -DCMAKE_INSTALL_PREFIX=/home/mg/linebot_ws/install/sllidar_ros2
[1.590s] INFO:colcon.colcon_core.task.python.build:Building Python package in '/home/mg/linebot_ws/src/twist_stamper'
[1.591s] INFO:colcon.colcon_core.shell:Skip shell extension 'powershell' for command environment: Not usable outside of PowerShell
[1.591s] DEBUG:colcon.colcon_core.shell:Skip shell extension 'dsv' for command environment
[3.142s] DEBUG:colcon.colcon_core.event_handler.log_command:Invoking command in '/home/mg/linebot_ws/build/linefollower_cv': PYTHONPATH=/home/mg/linebot_ws/build/linefollower_cv/prefix_override:/usr/lib/python3/dist-packages/colcon_core/task/python/colcon_distutils_commands:/home/mg/linebot_ws/install/linefollower_cv/lib/python3.12/site-packages:${PYTHONPATH} /usr/bin/python3 -W ignore:setup.py install is deprecated -W ignore:easy_install command is deprecated setup.py develop --editable --build-directory /home/mg/linebot_ws/build/linefollower_cv/build --no-deps symlink_data
[3.146s] DEBUG:colcon.colcon_core.event_handler.log_command:Invoking command in '/home/mg/linebot_ws/build/twist_stamper': PYTHONPATH=/home/mg/linebot_ws/build/twist_stamper/prefix_override:/usr/lib/python3/dist-packages/colcon_core/task/python/colcon_distutils_commands:/home/mg/linebot_ws/install/twist_stamper/lib/python3.12/site-packages:${PYTHONPATH} /usr/bin/python3 -W ignore:setup.py install is deprecated -W ignore:easy_install command is deprecated setup.py develop --editable --build-directory /home/mg/linebot_ws/build/twist_stamper/build --no-deps symlink_data
[4.400s] Level 1:colcon.colcon_core.shell:create_environment_hook('linefollower_cv', 'pythonpath_develop')
[4.400s] INFO:colcon.colcon_core.shell:Creating environment hook '/home/mg/linebot_ws/build/linefollower_cv/share/linefollower_cv/hook/pythonpath_develop.ps1'
[4.401s] DEBUG:colcon.colcon_core.event_handler.log_command:Invoked command in '/home/mg/linebot_ws/build/linefollower_cv' returned '0': PYTHONPATH=/home/mg/linebot_ws/build/linefollower_cv/prefix_override:/usr/lib/python3/dist-packages/colcon_core/task/python/colcon_distutils_commands:/home/mg/linebot_ws/install/linefollower_cv/lib/python3.12/site-packages:${PYTHONPATH} /usr/bin/python3 -W ignore:setup.py install is deprecated -W ignore:easy_install command is deprecated setup.py develop --editable --build-directory /home/mg/linebot_ws/build/linefollower_cv/build --no-deps symlink_data
[4.404s] INFO:colcon.colcon_core.shell:Creating environment descriptor '/home/mg/linebot_ws/build/linefollower_cv/share/linefollower_cv/hook/pythonpath_develop.dsv'
[4.404s] INFO:colcon.colcon_core.shell:Creating environment hook '/home/mg/linebot_ws/build/linefollower_cv/share/linefollower_cv/hook/pythonpath_develop.sh'
[4.413s] Level 1:colcon.colcon_core.environment:checking '/home/mg/linebot_ws/install/linefollower_cv' for CMake module files
[4.414s] Level 1:colcon.colcon_core.environment:checking '/home/mg/linebot_ws/install/linefollower_cv' for CMake config files
[4.415s] Level 1:colcon.colcon_core.environment:checking '/home/mg/linebot_ws/install/linefollower_cv/lib'
[4.415s] Level 1:colcon.colcon_core.environment:checking '/home/mg/linebot_ws/install/linefollower_cv/bin'
[4.415s] Level 1:colcon.colcon_core.environment:checking '/home/mg/linebot_ws/install/linefollower_cv/lib/pkgconfig/linefollower_cv.pc'
[4.416s] Level 1:colcon.colcon_core.environment:checking '/home/mg/linebot_ws/install/linefollower_cv/lib/python3.12/site-packages'
[4.416s] Level 1:colcon.colcon_core.shell:create_environment_hook('linefollower_cv', 'pythonpath')
[4.416s] INFO:colcon.colcon_core.shell:Creating environment hook '/home/mg/linebot_ws/install/linefollower_cv/share/linefollower_cv/hook/pythonpath.ps1'
[4.417s] INFO:colcon.colcon_core.shell:Creating environment descriptor '/home/mg/linebot_ws/install/linefollower_cv/share/linefollower_cv/hook/pythonpath.dsv'
[4.417s] INFO:colcon.colcon_core.shell:Creating environment hook '/home/mg/linebot_ws/install/linefollower_cv/share/linefollower_cv/hook/pythonpath.sh'
[4.418s] Level 1:colcon.colcon_core.environment:checking '/home/mg/linebot_ws/install/linefollower_cv/bin'
[4.419s] Level 1:colcon.colcon_core.environment:create_environment_scripts_only(linefollower_cv)
[4.419s] INFO:colcon.colcon_core.shell:Creating package script '/home/mg/linebot_ws/install/linefollower_cv/share/linefollower_cv/package.ps1'
[4.420s] INFO:colcon.colcon_core.shell:Creating package descriptor '/home/mg/linebot_ws/install/linefollower_cv/share/linefollower_cv/package.dsv'
[4.421s] INFO:colcon.colcon_core.shell:Creating package script '/home/mg/linebot_ws/install/linefollower_cv/share/linefollower_cv/package.sh'
[4.422s] INFO:colcon.colcon_core.shell:Creating package script '/home/mg/linebot_ws/install/linefollower_cv/share/linefollower_cv/package.bash'
[4.423s] INFO:colcon.colcon_core.shell:Creating package script '/home/mg/linebot_ws/install/linefollower_cv/share/linefollower_cv/package.zsh'
[4.425s] Level 1:colcon.colcon_core.environment:create_file_with_runtime_dependencies(/home/mg/linebot_ws/install/linefollower_cv/share/colcon-core/packages/linefollower_cv)
[4.428s] Level 1:colcon.colcon_core.shell:create_environment_hook('twist_stamper', 'pythonpath_develop')
[4.429s] INFO:colcon.colcon_core.shell:Creating environment hook '/home/mg/linebot_ws/build/twist_stamper/share/twist_stamper/hook/pythonpath_develop.ps1'
[4.429s] DEBUG:colcon.colcon_core.event_handler.log_command:Invoked command in '/home/mg/linebot_ws/build/twist_stamper' returned '0': PYTHONPATH=/home/mg/linebot_ws/build/twist_stamper/prefix_override:/usr/lib/python3/dist-packages/colcon_core/task/python/colcon_distutils_commands:/home/mg/linebot_ws/install/twist_stamper/lib/python3.12/site-packages:${PYTHONPATH} /usr/bin/python3 -W ignore:setup.py install is deprecated -W ignore:easy_install command is deprecated setup.py develop --editable --build-directory /home/mg/linebot_ws/build/twist_stamper/build --no-deps symlink_data
[4.432s] INFO:colcon.colcon_core.shell:Creating environment descriptor '/home/mg/linebot_ws/build/twist_stamper/share/twist_stamper/hook/pythonpath_develop.dsv'
[4.433s] INFO:colcon.colcon_core.shell:Creating environment hook '/home/mg/linebot_ws/build/twist_stamper/share/twist_stamper/hook/pythonpath_develop.sh'
[4.434s] Level 1:colcon.colcon_core.environment:checking '/home/mg/linebot_ws/install/twist_stamper' for CMake module files
[4.434s] Level 1:colcon.colcon_core.environment:checking '/home/mg/linebot_ws/install/twist_stamper' for CMake config files
[4.435s] Level 1:colcon.colcon_core.environment:checking '/home/mg/linebot_ws/install/twist_stamper/lib'
[4.435s] Level 1:colcon.colcon_core.environment:checking '/home/mg/linebot_ws/install/twist_stamper/bin'
[4.435s] Level 1:colcon.colcon_core.environment:checking '/home/mg/linebot_ws/install/twist_stamper/lib/pkgconfig/twist_stamper.pc'
[4.436s] Level 1:colcon.colcon_core.environment:checking '/home/mg/linebot_ws/install/twist_stamper/lib/python3.12/site-packages'
[4.436s] Level 1:colcon.colcon_core.shell:create_environment_hook('twist_stamper', 'pythonpath')
[4.436s] INFO:colcon.colcon_core.shell:Creating environment hook '/home/mg/linebot_ws/install/twist_stamper/share/twist_stamper/hook/pythonpath.ps1'
[4.437s] INFO:colcon.colcon_core.shell:Creating environment descriptor '/home/mg/linebot_ws/install/twist_stamper/share/twist_stamper/hook/pythonpath.dsv'
[4.437s] INFO:colcon.colcon_core.shell:Creating environment hook '/home/mg/linebot_ws/install/twist_stamper/share/twist_stamper/hook/pythonpath.sh'
[4.438s] Level 1:colcon.colcon_core.environment:checking '/home/mg/linebot_ws/install/twist_stamper/bin'
[4.438s] Level 1:colcon.colcon_core.environment:create_environment_scripts_only(twist_stamper)
[4.439s] INFO:colcon.colcon_core.shell:Creating package script '/home/mg/linebot_ws/install/twist_stamper/share/twist_stamper/package.ps1'
[4.440s] INFO:colcon.colcon_core.shell:Creating package descriptor '/home/mg/linebot_ws/install/twist_stamper/share/twist_stamper/package.dsv'
[4.440s] INFO:colcon.colcon_core.shell:Creating package script '/home/mg/linebot_ws/install/twist_stamper/share/twist_stamper/package.sh'
[4.441s] INFO:colcon.colcon_core.shell:Creating package script '/home/mg/linebot_ws/install/twist_stamper/share/twist_stamper/package.bash'
[4.442s] INFO:colcon.colcon_core.shell:Creating package script '/home/mg/linebot_ws/install/twist_stamper/share/twist_stamper/package.zsh'
[4.442s] Level 1:colcon.colcon_core.environment:create_file_with_runtime_dependencies(/home/mg/linebot_ws/install/twist_stamper/share/colcon-core/packages/twist_stamper)
[8.966s] DEBUG:colcon.colcon_core.event_handler.log_command:Invoked command in '/home/mg/linebot_ws/build/diffdrive_arduino' returned '0': CMAKE_PREFIX_PATH=${CMAKE_PREFIX_PATH}:/opt/ros/jazzy /usr/bin/cmake /home/mg/linebot_ws/src/diffdrive_arduino -DAMENT_CMAKE_SYMLINK_INSTALL=1 -DCMAKE_INSTALL_PREFIX=/home/mg/linebot_ws/install/diffdrive_arduino
[8.969s] DEBUG:colcon.colcon_core.event_handler.log_command:Invoking command in '/home/mg/linebot_ws/build/diffdrive_arduino': CMAKE_PREFIX_PATH=${CMAKE_PREFIX_PATH}:/opt/ros/jazzy /usr/bin/cmake --build /home/mg/linebot_ws/build/diffdrive_arduino -- -j16 -l16
[9.777s] DEBUG:colcon.colcon_core.event_handler.log_command:Invoked command in '/home/mg/linebot_ws/build/serial' returned '0': CMAKE_PREFIX_PATH=${CMAKE_PREFIX_PATH}:/opt/ros/jazzy /usr/bin/cmake /home/mg/linebot_ws/src/serial -DAMENT_CMAKE_SYMLINK_INSTALL=1 -DCMAKE_INSTALL_PREFIX=/home/mg/linebot_ws/install/serial
[9.779s] DEBUG:colcon.colcon_core.event_handler.log_command:Invoking command in '/home/mg/linebot_ws/build/serial': CMAKE_PREFIX_PATH=${CMAKE_PREFIX_PATH}:/opt/ros/jazzy /usr/bin/cmake --build /home/mg/linebot_ws/build/serial -- -j16 -l16
[12.107s] DEBUG:colcon.colcon_core.event_handler.log_command:Invoked command in '/home/mg/linebot_ws/build/linebot' returned '0': CMAKE_PREFIX_PATH=${CMAKE_PREFIX_PATH}:/opt/ros/jazzy /usr/bin/cmake /home/mg/linebot_ws/src/linebot -DAMENT_CMAKE_SYMLINK_INSTALL=1 -DCMAKE_INSTALL_PREFIX=/home/mg/linebot_ws/install/linebot
[12.110s] DEBUG:colcon.colcon_core.event_handler.log_command:Invoking command in '/home/mg/linebot_ws/build/linebot': CMAKE_PREFIX_PATH=${CMAKE_PREFIX_PATH}:/opt/ros/jazzy /usr/bin/cmake --build /home/mg/linebot_ws/build/linebot -- -j16 -l16
[12.932s] DEBUG:colcon.colcon_core.event_handler.log_command:Invoked command in '/home/mg/linebot_ws/build/sllidar_ros2' returned '0': CMAKE_PREFIX_PATH=${CMAKE_PREFIX_PATH}:/opt/ros/jazzy /usr/bin/cmake /home/mg/linebot_ws/src/sllidar_ros2 -DAMENT_CMAKE_SYMLINK_INSTALL=1 -DCMAKE_INSTALL_PREFIX=/home/mg/linebot_ws/install/sllidar_ros2
[12.935s] DEBUG:colcon.colcon_core.event_handler.log_command:Invoking command in '/home/mg/linebot_ws/build/sllidar_ros2': CMAKE_PREFIX_PATH=${CMAKE_PREFIX_PATH}:/opt/ros/jazzy /usr/bin/cmake --build /home/mg/linebot_ws/build/sllidar_ros2 -- -j16 -l16
[20.784s] DEBUG:colcon.colcon_core.event_handler.log_command:Invoked command in '/home/mg/linebot_ws/build/camera_ros' returned '1': CMAKE_PREFIX_PATH=${CMAKE_PREFIX_PATH}:/opt/ros/jazzy /usr/bin/cmake /home/mg/linebot_ws/src/camera_ros -DAMENT_CMAKE_SYMLINK_INSTALL=1 -DCMAKE_INSTALL_PREFIX=/home/mg/linebot_ws/install/camera_ros
[20.817s] Level 1:colcon.colcon_core.environment:create_environment_scripts_only(camera_ros)
[20.818s] Level 1:colcon.colcon_core.environment:checking '/home/mg/linebot_ws/install/camera_ros' for CMake module files
[20.818s] Level 1:colcon.colcon_core.environment:checking '/home/mg/linebot_ws/install/camera_ros' for CMake config files
[20.819s] Level 1:colcon.colcon_core.environment:checking '/home/mg/linebot_ws/install/camera_ros/bin'
[20.819s] Level 1:colcon.colcon_core.environment:checking '/home/mg/linebot_ws/install/camera_ros/lib/pkgconfig/camera_ros.pc'
[20.819s] Level 1:colcon.colcon_core.environment:checking '/home/mg/linebot_ws/install/camera_ros/lib/python3.12/site-packages'
[20.819s] Level 1:colcon.colcon_core.environment:checking '/home/mg/linebot_ws/install/camera_ros/bin'
[20.820s] INFO:colcon.colcon_core.shell:Creating package script '/home/mg/linebot_ws/install/camera_ros/share/camera_ros/package.ps1'
[20.823s] INFO:colcon.colcon_core.shell:Creating package descriptor '/home/mg/linebot_ws/install/camera_ros/share/camera_ros/package.dsv'
[20.824s] INFO:colcon.colcon_core.shell:Creating package script '/home/mg/linebot_ws/install/camera_ros/share/camera_ros/package.sh'
[20.824s] INFO:colcon.colcon_core.shell:Creating package script '/home/mg/linebot_ws/install/camera_ros/share/camera_ros/package.bash'
[20.825s] INFO:colcon.colcon_core.shell:Creating package script '/home/mg/linebot_ws/install/camera_ros/share/camera_ros/package.zsh'
[20.825s] Level 1:colcon.colcon_core.environment:create_file_with_runtime_dependencies(/home/mg/linebot_ws/install/camera_ros/share/colcon-core/packages/camera_ros)
[29.618s] DEBUG:colcon.colcon_parallel_executor.executor.parallel:closing loop
[29.619s] DEBUG:colcon.colcon_parallel_executor.executor.parallel:loop closed
[29.619s] DEBUG:colcon.colcon_parallel_executor.executor.parallel:run_until_complete finished with '1'
[29.619s] DEBUG:colcon.colcon_core.event_reactor:joining thread
[29.644s] INFO:colcon.colcon_core.plugin_system:Skipping extension 'colcon_notification.desktop_notification.terminal_notifier': Not used on non-Darwin systems
[29.644s] INFO:colcon.colcon_core.plugin_system:Skipping extension 'colcon_notification.desktop_notification.win32': Not used on non-Windows systems
[29.644s] INFO:colcon.colcon_notification.desktop_notification:Sending desktop notification using 'notify2'
[29.746s] DEBUG:colcon.colcon_notification.desktop_notification.notify2:Failed to initialize notify2: org.freedesktop.DBus.Error.ServiceUnknown: The name org.freedesktop.Notifications was not provided by any .service files
[29.746s] DEBUG:colcon.colcon_core.event_reactor:joined thread
[29.746s] INFO:colcon.colcon_core.shell:Creating prefix script '/home/mg/linebot_ws/install/local_setup.ps1'
[29.747s] INFO:colcon.colcon_core.shell:Creating prefix util module '/home/mg/linebot_ws/install/_local_setup_util_ps1.py'
[29.749s] INFO:colcon.colcon_core.shell:Creating prefix chain script '/home/mg/linebot_ws/install/setup.ps1'
[29.750s] INFO:colcon.colcon_core.shell:Creating prefix script '/home/mg/linebot_ws/install/local_setup.sh'
[29.751s] INFO:colcon.colcon_core.shell:Creating prefix util module '/home/mg/linebot_ws/install/_local_setup_util_sh.py'
[29.752s] INFO:colcon.colcon_core.shell:Creating prefix chain script '/home/mg/linebot_ws/install/setup.sh'
[29.754s] INFO:colcon.colcon_core.shell:Creating prefix script '/home/mg/linebot_ws/install/local_setup.bash'
[29.755s] INFO:colcon.colcon_core.shell:Creating prefix chain script '/home/mg/linebot_ws/install/setup.bash'
[29.756s] INFO:colcon.colcon_core.shell:Creating prefix script '/home/mg/linebot_ws/install/local_setup.zsh'
[29.757s] INFO:colcon.colcon_core.shell:Creating prefix chain script '/home/mg/linebot_ws/install/setup.zsh'
