[100%] Built target diffdrive_arduino
-- Install configuration: ""
-- Execute custom install script
-- Symlinking: /home/mg/linebot_ws/install/diffdrive_arduino/share/diffdrive_arduino//diffdrive_arduino.xml
-- Symlinking: /home/mg/linebot_ws/install/diffdrive_arduino/include/diffdrive_arduino/diffdrive_arduino/arduino_comms.hpp
-- Symlinking: /home/mg/linebot_ws/install/diffdrive_arduino/include/diffdrive_arduino/diffdrive_arduino/diffbot_system.hpp
-- Symlinking: /home/mg/linebot_ws/install/diffdrive_arduino/include/diffdrive_arduino/diffdrive_arduino/visibility_control.h
-- Symlinking: /home/mg/linebot_ws/install/diffdrive_arduino/include/diffdrive_arduino/diffdrive_arduino/wheel.hpp
-- Symlinking: /home/mg/linebot_ws/install/diffdrive_arduino/share/diffdrive_arduino/launch/view_robot.launch.py
-- Symlinking: /home/mg/linebot_ws/install/diffdrive_arduino/share/diffdrive_arduino/ros2_control/diffbot.ros2_control.xacro
-- Symlinking: /home/mg/linebot_ws/install/diffdrive_arduino/share/diffdrive_arduino/urdf/diffbot.materials.xacro
-- Symlinking: /home/mg/linebot_ws/install/diffdrive_arduino/share/diffdrive_arduino/urdf/diffbot.urdf.xacro
-- Symlinking: /home/mg/linebot_ws/install/diffdrive_arduino/share/diffdrive_arduino/urdf/diffbot_description.urdf.xacro
-- Symlinking: /home/mg/linebot_ws/install/diffdrive_arduino/share/diffdrive_arduino/rviz/diffbot.rviz
-- Symlinking: /home/mg/linebot_ws/install/diffdrive_arduino/share/diffdrive_arduino/rviz/diffbot_view.rviz
-- Symlinking: /home/mg/linebot_ws/install/diffdrive_arduino/share/diffdrive_arduino/launch/diffbot.launch.py
-- Symlinking: /home/mg/linebot_ws/install/diffdrive_arduino/share/diffdrive_arduino/config/diffbot_controllers.yaml
-- Symlinking: /home/mg/linebot_ws/install/diffdrive_arduino/share/diffdrive_arduino/environment/library_path.sh
-- Symlinking: /home/mg/linebot_ws/install/diffdrive_arduino/share/diffdrive_arduino/environment/library_path.dsv
-- Symlinking: /home/mg/linebot_ws/install/diffdrive_arduino/share/ament_index/resource_index/package_run_dependencies/diffdrive_arduino
-- Symlinking: /home/mg/linebot_ws/install/diffdrive_arduino/share/ament_index/resource_index/parent_prefix_path/diffdrive_arduino
-- Symlinking: /home/mg/linebot_ws/install/diffdrive_arduino/share/diffdrive_arduino/environment/ament_prefix_path.sh
-- Symlinking: /home/mg/linebot_ws/install/diffdrive_arduino/share/diffdrive_arduino/environment/ament_prefix_path.dsv
-- Symlinking: /home/mg/linebot_ws/install/diffdrive_arduino/share/diffdrive_arduino/environment/path.sh
-- Symlinking: /home/mg/linebot_ws/install/diffdrive_arduino/share/diffdrive_arduino/environment/path.dsv
-- Symlinking: /home/mg/linebot_ws/install/diffdrive_arduino/share/diffdrive_arduino/local_setup.bash
-- Symlinking: /home/mg/linebot_ws/install/diffdrive_arduino/share/diffdrive_arduino/local_setup.sh
-- Symlinking: /home/mg/linebot_ws/install/diffdrive_arduino/share/diffdrive_arduino/local_setup.zsh
-- Symlinking: /home/mg/linebot_ws/install/diffdrive_arduino/share/diffdrive_arduino/local_setup.dsv
-- Symlinking: /home/mg/linebot_ws/install/diffdrive_arduino/share/diffdrive_arduino/package.dsv
-- Symlinking: /home/mg/linebot_ws/install/diffdrive_arduino/share/ament_index/resource_index/packages/diffdrive_arduino
-- Symlinking: /home/mg/linebot_ws/install/diffdrive_arduino/share/ament_index/resource_index/hardware_interface__pluginlib__plugin/diffdrive_arduino
-- Symlinking: /home/mg/linebot_ws/install/diffdrive_arduino/share/diffdrive_arduino/cmake/ament_cmake_export_targets-extras.cmake
-- Symlinking: /home/mg/linebot_ws/install/diffdrive_arduino/share/diffdrive_arduino/cmake/ament_cmake_export_dependencies-extras.cmake
-- Symlinking: /home/mg/linebot_ws/install/diffdrive_arduino/share/diffdrive_arduino/cmake/diffdrive_arduinoConfig.cmake
-- Symlinking: /home/mg/linebot_ws/install/diffdrive_arduino/share/diffdrive_arduino/cmake/diffdrive_arduinoConfig-version.cmake
-- Symlinking: /home/mg/linebot_ws/install/diffdrive_arduino/share/diffdrive_arduino/package.xml
-- Installing: /home/mg/linebot_ws/install/diffdrive_arduino/lib/libdiffdrive_arduino.so
-- Set non-toolchain portion of runtime path of "/home/mg/linebot_ws/install/diffdrive_arduino/lib/libdiffdrive_arduino.so" to ""
-- Installing: /home/mg/linebot_ws/install/diffdrive_arduino/share/diffdrive_arduino/cmake/export_diffdrive_arduinoExport.cmake
-- Installing: /home/mg/linebot_ws/install/diffdrive_arduino/share/diffdrive_arduino/cmake/export_diffdrive_arduinoExport-noconfig.cmake
