[0.357s] Invoking command in '/home/mg/linebot_ws/build/serial': CMAKE_PREFIX_PATH=${CMAKE_PREFIX_PATH}:/opt/ros/jazzy /usr/bin/cmake --build /home/mg/linebot_ws/build/serial -- -j16 -l16
[0.468s] [ 14%] Built target gtest_main
[0.470s] [ 42%] Built target serial
[0.470s] [ 57%] Built target gtest
[0.517s] [ 85%] Built target serial-test
[0.517s] [ 85%] Built target serial_example
[0.517s] [100%] Built target serial-test-timer
[0.827s] Invoked command in '/home/mg/linebot_ws/build/serial' returned '0': CMAKE_PREFIX_PATH=${CMAKE_PREFIX_PATH}:/opt/ros/jazzy /usr/bin/cmake --build /home/mg/linebot_ws/build/serial -- -j16 -l16
[0.828s] Invoking command in '/home/mg/linebot_ws/build/serial': CMAKE_PREFIX_PATH=${CMAKE_PREFIX_PATH}:/opt/ros/jazzy /usr/bin/cmake --install /home/mg/linebot_ws/build/serial
[0.847s] -- Install configuration: ""
[0.848s] -- Execute custom install script
[0.849s] -- Up-to-date symlink: /home/mg/linebot_ws/install/serial/lib/libserial.a
[0.849s] -- Up-to-date symlink: /home/mg/linebot_ws/install/serial/include/serial/serial.h
[0.849s] -- Up-to-date symlink: /home/mg/linebot_ws/install/serial/include/serial/v8stdint.h
[0.850s] -- Up-to-date symlink: /home/mg/linebot_ws/install/serial/share/serial/environment/library_path.sh
[0.850s] -- Up-to-date symlink: /home/mg/linebot_ws/install/serial/share/serial/environment/library_path.dsv
[0.851s] -- Up-to-date symlink: /home/mg/linebot_ws/install/serial/share/ament_index/resource_index/package_run_dependencies/serial
[0.852s] -- Up-to-date symlink: /home/mg/linebot_ws/install/serial/share/ament_index/resource_index/parent_prefix_path/serial
[0.852s] -- Up-to-date symlink: /home/mg/linebot_ws/install/serial/share/serial/environment/ament_prefix_path.sh
[0.853s] -- Up-to-date symlink: /home/mg/linebot_ws/install/serial/share/serial/environment/ament_prefix_path.dsv
[0.853s] -- Up-to-date symlink: /home/mg/linebot_ws/install/serial/share/serial/environment/path.sh
[0.854s] -- Up-to-date symlink: /home/mg/linebot_ws/install/serial/share/serial/environment/path.dsv
[0.854s] -- Up-to-date symlink: /home/mg/linebot_ws/install/serial/share/serial/local_setup.bash
[0.854s] -- Up-to-date symlink: /home/mg/linebot_ws/install/serial/share/serial/local_setup.sh
[0.855s] -- Up-to-date symlink: /home/mg/linebot_ws/install/serial/share/serial/local_setup.zsh
[0.855s] -- Up-to-date symlink: /home/mg/linebot_ws/install/serial/share/serial/local_setup.dsv
[0.855s] -- Symlinking: /home/mg/linebot_ws/install/serial/share/serial/package.dsv
[0.881s] -- Up-to-date symlink: /home/mg/linebot_ws/install/serial/share/ament_index/resource_index/packages/serial
[0.881s] -- Up-to-date symlink: /home/mg/linebot_ws/install/serial/share/serial/cmake/ament_cmake_export_include_directories-extras.cmake
[0.882s] -- Up-to-date symlink: /home/mg/linebot_ws/install/serial/share/serial/cmake/ament_cmake_export_libraries-extras.cmake
[0.882s] -- Up-to-date symlink: /home/mg/linebot_ws/install/serial/share/serial/cmake/serialConfig.cmake
[0.882s] -- Up-to-date symlink: /home/mg/linebot_ws/install/serial/share/serial/cmake/serialConfig-version.cmake
[0.882s] -- Up-to-date symlink: /home/mg/linebot_ws/install/serial/share/serial/package.xml
[0.886s] Invoked command in '/home/mg/linebot_ws/build/serial' returned '0': CMAKE_PREFIX_PATH=${CMAKE_PREFIX_PATH}:/opt/ros/jazzy /usr/bin/cmake --install /home/mg/linebot_ws/build/serial
