[0.084s] Invoking command in '/home/mg/linebot_ws/build/linebot': CMAKE_PREFIX_PATH=${CMAKE_PREFIX_PATH}:/opt/ros/jazzy /usr/bin/cmake /home/mg/linebot_ws/src/linebot -DAMENT_CMAKE_SYMLINK_INSTALL=1 -DCMAKE_INSTALL_PREFIX=/home/mg/linebot_ws/install/linebot
[0.804s] -- The C compiler identification is GNU 13.3.0
[3.258s] -- The CXX compiler identification is GNU 13.3.0
[6.083s] -- Detecting C compiler ABI info
[7.538s] -- Detecting C compiler ABI info - done
[7.549s] -- Check for working C compiler: /usr/bin/cc - skipped
[7.549s] -- Detecting C compile features
[7.550s] -- Detecting C compile features - done
[8.237s] -- Detecting CXX compiler ABI info
[9.589s] -- Detecting CXX compiler ABI info - done
[9.601s] -- Check for working CXX compiler: /usr/bin/c++ - skipped
[9.601s] -- Detecting CXX compile features
[9.602s] -- Detecting CXX compile features - done
[9.610s] -- Found ament_cmake: 2.5.4 (/opt/ros/jazzy/share/ament_cmake/cmake)
[9.876s] -- Found Python3: /usr/bin/python3 (found version "3.12.3") found components: Interpreter 
[9.991s] -- Override CMake install command with custom implementation using symlinks instead of copying resources
[10.097s] -- Found rclcpp: 28.1.13 (/opt/ros/jazzy/share/rclcpp/cmake)
[10.804s] -- Found rosidl_generator_c: 4.6.6 (/opt/ros/jazzy/share/rosidl_generator_c/cmake)
[10.837s] -- Found rosidl_generator_cpp: 4.6.6 (/opt/ros/jazzy/share/rosidl_generator_cpp/cmake)
[10.874s] -- Using all available rosidl_typesupport_c: rosidl_typesupport_fastrtps_c;rosidl_typesupport_introspection_c
[10.912s] -- Using all available rosidl_typesupport_cpp: rosidl_typesupport_fastrtps_cpp;rosidl_typesupport_introspection_cpp
[11.064s] -- Found rmw_implementation_cmake: 7.3.2 (/opt/ros/jazzy/share/rmw_implementation_cmake/cmake)
[11.074s] -- Found rmw_fastrtps_cpp: 8.4.3 (/opt/ros/jazzy/share/rmw_fastrtps_cpp/cmake)
[11.276s] -- Found OpenSSL: /usr/lib/x86_64-linux-gnu/libcrypto.so (found version "3.0.13")  
[12.109s] -- Found FastRTPS: /opt/ros/jazzy/include (Required is at least version "2.13") 
[12.578s] -- Using RMW implementation 'rmw_fastrtps_cpp' as default
[13.381s] -- Found geometry_msgs: 5.3.6 (/opt/ros/jazzy/share/geometry_msgs/cmake)
[13.468s] -- Found ament_lint_auto: 0.17.3 (/opt/ros/jazzy/share/ament_lint_auto/cmake)
[13.711s] -- Added test 'copyright' to check source files copyright and LICENSE
[13.728s] -- Added test 'cppcheck' to perform static code analysis on C / C++ code
[13.729s] -- Configured cppcheck include dirs: 
[13.729s] -- Configured cppcheck exclude dirs and/or files: 
[13.744s] -- Added test 'cpplint' to check C / C++ code against the Google style
[13.744s] -- Configured cpplint exclude dirs and/or files: 
[13.749s] -- Added test 'flake8' to check Python code syntax and style conventions
[13.750s] -- Configured 'flake8' exclude dirs and/or files: 
[13.756s] -- Added test 'lint_cmake' to check CMake code style
[13.762s] -- Added test 'pep257' to check Python code against some of the docstring style conventions in PEP 257
[13.777s] -- Added test 'uncrustify' to check C / C++ code style
[13.777s] -- Configured uncrustify additional arguments: 
[13.785s] -- Added test 'xmllint' to check XML markup files
[13.794s] -- Configuring done (13.7s)
[13.833s] -- Generating done (0.0s)
[13.847s] -- Build files have been written to: /home/mg/linebot_ws/build/linebot
[13.876s] Invoked command in '/home/mg/linebot_ws/build/linebot' returned '0': CMAKE_PREFIX_PATH=${CMAKE_PREFIX_PATH}:/opt/ros/jazzy /usr/bin/cmake /home/mg/linebot_ws/src/linebot -DAMENT_CMAKE_SYMLINK_INSTALL=1 -DCMAKE_INSTALL_PREFIX=/home/mg/linebot_ws/install/linebot
[13.879s] Invoking command in '/home/mg/linebot_ws/build/linebot': CMAKE_PREFIX_PATH=${CMAKE_PREFIX_PATH}:/opt/ros/jazzy /usr/bin/cmake --build /home/mg/linebot_ws/build/linebot -- -j16 -l16
[14.015s] [ 50%] [32mBuilding CXX object CMakeFiles/velocity_publisher.dir/demo_publisher_node/velocity_publisher.cpp.o[0m
[25.365s] [100%] [32m[1mLinking CXX executable velocity_publisher[0m
[26.456s] [100%] Built target velocity_publisher
